Component: Arm Compiler for Embedded 6.19 Tool: armlink [5e73cb00]

==============================================================================

Section Cross References

    exti_program.o(.text.EXTI_vInit) refers to exti_program.o(.data.EXTI_Configurations) for EXTI_Configurations
    exti_program.o(.text.EXTI_vInit) refers to afio_program.o(.text.MCAL_AFIO_SetEXTIConfiguration) for MCAL_AFIO_SetEXTIConfiguration
    exti_program.o(.ARM.exidx.text.EXTI_vInit) refers to exti_program.o(.text.EXTI_vInit) for [Anonymous Symbol]
    exti_program.o(.text.EXTI_InitForGPIO) refers to afio_program.o(.text.MCAL_AFIO_SetEXTIConfiguration) for MCAL_AFIO_SetEXTIConfiguration
    exti_program.o(.ARM.exidx.text.EXTI_InitForGPIO) refers to exti_program.o(.text.EXTI_InitForGPIO) for [Anonymous Symbol]
    exti_program.o(.ARM.exidx.text.EXTI_EnableLine) refers to exti_program.o(.text.EXTI_EnableLine) for [Anonymous Symbol]
    exti_program.o(.ARM.exidx.text.EXTI_DisableLine) refers to exti_program.o(.text.EXTI_DisableLine) for [Anonymous Symbol]
    exti_program.o(.ARM.exidx.text.EXTI_SetTrigger) refers to exti_program.o(.text.EXTI_SetTrigger) for [Anonymous Symbol]
    exti_program.o(.ARM.exidx.text.EXTI_CLR_PendingFLag) refers to exti_program.o(.text.EXTI_CLR_PendingFLag) for [Anonymous Symbol]
    gpio_program.o(.ARM.exidx.text.MCAL_GPIO_SetPinMode) refers to gpio_program.o(.text.MCAL_GPIO_SetPinMode) for [Anonymous Symbol]
    gpio_program.o(.ARM.exidx.text.MCAL_GPIO_SetPinValue) refers to gpio_program.o(.text.MCAL_GPIO_SetPinValue) for [Anonymous Symbol]
    gpio_program.o(.ARM.exidx.text.MCAL_GPIO_GetPinValue) refers to gpio_program.o(.text.MCAL_GPIO_GetPinValue) for [Anonymous Symbol]
    gpio_program.o(.text.MCAL_GPIO_TogglePin) refers to gpio_program.o(.text.MCAL_GPIO_GetPinValue) for MCAL_GPIO_GetPinValue
    gpio_program.o(.text.MCAL_GPIO_TogglePin) refers to gpio_program.o(.text.MCAL_GPIO_SetPinValue) for MCAL_GPIO_SetPinValue
    gpio_program.o(.ARM.exidx.text.MCAL_GPIO_TogglePin) refers to gpio_program.o(.text.MCAL_GPIO_TogglePin) for [Anonymous Symbol]
    nvic_program.o(.ARM.exidx.text.MCAL_NVIC_EnableIRQ) refers to nvic_program.o(.text.MCAL_NVIC_EnableIRQ) for [Anonymous Symbol]
    nvic_program.o(.ARM.exidx.text.MCAL_NVIC_DisableIRQ) refers to nvic_program.o(.text.MCAL_NVIC_DisableIRQ) for [Anonymous Symbol]
    nvic_program.o(.ARM.exidx.text.MCAL_NVIC_SetPendingIRQ) refers to nvic_program.o(.text.MCAL_NVIC_SetPendingIRQ) for [Anonymous Symbol]
    nvic_program.o(.ARM.exidx.text.MCAL_NVIC_ClearPendingIRQ) refers to nvic_program.o(.text.MCAL_NVIC_ClearPendingIRQ) for [Anonymous Symbol]
    nvic_program.o(.ARM.exidx.text.MCAL_NVIC_GetPendingIRQ) refers to nvic_program.o(.text.MCAL_NVIC_GetPendingIRQ) for [Anonymous Symbol]
    nvic_program.o(.text.MCAL_NVIC_xSetPriority) refers to scb_program.o(.text.SCB_SetPriorityGrouping) for SCB_SetPriorityGrouping
    nvic_program.o(.ARM.exidx.text.MCAL_NVIC_xSetPriority) refers to nvic_program.o(.text.MCAL_NVIC_xSetPriority) for [Anonymous Symbol]
    nvic_program.o(.text.MCAL_NVIC_vSetPriority) refers to scb_program.o(.text.SCB_SetPriorityGrouping) for SCB_SetPriorityGrouping
    nvic_program.o(.ARM.exidx.text.MCAL_NVIC_vSetPriority) refers to nvic_program.o(.text.MCAL_NVIC_vSetPriority) for [Anonymous Symbol]
    nvic_program.o(.ARM.exidx.text.MCAL_NVIC_xGetPriority) refers to nvic_program.o(.text.MCAL_NVIC_xGetPriority) for [Anonymous Symbol]
    rcc_program.o(.ARM.exidx.text.MCAL_RCC_InitSysClock) refers to rcc_program.o(.text.MCAL_RCC_InitSysClock) for [Anonymous Symbol]
    rcc_program.o(.ARM.exidx.text.MCAL_RCC_EnablePeripheral) refers to rcc_program.o(.text.MCAL_RCC_EnablePeripheral) for [Anonymous Symbol]
    rcc_program.o(.ARM.exidx.text.MCAL_RCC_DisablePeripheral) refers to rcc_program.o(.text.MCAL_RCC_DisablePeripheral) for [Anonymous Symbol]
    scb_program.o(.ARM.exidx.text.SCB_SetPriorityGrouping) refers to scb_program.o(.text.SCB_SetPriorityGrouping) for [Anonymous Symbol]
    scb_program.o(.ARM.exidx.text.DisableGlobalInterrupts) refers to scb_program.o(.text.DisableGlobalInterrupts) for [Anonymous Symbol]
    scb_program.o(.ARM.exidx.text.EnableGlobalInterrupts) refers to scb_program.o(.text.EnableGlobalInterrupts) for [Anonymous Symbol]
    scb_program.o(.ARM.exidx.text.SCB_EnableMemFault) refers to scb_program.o(.text.SCB_EnableMemFault) for [Anonymous Symbol]
    scb_program.o(.ARM.exidx.text.SCB_EnableBusFault) refers to scb_program.o(.text.SCB_EnableBusFault) for [Anonymous Symbol]
    scb_program.o(.ARM.exidx.text.SCB_EnableUsageFault) refers to scb_program.o(.text.SCB_EnableUsageFault) for [Anonymous Symbol]
    scb_program.o(.ARM.exidx.text.SCB_ClearMemFault) refers to scb_program.o(.text.SCB_ClearMemFault) for [Anonymous Symbol]
    scb_program.o(.ARM.exidx.text.SCB_ClearBusFault) refers to scb_program.o(.text.SCB_ClearBusFault) for [Anonymous Symbol]
[...]
    dma_stm32f10x.o(.ARM.exidx.text.DMA1_Channel3_Event) refers to dma_stm32f10x.o(.text.DMA1_Channel3_Event) for [Anonymous Symbol]
    dma_stm32f10x.o(.ARM.exidx.text.DMA1_Channel4_Event) refers to dma_stm32f10x.o(.text.DMA1_Channel4_Event) for [Anonymous Symbol]
    dma_stm32f10x.o(.ARM.exidx.text.DMA1_Channel5_Event) refers to dma_stm32f10x.o(.text.DMA1_Channel5_Event) for [Anonymous Symbol]
    dma_stm32f10x.o(.ARM.exidx.text.DMA1_Channel6_Event) refers to dma_stm32f10x.o(.text.DMA1_Channel6_Event) for [Anonymous Symbol]
    dma_stm32f10x.o(.ARM.exidx.text.DMA1_Channel7_Event) refers to dma_stm32f10x.o(.text.DMA1_Channel7_Event) for [Anonymous Symbol]
    dma_stm32f10x.o(.text.DMA1_Channel1_IRQHandler) refers to dma_stm32f10x.o(.text.DMA1_Channel1_Event) for DMA1_Channel1_Event
    dma_stm32f10x.o(.ARM.exidx.text.DMA1_Channel1_IRQHandler) refers to dma_stm32f10x.o(.text.DMA1_Channel1_IRQHandler) for [Anonymous Symbol]
    dma_stm32f10x.o(.text.DMA1_Channel2_IRQHandler) refers to dma_stm32f10x.o(.text.DMA1_Channel2_Event) for DMA1_Channel2_Event
    dma_stm32f10x.o(.ARM.exidx.text.DMA1_Channel2_IRQHandler) refers to dma_stm32f10x.o(.text.DMA1_Channel2_IRQHandler) for [Anonymous Symbol]
    dma_stm32f10x.o(.text.DMA1_Channel3_IRQHandler) refers to dma_stm32f10x.o(.text.DMA1_Channel3_Event) for DMA1_Channel3_Event
    dma_stm32f10x.o(.ARM.exidx.text.DMA1_Channel3_IRQHandler) refers to dma_stm32f10x.o(.text.DMA1_Channel3_IRQHandler) for [Anonymous Symbol]
    dma_stm32f10x.o(.text.DMA1_Channel4_IRQHandler) refers to dma_stm32f10x.o(.text.DMA1_Channel4_Event) for DMA1_Channel4_Event
    dma_stm32f10x.o(.ARM.exidx.text.DMA1_Channel4_IRQHandler) refers to dma_stm32f10x.o(.text.DMA1_Channel4_IRQHandler) for [Anonymous Symbol]
    dma_stm32f10x.o(.text.DMA1_Channel5_IRQHandler) refers to dma_stm32f10x.o(.text.DMA1_Channel5_Event) for DMA1_Channel5_Event
    dma_stm32f10x.o(.ARM.exidx.text.DMA1_Channel5_IRQHandler) refers to dma_stm32f10x.o(.text.DMA1_Channel5_IRQHandler) for [Anonymous Symbol]
    dma_stm32f10x.o(.text.DMA1_Channel6_IRQHandler) refers to dma_stm32f10x.o(.text.DMA1_Channel6_Event) for DMA1_Channel6_Event
    dma_stm32f10x.o(.ARM.exidx.text.DMA1_Channel6_IRQHandler) refers to dma_stm32f10x.o(.text.DMA1_Channel6_IRQHandler) for [Anonymous Symbol]
    dma_stm32f10x.o(.text.DMA1_Channel7_IRQHandler) refers to dma_stm32f10x.o(.text.DMA1_Channel7_Event) for DMA1_Channel7_Event
    dma_stm32f10x.o(.ARM.exidx.text.DMA1_Channel7_IRQHandler) refers to dma_stm32f10x.o(.text.DMA1_Channel7_IRQHandler) for [Anonymous Symbol]
    gpio_stm32f10x.o(.ARM.exidx.text.GPIO_PortClock) refers to gpio_stm32f10x.o(.text.GPIO_PortClock) for [Anonymous Symbol]
    gpio_stm32f10x.o(.ARM.exidx.text.GPIO_GetPortClockState) refers to gpio_stm32f10x.o(.text.GPIO_GetPortClockState) for [Anonymous Symbol]
    gpio_stm32f10x.o(.text.GPIO_PinConfigure) refers to gpio_stm32f10x.o(.text.GPIO_GetPortClockState) for GPIO_GetPortClockState
    gpio_stm32f10x.o(.text.GPIO_PinConfigure) refers to gpio_stm32f10x.o(.text.GPIO_PortClock) for GPIO_PortClock
    gpio_stm32f10x.o(.ARM.exidx.text.GPIO_PinConfigure) refers to gpio_stm32f10x.o(.text.GPIO_PinConfigure) for [Anonymous Symbol]
    gpio_stm32f10x.o(.ARM.exidx.text.GPIO_AFConfigure) refers to gpio_stm32f10x.o(.text.GPIO_AFConfigure) for [Anonymous Symbol]
    startup_stm32f10x_md.o(STACK) refers (Special) to heapauxi.o(.text) for __use_two_region_memory
    startup_stm32f10x_md.o(HEAP) refers (Special) to heapauxi.o(.text) for __use_two_region_memory
    startup_stm32f10x_md.o(RESET) refers (Special) to heapauxi.o(.text) for __use_two_region_memory
    startup_stm32f10x_md.o(RESET) refers to startup_stm32f10x_md.o(STACK) for __initial_sp
    startup_stm32f10x_md.o(RESET) refers to startup_stm32f10x_md.o(.text) for Reset_Handler
    startup_stm32f10x_md.o(RESET) refers to stk_program.o(.text.SysTick_Handler) for SysTick_Handler
    startup_stm32f10x_md.o(RESET) refers to main.o(.text.EXTI4_IRQHandler) for EXTI4_IRQHandler
    startup_stm32f10x_md.o(RESET) refers to dma_stm32f10x.o(.text.DMA1_Channel1_IRQHandler) for DMA1_Channel1_IRQHandler
    startup_stm32f10x_md.o(RESET) refers to dma_stm32f10x.o(.text.DMA1_Channel2_IRQHandler) for DMA1_Channel2_IRQHandler
    startup_stm32f10x_md.o(RESET) refers to dma_stm32f10x.o(.text.DMA1_Channel3_IRQHandler) for DMA1_Channel3_IRQHandler
    startup_stm32f10x_md.o(RESET) refers to dma_stm32f10x.o(.text.DMA1_Channel4_IRQHandler) for DMA1_Channel4_IRQHandler
    startup_stm32f10x_md.o(RESET) refers to dma_stm32f10x.o(.text.DMA1_Channel5_IRQHandler) for DMA1_Channel5_IRQHandler
    startup_stm32f10x_md.o(RESET) refers to dma_stm32f10x.o(.text.DMA1_Channel6_IRQHandler) for DMA1_Channel6_IRQHandler
    startup_stm32f10x_md.o(RESET) refers to dma_stm32f10x.o(.text.DMA1_Channel7_IRQHandler) for DMA1_Channel7_IRQHandler
    startup_stm32f10x_md.o(.text) refers (Special) to heapauxi.o(.text) for __use_two_region_memory
    startup_stm32f10x_md.o(.text) refers to system_stm32f10x.o(.text.SystemInit) for SystemInit
    startup_stm32f10x_md.o(.text) refers to __main.o(!!!main) for __main
    startup_stm32f10x_md.o(.text) refers to startup_stm32f10x_md.o(HEAP) for Heap_Mem
    startup_stm32f10x_md.o(.text) refers to startup_stm32f10x_md.o(STACK) for Stack_Mem
    system_stm32f10x.o(.text.SystemInit) refers to system_stm32f10x.o(.text.SetSysClock) for SetSysClock
    system_stm32f10x.o(.ARM.exidx.text.SystemInit) refers to system_stm32f10x.o(.text.SystemInit) for [Anonymous Symbol]
    system_stm32f10x.o(.text.SetSysClock) refers to system_stm32f10x.o(.text.SetSysClockTo72) for SetSysClockTo72
    system_stm32f10x.o(.ARM.exidx.text.SetSysClock) refers to system_stm32f10x.o(.text.SetSysClock) for [Anonymous Symbol]
    system_stm32f10x.o(.text.SystemCoreClockUpdate) refers to system_stm32f10x.o(.data.SystemCoreClock) for SystemCoreClock
    system_stm32f10x.o(.text.SystemCoreClockUpdate) refers to system_stm32f10x.o(.rodata.AHBPrescTable) for AHBPrescTable
    system_stm32f10x.o(.ARM.exidx.text.SystemCoreClockUpdate) refers to system_stm32f10x.o(.text.SystemCoreClockUpdate) for [Anonymous Symbol]
    system_stm32f10x.o(.ARM.exidx.text.SetSysClockTo72) refers to system_stm32f10x.o(.text.SetSysClockTo72) for [Anonymous Symbol]
    rt_memcpy_v6.o(.text) refers to rt_memcpy_w.o(.text) for __aeabi_memcpy4
    __main.o(!!!main) refers to __rtentry.o(.ARM.Collect$$rtentry$$00000000) for __rt_entry
    ddiv.o(x$fpl$drdiv) refers (Special) to usenofp.o(x$fpl$usenofp) for __I$use$fp
    ddiv.o(x$fpl$drdiv) refers to ddiv.o(x$fpl$ddiv) for ddiv_entry
    ddiv.o(x$fpl$ddiv) refers (Special) to usenofp.o(x$fpl$usenofp) for __I$use$fp
    ddiv.o(x$fpl$ddiv) refers to dretinf.o(x$fpl$dretinf) for __fpl_dretinf
    ddiv.o(x$fpl$ddiv) refers to dnaninf.o(x$fpl$dnaninf) for __fpl_dnaninf
    dfixu.o(x$fpl$dfixu) refers (Special) to usenofp.o(x$fpl$usenofp) for __I$use$fp
    dfixu.o(x$fpl$dfixu) refers to dnaninf.o(x$fpl$dnaninf) for __fpl_dnaninf
    dfixu.o(x$fpl$dfixur) refers (Special) to usenofp.o(x$fpl$usenofp) for __I$use$fp
    dfixu.o(x$fpl$dfixur) refers to dnaninf.o(x$fpl$dnaninf) for __fpl_dnaninf
    f2d.o(x$fpl$f2d) refers (Special) to usenofp.o(x$fpl$usenofp) for __I$use$fp
    f2d.o(x$fpl$f2d) refers to fnaninf.o(x$fpl$fnaninf) for __fpl_fnaninf
    f2d.o(x$fpl$f2d) refers to dretinf.o(x$fpl$dretinf) for __fpl_dretinf
    fmul.o(x$fpl$fmul) refers (Special) to usenofp.o(x$fpl$usenofp) for __I$use$fp
    fmul.o(x$fpl$fmul) refers to fretinf.o(x$fpl$fretinf) for __fpl_fretinf
    fmul.o(x$fpl$fmul) refers to fnaninf.o(x$fpl$fnaninf) for __fpl_fnaninf
    __rtentry.o(.ARM.Collect$$rtentry$$00000000) refers (Special) to __rtentry2.o(.ARM.Collect$$rtentry$$0000000A) for __rt_entry_li
    __rtentry.o(.ARM.Collect$$rtentry$$00000000) refers (Special) to __rtentry2.o(.ARM.Collect$$rtentry$$0000000D) for __rt_entry_main
    __rtentry.o(.ARM.Collect$$rtentry$$00000000) refers (Special) to __rtentry2.o(.ARM.Collect$$rtentry$$0000000C) for __rt_entry_postli_1
    __rtentry.o(.ARM.Collect$$rtentry$$00000000) refers (Special) to __rtentry2.o(.ARM.Collect$$rtentry$$00000009) for __rt_entry_postsh_1
    __rtentry.o(.ARM.Collect$$rtentry$$00000000) refers (Special) to __rtentry2.o(.ARM.Collect$$rtentry$$00000002) for __rt_entry_presh_1
    __rtentry.o(.ARM.Collect$$rtentry$$00000000) refers (Special) to __rtentry4.o(.ARM.Collect$$rtentry$$00000004) for __rt_entry_sh
    dnaninf.o(x$fpl$dnaninf) refers (Special) to usenofp.o(x$fpl$usenofp) for __I$use$fp
    dretinf.o(x$fpl$dretinf) refers (Special) to usenofp.o(x$fpl$usenofp) for __I$use$fp
    fnaninf.o(x$fpl$fnaninf) refers (Special) to usenofp.o(x$fpl$usenofp) for __I$use$fp
    fretinf.o(x$fpl$fretinf) refers (Special) to usenofp.o(x$fpl$usenofp) for __I$use$fp
    __rtentry2.o(.ARM.Collect$$rtentry$$00000008) refers to boardinit2.o(.text) for _platform_post_stackheap_init
    __rtentry2.o(.ARM.Collect$$rtentry$$0000000A) refers to libinit.o(.ARM.Collect$$libinit$$00000000) for __rt_lib_init
    __rtentry2.o(.ARM.Collect$$rtentry$$0000000B) refers to boardinit3.o(.text) for _platform_post_lib_init
    __rtentry2.o(.ARM.Collect$$rtentry$$0000000D) refers to main.o(.text.main) for main
    __rtentry2.o(.ARM.Collect$$rtentry$$0000000D) refers to exit.o(.text) for exit
    __rtentry2.o(.ARM.exidx) refers to __rtentry2.o(.ARM.Collect$$rtentry$$00000001) for .ARM.Collect$$rtentry$$00000001
    __rtentry2.o(.ARM.exidx) refers to __rtentry2.o(.ARM.Collect$$rtentry$$00000008) for .ARM.Collect$$rtentry$$00000008
    __rtentry2.o(.ARM.exidx) refers to __rtentry2.o(.ARM.Collect$$rtentry$$0000000A) for .ARM.Collect$$rtentry$$0000000A
    __rtentry2.o(.ARM.exidx) refers to __rtentry2.o(.ARM.Collect$$rtentry$$0000000B) for .ARM.Collect$$rtentry$$0000000B
    __rtentry2.o(.ARM.exidx) refers to __rtentry2.o(.ARM.Collect$$rtentry$$0000000D) for .ARM.Collect$$rtentry$$0000000D
    __rtentry4.o(.ARM.Collect$$rtentry$$00000004) refers to sys_stackheap_outer.o(.text) for __user_setup_stackheap
    __rtentry4.o(.ARM.exidx) refers to __rtentry4.o(.ARM.Collect$$rtentry$$00000004) for .ARM.Collect$$rtentry$$00000004
    sys_stackheap_outer.o(.text) refers to libspace.o(.text) for __user_perproc_libspace
    sys_stackheap_outer.o(.text) refers to startup_stm32f10x_md.o(.text) for __user_initial_stackheap
    exit.o(.text) refers to rtexit.o(.ARM.Collect$$rtexit$$00000000) for __rt_exit
    libinit.o(.ARM.Collect$$libinit$$00000000) refers (Special) to libinit2.o(.ARM.Collect$$libinit$$00000030) for __rt_lib_init_alloca_1
    libinit.o(.ARM.Collect$$libinit$$00000000) refers (Special) to libinit2.o(.ARM.Collect$$libinit$$0000002E) for __rt_lib_init_argv_1
    libinit.o(.ARM.Collect$$libinit$$00000000) refers (Special) to libinit2.o(.ARM.Collect$$libinit$$0000001D) for __rt_lib_init_atexit_1
    libinit.o(.ARM.Collect$$libinit$$00000000) refers (Special) to libinit2.o(.ARM.Collect$$libinit$$00000023) for __rt_lib_init_clock_1
    libinit.o(.ARM.Collect$$libinit$$00000000) refers (Special) to libinit2.o(.ARM.Collect$$libinit$$00000034) for __rt_lib_init_cpp_1
    libinit.o(.ARM.Collect$$libinit$$00000000) refers (Special) to libinit2.o(.ARM.Collect$$libinit$$00000032) for __rt_lib_init_exceptions_1
    libinit.o(.ARM.Collect$$libinit$$00000000) refers (Special) to libinit2.o(.ARM.Collect$$libinit$$00000002) for __rt_lib_init_fp_1
    libinit.o(.ARM.Collect$$libinit$$00000000) refers (Special) to libinit2.o(.ARM.Collect$$libinit$$00000021) for __rt_lib_init_fp_trap_1
    libinit.o(.ARM.Collect$$libinit$$00000000) refers (Special) to libinit2.o(.ARM.Collect$$libinit$$00000025) for __rt_lib_init_getenv_1
    libinit.o(.ARM.Collect$$libinit$$00000000) refers (Special) to libinit2.o(.ARM.Collect$$libinit$$0000000C) for __rt_lib_init_heap_1
    libinit.o(.ARM.Collect$$libinit$$00000000) refers (Special) to libinit2.o(.ARM.Collect$$libinit$$00000013) for __rt_lib_init_lc_collate_1
    libinit.o(.ARM.Collect$$libinit$$00000000) refers (Special) to libinit2.o(.ARM.Collect$$libinit$$00000015) for __rt_lib_init_lc_ctype_1
    libinit.o(.ARM.Collect$$libinit$$00000000) refers (Special) to libinit2.o(.ARM.Collect$$libinit$$00000017) for __rt_lib_init_lc_monetary_1
    libinit.o(.ARM.Collect$$libinit$$00000000) refers (Special) to libinit2.o(.ARM.Collect$$libinit$$00000019) for __rt_lib_init_lc_numeric_1
    libinit.o(.ARM.Collect$$libinit$$00000000) refers (Special) to libinit2.o(.ARM.Collect$$libinit$$0000001B) for __rt_lib_init_lc_time_1
    libinit.o(.ARM.Collect$$libinit$$00000000) refers (Special) to libinit2.o(.ARM.Collect$$libinit$$00000006) for __rt_lib_init_preinit_1
    libinit.o(.ARM.Collect$$libinit$$00000000) refers (Special) to libinit2.o(.ARM.Collect$$libinit$$00000010) for __rt_lib_init_rand_1
    libinit.o(.ARM.Collect$$libinit$$00000000) refers (Special) to libinit2.o(.ARM.Collect$$libinit$$00000004) for __rt_lib_init_relocate_pie_1
    libinit.o(.ARM.Collect$$libinit$$00000000) refers (Special) to libinit2.o(.ARM.Collect$$libinit$$00000035) for __rt_lib_init_return
    libinit.o(.ARM.Collect$$libinit$$00000000) refers (Special) to libinit2.o(.ARM.Collect$$libinit$$0000001F) for __rt_lib_init_signal_1
    libinit.o(.ARM.Collect$$libinit$$00000000) refers (Special) to libinit2.o(.ARM.Collect$$libinit$$00000027) for __rt_lib_init_stdio_1
    libinit.o(.ARM.Collect$$libinit$$00000000) refers (Special) to libinit2.o(.ARM.Collect$$libinit$$0000000E) for __rt_lib_init_user_alloc_1
    libspace.o(.text) refers to libspace.o(.bss) for __libspace_start
    rtexit.o(.ARM.Collect$$rtexit$$00000000) refers (Special) to rtexit2.o(.ARM.Collect$$rtexit$$00000004) for __rt_exit_exit
    rtexit.o(.ARM.Collect$$rtexit$$00000000) refers (Special) to rtexit2.o(.ARM.Collect$$rtexit$$00000003) for __rt_exit_ls
    rtexit.o(.ARM.Collect$$rtexit$$00000000) refers (Special) to rtexit2.o(.ARM.Collect$$rtexit$$00000002) for __rt_exit_prels_1
    rtexit.o(.ARM.exidx) refers (Special) to rtexit2.o(.ARM.Collect$$rtexit$$00000004) for __rt_exit_exit
    rtexit.o(.ARM.exidx) refers (Special) to rtexit2.o(.ARM.Collect$$rtexit$$00000003) for __rt_exit_ls
    rtexit.o(.ARM.exidx) refers (Special) to rtexit2.o(.ARM.Collect$$rtexit$$00000002) for __rt_exit_prels_1
    rtexit.o(.ARM.exidx) refers to rtexit.o(.ARM.Collect$$rtexit$$00000000) for .ARM.Collect$$rtexit$$00000000
    libinit2.o(.ARM.Collect$$libinit$$00000012) refers to libinit2.o(.ARM.Collect$$libinit$$00000011) for .ARM.Collect$$libinit$$00000011
    libinit2.o(.ARM.Collect$$libinit$$00000014) refers to libinit2.o(.ARM.Collect$$libinit$$00000011) for .ARM.Collect$$libinit$$00000011
    libinit2.o(.ARM.Collect$$libinit$$00000016) refers to libinit2.o(.ARM.Collect$$libinit$$00000011) for .ARM.Collect$$libinit$$00000011
    libinit2.o(.ARM.Collect$$libinit$$00000018) refers to libinit2.o(.ARM.Collect$$libinit$$00000011) for .ARM.Collect$$libinit$$00000011
    libinit2.o(.ARM.Collect$$libinit$$0000001A) refers to libinit2.o(.ARM.Collect$$libinit$$00000011) for .ARM.Collect$$libinit$$00000011
    libinit2.o(.ARM.Collect$$libinit$$00000028) refers to argv_veneer.o(.emb_text) for __ARM_argv_veneer
    libinit2.o(.ARM.Collect$$libinit$$00000029) refers to argv_veneer.o(.emb_text) for __ARM_argv_veneer
    rtexit2.o(.ARM.Collect$$rtexit$$00000003) refers to libshutdown.o(.ARM.Collect$$libshutdown$$00000000) for __rt_lib_shutdown
    rtexit2.o(.ARM.Collect$$rtexit$$00000004) refers to sys_exit.o(.text) for _sys_exit
    rtexit2.o(.ARM.exidx) refers to rtexit2.o(.ARM.Collect$$rtexit$$00000001) for .ARM.Collect$$rtexit$$00000001
    rtexit2.o(.ARM.exidx) refers to rtexit2.o(.ARM.Collect$$rtexit$$00000003) for .ARM.Collect$$rtexit$$00000003
    rtexit2.o(.ARM.exidx) refers to rtexit2.o(.ARM.Collect$$rtexit$$00000004) for .ARM.Collect$$rtexit$$00000004
    argv_veneer.o(.emb_text) refers to no_argv.o(.text) for __ARM_get_argv
    sys_exit.o(.text) refers (Special) to use_no_semi.o(.text) for __I$use$semihosting
    sys_exit.o(.text) refers (Special) to indicate_semi.o(.text) for __semihosting_library_function
    sys_exit_hlt.o(.text) refers (Special) to use_no_semi.o(.text) for __I$use$semihosting
    sys_exit_hlt.o(.text) refers (Special) to indicate_semi.o(.text) for __semihosting_library_function
    _get_argv_nomalloc.o(.text) refers (Special) to hrguard.o(.text) for __heap_region$guard
    _get_argv_nomalloc.o(.text) refers to defsig_rtmem_outer.o(.text) for __rt_SIGRTMEM
    _get_argv_nomalloc.o(.text) refers to sys_command.o(.text) for _sys_command_string
    libshutdown.o(.ARM.Collect$$libshutdown$$00000000) refers (Special) to libshutdown2.o(.ARM.Collect$$libshutdown$$00000002) for __rt_lib_shutdown_cpp_1
    libshutdown.o(.ARM.Collect$$libshutdown$$00000000) refers (Special) to libshutdown2.o(.ARM.Collect$$libshutdown$$00000007) for __rt_lib_shutdown_fp_trap_1
    libshutdown.o(.ARM.Collect$$libshutdown$$00000000) refers (Special) to libshutdown2.o(.ARM.Collect$$libshutdown$$0000000F) for __rt_lib_shutdown_heap_1
    libshutdown.o(.ARM.Collect$$libshutdown$$00000000) refers (Special) to libshutdown2.o(.ARM.Collect$$libshutdown$$00000010) for __rt_lib_shutdown_return
    libshutdown.o(.ARM.Collect$$libshutdown$$00000000) refers (Special) to libshutdown2.o(.ARM.Collect$$libshutdown$$0000000A) for __rt_lib_shutdown_signal_1
    libshutdown.o(.ARM.Collect$$libshutdown$$00000000) refers (Special) to libshutdown2.o(.ARM.Collect$$libshutdown$$00000004) for __rt_lib_shutdown_stdio_1
    libshutdown.o(.ARM.Collect$$libshutdown$$00000000) refers (Special) to libshutdown2.o(.ARM.Collect$$libshutdown$$0000000C) for __rt_lib_shutdown_user_alloc_1
    sys_command.o(.text) refers (Special) to use_no_semi.o(.text) for __I$use$semihosting
    sys_command.o(.text) refers (Special) to indicate_semi.o(.text) for __semihosting_library_function
    sys_command_hlt.o(.text) refers (Special) to use_no_semi.o(.text) for __I$use$semihosting
    sys_command_hlt.o(.text) refers (Special) to indicate_semi.o(.text) for __semihosting_library_function
    defsig_rtmem_outer.o(.text) refers to defsig_rtmem_inner.o(.text) for __rt_SIGRTMEM_inner
    defsig_rtmem_outer.o(.text) refers to defsig_exit.o(.text) for __sig_exit
    defsig_rtmem_formal.o(.text) refers to rt_raise.o(.text) for __rt_raise
    rt_raise.o(.text) refers to __raise.o(.text) for __raise
    rt_raise.o(.text) refers to sys_exit.o(.text) for _sys_exit
    defsig_exit.o(.text) refers to sys_exit.o(.text) for _sys_exit
    defsig_rtmem_inner.o(.text) refers to defsig_general.o(.text) for __default_signal_display
    __raise.o(.text) refers to defsig.o(CL$$defsig) for __default_signal_handler
    defsig_general.o(.text) refers to sys_wrch.o(.text) for _ttywrch
    sys_wrch.o(.text) refers (Special) to use_no_semi.o(.text) for __I$use$semihosting
    sys_wrch.o(.text) refers (Special) to indicate_semi.o(.text) for __semihosting_library_function
    sys_wrch_hlt.o(.text) refers (Special) to use_no_semi.o(.text) for __I$use$semihosting
    sys_wrch_hlt.o(.text) refers (Special) to indicate_semi.o(.text) for __semihosting_library_function
    defsig.o(CL$$defsig) refers to defsig_rtmem_inner.o(.text) for __rt_SIGRTMEM_inner
    defsig_abrt_inner.o(.text) refers to defsig_general.o(.text) for __default_signal_display
    defsig_fpe_inner.o(.text) refers to defsig_general.o(.text) for __default_signal_display
    defsig_rtred_inner.o(.text) refers to defsig_general.o(.text) for __default_signal_display
    defsig_stak_inner.o(.text) refers to defsig_general.o(.text) for __default_signal_display
    defsig_pvfn_inner.o(.text) refers to defsig_general.o(.text) for __default_signal_display
    defsig_cppl_inner.o(.text) refers to defsig_general.o(.text) for __default_signal_display
    defsig_segv_inner.o(.text) refers to defsig_general.o(.text) for __default_signal_display
    defsig_other.o(.text) refers to defsig_general.o(.text) for __default_signal_display


==============================================================================

Removing Unused input sections from the image.

    Removing exti_program.o(.text), (0 bytes).
    Removing exti_program.o(.ARM.exidx.text.EXTI_vInit), (8 bytes).
    Removing exti_program.o(.text.EXTI_InitForGPIO), (160 bytes).
    Removing exti_program.o(.ARM.exidx.text.EXTI_InitForGPIO), (8 bytes).
    Removing exti_program.o(.text.EXTI_EnableLine), (68 bytes).
    Removing exti_program.o(.ARM.exidx.text.EXTI_EnableLine), (8 bytes).
    Removing exti_program.o(.text.EXTI_DisableLine), (68 bytes).
    Removing exti_program.o(.ARM.exidx.text.EXTI_DisableLine), (8 bytes).
    Removing exti_program.o(.ARM.exidx.text.EXTI_SetTrigger), (8 bytes).
    Removing exti_program.o(.ARM.exidx.text.EXTI_CLR_PendingFLag), (8 bytes).
    Removing gpio_program.o(.text), (0 bytes).
    Removing gpio_program.o(.ARM.exidx.text.MCAL_GPIO_SetPinMode), (8 bytes).
    Removing gpio_program.o(.ARM.exidx.text.MCAL_GPIO_SetPinValue), (8 bytes).
    Removing gpio_program.o(.ARM.exidx.text.MCAL_GPIO_GetPinValue), (8 bytes).
    Removing gpio_program.o(.text.MCAL_GPIO_TogglePin), (96 bytes).
    Removing gpio_program.o(.ARM.exidx.text.MCAL_GPIO_TogglePin), (8 bytes).
    Removing nvic_program.o(.text), (0 bytes).
    Removing nvic_program.o(.ARM.exidx.text.MCAL_NVIC_EnableIRQ), (8 bytes).
    Removing nvic_program.o(.text.MCAL_NVIC_DisableIRQ), (148 bytes).
    Removing nvic_program.o(.ARM.exidx.text.MCAL_NVIC_DisableIRQ), (8 bytes).
    Removing nvic_program.o(.text.MCAL_NVIC_SetPendingIRQ), (148 bytes).
    Removing nvic_program.o(.ARM.exidx.text.MCAL_NVIC_SetPendingIRQ), (8 bytes).
    Removing nvic_program.o(.ARM.exidx.text.MCAL_NVIC_ClearPendingIRQ), (8 bytes).
    Removing nvic_program.o(.text.MCAL_NVIC_GetPendingIRQ), (216 bytes).
    Removing nvic_program.o(.ARM.exidx.text.MCAL_NVIC_GetPendingIRQ), (8 bytes).
    Removing nvic_program.o(.text.MCAL_NVIC_xSetPriority), (160 bytes).
    Removing nvic_program.o(.ARM.exidx.text.MCAL_NVIC_xSetPriority), (8 bytes).
    Removing nvic_program.o(.text.MCAL_NVIC_vSetPriority), (212 bytes).
    Removing nvic_program.o(.ARM.exidx.text.MCAL_NVIC_vSetPriority), (8 bytes).
    Removing nvic_program.o(.text.MCAL_NVIC_xGetPriority), (130 bytes).
    Removing nvic_program.o(.ARM.exidx.text.MCAL_NVIC_xGetPriority), (8 bytes).
    Removing rcc_program.o(.text), (0 bytes).
    Removing rcc_program.o(.ARM.exidx.text.MCAL_RCC_InitSysClock), (8 bytes).
    Removing rcc_program.o(.ARM.exidx.text.MCAL_RCC_EnablePeripheral), (8 bytes).
    Removing rcc_program.o(.text.MCAL_RCC_DisablePeripheral), (150 bytes).
    Removing rcc_program.o(.ARM.exidx.text.MCAL_RCC_DisablePeripheral), (8 bytes).
    Removing scb_program.o(.text), (0 bytes).
    Removing scb_program.o(.text.SCB_SetPriorityGrouping), (20 bytes).
    Removing scb_program.o(.ARM.exidx.text.SCB_SetPriorityGrouping), (8 bytes).
    Removing scb_program.o(.text.DisableGlobalInterrupts), (4 bytes).
    Removing scb_program.o(.ARM.exidx.text.DisableGlobalInterrupts), (8 bytes).
    Removing scb_program.o(.text.EnableGlobalInterrupts), (4 bytes).
    Removing scb_program.o(.ARM.exidx.text.EnableGlobalInterrupts), (8 bytes).
    Removing scb_program.o(.text.SCB_EnableMemFault), (18 bytes).
    Removing scb_program.o(.ARM.exidx.text.SCB_EnableMemFault), (8 bytes).
    Removing scb_program.o(.text.SCB_EnableBusFault), (18 bytes).
    Removing scb_program.o(.ARM.exidx.text.SCB_EnableBusFault), (8 bytes).
    Removing scb_program.o(.text.SCB_EnableUsageFault), (18 bytes).
    Removing scb_program.o(.ARM.exidx.text.SCB_EnableUsageFault), (8 bytes).
    Removing scb_program.o(.text.SCB_ClearMemFault), (18 bytes).
    Removing scb_program.o(.ARM.exidx.text.SCB_ClearMemFault), (8 bytes).
    Removing scb_program.o(.text.SCB_ClearBusFault), (18 bytes).
    Removing scb_program.o(.ARM.exidx.text.SCB_ClearBusFault), (8 bytes).
    Removing scb_program.o(.text.SCB_ClearUsageFault), (18 bytes).
    Removing scb_program.o(.ARM.exidx.text.SCB_ClearUsageFault), (8 bytes).
    Removing stk_program.o(.text), (0 bytes).
    Removing stk_program.o(.text.MCAL_STK_xInit), (52 bytes).
    Removing stk_program.o(.ARM.exidx.text.MCAL_STK_xInit), (8 bytes).
    Removing stk_program.o(.text.MCAL_STK_vInit), (34 bytes).
    Removing stk_program.o(.ARM.exidx.text.MCAL_STK_vInit), (8 bytes).
    Removing stk_program.o(.text.MCAL_STK_SetReloadValue), (48 bytes).
    Removing stk_program.o(.ARM.exidx.text.MCAL_STK_SetReloadValue), (8 bytes).
    Removing stk_program.o(.text.MCAL_STK_Start), (18 bytes).
    Removing stk_program.o(.ARM.exidx.text.MCAL_STK_Start), (8 bytes).
    Removing stk_program.o(.text.MCAL_STK_Stop), (18 bytes).
    Removing stk_program.o(.ARM.exidx.text.MCAL_STK_Stop), (8 bytes).
    Removing stk_program.o(.ARM.exidx.text.MCAL_STK_Reset), (8 bytes).
    Removing stk_program.o(.text.MCAL_STK_GetRemainingCounts), (12 bytes).
    Removing stk_program.o(.ARM.exidx.text.MCAL_STK_GetRemainingCounts), (8 bytes).
    Removing stk_program.o(.text.MCAL_STK_GetElapsedCounts), (98 bytes).
    Removing stk_program.o(.ARM.exidx.text.MCAL_STK_GetElapsedCounts), (8 bytes).
    Removing stk_program.o(.text.MCAL_STK_SetBusyWait), (116 bytes).
    Removing stk_program.o(.ARM.exidx.text.MCAL_STK_SetBusyWait), (8 bytes).
    Removing stk_program.o(.ARM.exidx.text.MCAL_STK_SetDelay_ms), (8 bytes).
    Removing stk_program.o(.text.MCAL_STK_SetIntervalSingle), (14 bytes).
    Removing stk_program.o(.ARM.exidx.text.MCAL_STK_SetIntervalSingle), (8 bytes).
    Removing stk_program.o(.text.MCAL_STK_SetIntervalPeriodic), (14 bytes).
    Removing stk_program.o(.ARM.exidx.text.MCAL_STK_SetIntervalPeriodic), (8 bytes).
    Removing stk_program.o(.ARM.exidx.text.SysTick_Handler), (8 bytes).
    Removing stk_program.o(.bss.MCAL_STK_GetElapsedCounts.Local_PreviousValue), (4 bytes).
    Removing main.o(.text), (0 bytes).
    Removing main.o(.ARM.exidx.text.main), (8 bytes).
    Removing main.o(.ARM.exidx.text.EXTI4_IRQHandler), (8 bytes).
    Removing main.o(.bss.F), (1 bytes).
    Removing main.o(.ARM.use_no_argv), (4 bytes).
    Removing afio_program.o(.text), (0 bytes).
    Removing afio_program.o(.text.MCAL_AFIO_SetRemap), (120 bytes).
    Removing afio_program.o(.ARM.exidx.text.MCAL_AFIO_SetRemap), (8 bytes).
    Removing afio_program.o(.text.MCAL_AFIO_SetDebugPort), (64 bytes).
    Removing afio_program.o(.ARM.exidx.text.MCAL_AFIO_SetDebugPort), (8 bytes).
    Removing afio_program.o(.text.AFIO_MAPR_ADC2ETRGREGRemap), (60 bytes).
    Removing afio_program.o(.ARM.exidx.text.AFIO_MAPR_ADC2ETRGREGRemap), (8 bytes).
    Removing afio_program.o(.text.AFIO_MAPR_ADC2ETRGINJRemap), (60 bytes).
    Removing afio_program.o(.ARM.exidx.text.AFIO_MAPR_ADC2ETRGINJRemap), (8 bytes).
    Removing afio_program.o(.ARM.exidx.text.MCAL_AFIO_SetEXTIConfiguration), (8 bytes).
    Removing miniproject_2.o(.text), (0 bytes).
    Removing miniproject_2.o(.text.imageFileInfo), (158 bytes).
    Removing miniproject_2.o(.ARM.exidx.text.imageFileInfo), (8 bytes).
    Removing miniproject_2.o(.text.crc32_8bit), (90 bytes).
    Removing miniproject_2.o(.ARM.exidx.text.crc32_8bit), (8 bytes).
    Removing miniproject_2.o(.rodata.imageLastModified), (4 bytes).
    Removing miniproject_2.o(.rodata.imageFileTable), (24 bytes).
    Removing miniproject_2.o(.rodata.imageFileData), (43996 bytes).
    Removing eventrecorder.o(.text), (0 bytes).
    Removing eventrecorder.o(.text.EventRecorderTimerSetup), (36 bytes).
    Removing eventrecorder.o(.ARM.exidx.text.EventRecorderTimerSetup), (8 bytes).
    Removing eventrecorder.o(.text.EventRecorderTimerGetFreq), (12 bytes).
    Removing eventrecorder.o(.ARM.exidx.text.EventRecorderTimerGetFreq), (8 bytes).
    Removing eventrecorder.o(.text.EventRecorderTimerGetCount), (12 bytes).
    Removing eventrecorder.o(.ARM.exidx.text.EventRecorderTimerGetCount), (8 bytes).
    Removing eventrecorder.o(.text.EventRecorderInitialize), (450 bytes).
    Removing eventrecorder.o(.ARM.exidx.text.EventRecorderInitialize), (8 bytes).
    Removing eventrecorder.o(.text.crc16_ccitt), (130 bytes).
    Removing eventrecorder.o(.ARM.exidx.text.crc16_ccitt), (8 bytes).
    Removing eventrecorder.o(.text.EventRecorderEnable), (146 bytes).
    Removing eventrecorder.o(.ARM.exidx.text.EventRecorderEnable), (8 bytes).
    Removing eventrecorder.o(.text.EventGetTS), (90 bytes).
    Removing eventrecorder.o(.ARM.exidx.text.EventGetTS), (8 bytes).
    Removing eventrecorder.o(.text.EventRecordItem), (254 bytes).
    Removing eventrecorder.o(.ARM.exidx.text.EventRecordItem), (8 bytes).
    Removing eventrecorder.o(.text.EventRecorderStart), (74 bytes).
    Removing eventrecorder.o(.ARM.exidx.text.EventRecorderStart), (8 bytes).
    Removing eventrecorder.o(.text.EventRecorderDisable), (146 bytes).
    Removing eventrecorder.o(.ARM.exidx.text.EventRecorderDisable), (8 bytes).
    Removing eventrecorder.o(.text.EventRecorderStop), (74 bytes).
    Removing eventrecorder.o(.ARM.exidx.text.EventRecorderStop), (8 bytes).
    Removing eventrecorder.o(.text.EventRecorderClockUpdate), (54 bytes).
    Removing eventrecorder.o(.ARM.exidx.text.EventRecorderClockUpdate), (8 bytes).
    Removing eventrecorder.o(.text.EventRecordData), (388 bytes).
    Removing eventrecorder.o(.ARM.exidx.text.EventRecordData), (8 bytes).
    Removing eventrecorder.o(.text.EventCheckFilter), (60 bytes).
    Removing eventrecorder.o(.ARM.exidx.text.EventCheckFilter), (8 bytes).
    Removing eventrecorder.o(.text.GetContext), (18 bytes).
    Removing eventrecorder.o(.ARM.exidx.text.GetContext), (8 bytes).
    Removing eventrecorder.o(.text.EventRecord2), (90 bytes).
    Removing eventrecorder.o(.ARM.exidx.text.EventRecord2), (8 bytes).
    Removing eventrecorder.o(.text.EventRecord4), (150 bytes).
    Removing eventrecorder.o(.ARM.exidx.text.EventRecord4), (8 bytes).
    Removing eventrecorder.o(.text.LockTS_Overflow), (18 bytes).
    Removing eventrecorder.o(.ARM.exidx.text.LockTS_Overflow), (8 bytes).
    Removing eventrecorder.o(.text.UnlockTS_Overflow), (18 bytes).
    Removing eventrecorder.o(.ARM.exidx.text.UnlockTS_Overflow), (8 bytes).
    Removing eventrecorder.o(.text.UpdateTS), (26 bytes).
    Removing eventrecorder.o(.ARM.exidx.text.UpdateTS), (8 bytes).
    Removing eventrecorder.o(.text.atomic_wr8), (40 bytes).
    Removing eventrecorder.o(.ARM.exidx.text.atomic_wr8), (8 bytes).
    Removing eventrecorder.o(.text.atomic_wr32), (32 bytes).
    Removing eventrecorder.o(.ARM.exidx.text.atomic_wr32), (8 bytes).
    Removing eventrecorder.o(.text.GetRecordIndex), (18 bytes).
    Removing eventrecorder.o(.ARM.exidx.text.GetRecordIndex), (8 bytes).
    Removing eventrecorder.o(.text.LockRecord), (54 bytes).
    Removing eventrecorder.o(.ARM.exidx.text.LockRecord), (8 bytes).
    Removing eventrecorder.o(.text.UnlockRecord), (50 bytes).
    Removing eventrecorder.o(.ARM.exidx.text.UnlockRecord), (8 bytes).
    Removing eventrecorder.o(.text.IncrementRecordsWritten), (18 bytes).
    Removing eventrecorder.o(.ARM.exidx.text.IncrementRecordsWritten), (8 bytes).
    Removing eventrecorder.o(.text.IncrementRecordsDumped), (18 bytes).
    Removing eventrecorder.o(.ARM.exidx.text.IncrementRecordsDumped), (8 bytes).
    Removing eventrecorder.o(.text.atomic_inc32), (32 bytes).
    Removing eventrecorder.o(.ARM.exidx.text.atomic_inc32), (8 bytes).
    Removing eventrecorder.o(.text.atomic_inc8), (36 bytes).
    Removing eventrecorder.o(.ARM.exidx.text.atomic_inc8), (8 bytes).
    Removing eventrecorder.o(.bss.TS_OverflowLock), (1 bytes).
    Removing dma_stm32f10x.o(.text), (0 bytes).
    Removing dma_stm32f10x.o(.text.DMA_ChannelInitialize), (352 bytes).
    Removing dma_stm32f10x.o(.ARM.exidx.text.DMA_ChannelInitialize), (8 bytes).
    Removing dma_stm32f10x.o(.text.__NVIC_ClearPendingIRQ), (48 bytes).
    Removing dma_stm32f10x.o(.ARM.exidx.text.__NVIC_ClearPendingIRQ), (8 bytes).
    Removing dma_stm32f10x.o(.text.__NVIC_EnableIRQ), (48 bytes).
    Removing dma_stm32f10x.o(.ARM.exidx.text.__NVIC_EnableIRQ), (8 bytes).
    Removing dma_stm32f10x.o(.text.DMA_ChannelUninitialize), (236 bytes).
    Removing dma_stm32f10x.o(.ARM.exidx.text.DMA_ChannelUninitialize), (8 bytes).
    Removing dma_stm32f10x.o(.text.__NVIC_DisableIRQ), (56 bytes).
    Removing dma_stm32f10x.o(.ARM.exidx.text.__NVIC_DisableIRQ), (8 bytes).
    Removing dma_stm32f10x.o(.ARM.exidx.text.DMA1_Channel1_Event), (8 bytes).
    Removing dma_stm32f10x.o(.ARM.exidx.text.DMA1_Channel2_Event), (8 bytes).
    Removing dma_stm32f10x.o(.ARM.exidx.text.DMA1_Channel3_Event), (8 bytes).
    Removing dma_stm32f10x.o(.ARM.exidx.text.DMA1_Channel4_Event), (8 bytes).
    Removing dma_stm32f10x.o(.ARM.exidx.text.DMA1_Channel5_Event), (8 bytes).
    Removing dma_stm32f10x.o(.ARM.exidx.text.DMA1_Channel6_Event), (8 bytes).
    Removing dma_stm32f10x.o(.ARM.exidx.text.DMA1_Channel7_Event), (8 bytes).
    Removing dma_stm32f10x.o(.ARM.exidx.text.DMA1_Channel1_IRQHandler), (8 bytes).
    Removing dma_stm32f10x.o(.ARM.exidx.text.DMA1_Channel2_IRQHandler), (8 bytes).
    Removing dma_stm32f10x.o(.ARM.exidx.text.DMA1_Channel3_IRQHandler), (8 bytes).
    Removing dma_stm32f10x.o(.ARM.exidx.text.DMA1_Channel4_IRQHandler), (8 bytes).
    Removing dma_stm32f10x.o(.ARM.exidx.text.DMA1_Channel5_IRQHandler), (8 bytes).
    Removing dma_stm32f10x.o(.ARM.exidx.text.DMA1_Channel6_IRQHandler), (8 bytes).
    Removing dma_stm32f10x.o(.ARM.exidx.text.DMA1_Channel7_IRQHandler), (8 bytes).
    Removing dma_stm32f10x.o(.bss.DMA1_Channel), (1 bytes).
    Removing gpio_stm32f10x.o(.text), (0 bytes).
    Removing gpio_stm32f10x.o(.text.GPIO_PortClock), (528 bytes).
    Removing gpio_stm32f10x.o(.ARM.exidx.text.GPIO_PortClock), (8 bytes).
    Removing gpio_stm32f10x.o(.text.GPIO_GetPortClockState), (284 bytes).
    Removing gpio_stm32f10x.o(.ARM.exidx.text.GPIO_GetPortClockState), (8 bytes).
    Removing gpio_stm32f10x.o(.text.GPIO_PinConfigure), (222 bytes).
    Removing gpio_stm32f10x.o(.ARM.exidx.text.GPIO_PinConfigure), (8 bytes).
    Removing gpio_stm32f10x.o(.text.GPIO_AFConfigure), (228 bytes).
    Removing gpio_stm32f10x.o(.ARM.exidx.text.GPIO_AFConfigure), (8 bytes).
    Removing system_stm32f10x.o(.text), (0 bytes).
    Removing system_stm32f10x.o(.ARM.exidx.text.SystemInit), (8 bytes).
    Removing system_stm32f10x.o(.ARM.exidx.text.SetSysClock), (8 bytes).
    Removing system_stm32f10x.o(.text.SystemCoreClockUpdate), (290 bytes).
    Removing system_stm32f10x.o(.ARM.exidx.text.SystemCoreClockUpdate), (8 bytes).
    Removing system_stm32f10x.o(.ARM.exidx.text.SetSysClockTo72), (8 bytes).
    Removing system_stm32f10x.o(.data.SystemCoreClock), (4 bytes).
    Removing system_stm32f10x.o(.rodata.AHBPrescTable), (16 bytes).

206 unused section(s) (total 52423 bytes) removed from the image.

==============================================================================

Image Symbol Table

    Local Symbols

    Symbol Name                              Value     Ov Type        Size  Object(Section)

    ../clib/angel/boardlib.s                 0x00000000   Number         0  boardinit1.o ABSOLUTE
    ../clib/angel/boardlib.s                 0x00000000   Number         0  boardinit2.o ABSOLUTE
    ../clib/angel/boardlib.s                 0x00000000   Number         0  boardinit3.o ABSOLUTE
    ../clib/angel/boardlib.s                 0x00000000   Number         0  boardshut.o ABSOLUTE
    ../clib/angel/handlers.s                 0x00000000   Number         0  __scatter_copy.o ABSOLUTE
    ../clib/angel/handlers.s                 0x00000000   Number         0  __scatter_zi.o ABSOLUTE
    ../clib/angel/kernel.s                   0x00000000   Number         0  __rtentry.o ABSOLUTE
    ../clib/angel/kernel.s                   0x00000000   Number         0  __rtentry2.o ABSOLUTE
    ../clib/angel/kernel.s                   0x00000000   Number         0  __rtentry4.o ABSOLUTE
    ../clib/angel/kernel.s                   0x00000000   Number         0  rtexit.o ABSOLUTE
    ../clib/angel/kernel.s                   0x00000000   Number         0  rtexit2.o ABSOLUTE
    ../clib/angel/rt.s                       0x00000000   Number         0  rt_raise.o ABSOLUTE
    ../clib/angel/scatter.s                  0x00000000   Number         0  __scatter.o ABSOLUTE
    ../clib/angel/startup.s                  0x00000000   Number         0  __main.o ABSOLUTE
    ../clib/angel/sys.s                      0x00000000   Number         0  sys_stackheap_outer.o ABSOLUTE
    ../clib/angel/sys.s                      0x00000000   Number         0  libspace.o ABSOLUTE
    ../clib/angel/sys.s                      0x00000000   Number         0  use_no_semi.o ABSOLUTE
    ../clib/angel/sys.s                      0x00000000   Number         0  indicate_semi.o ABSOLUTE
    ../clib/angel/sysapp.c                   0x00000000   Number         0  sys_exit.o ABSOLUTE
    ../clib/angel/sysapp.c                   0x00000000   Number         0  sys_exit_hlt.o ABSOLUTE
    ../clib/angel/sysapp.c                   0x00000000   Number         0  sys_command.o ABSOLUTE
    ../clib/angel/sysapp.c                   0x00000000   Number         0  sys_command_hlt.o ABSOLUTE
    ../clib/angel/sysapp.c                   0x00000000   Number         0  sys_wrch.o ABSOLUTE
    ../clib/angel/sysapp.c                   0x00000000   Number         0  sys_wrch_hlt.o ABSOLUTE
    ../clib/armsys.c                         0x00000000   Number         0  argv_veneer.o ABSOLUTE
    ../clib/armsys.c                         0x00000000   Number         0  argv_veneer.o ABSOLUTE
    ../clib/armsys.c                         0x00000000   Number         0  _get_argv_nomalloc.o ABSOLUTE
    ../clib/armsys.c                         0x00000000   Number         0  no_argv.o ABSOLUTE
    ../clib/heapalloc.c                      0x00000000   Number         0  hrguard.o ABSOLUTE
    ../clib/heapaux.c                        0x00000000   Number         0  heapauxi.o ABSOLUTE
    ../clib/libinit.s                        0x00000000   Number         0  libinit.o ABSOLUTE
    ../clib/libinit.s                        0x00000000   Number         0  libinit2.o ABSOLUTE
    ../clib/libinit.s                        0x00000000   Number         0  libshutdown.o ABSOLUTE
    ../clib/libinit.s                        0x00000000   Number         0  libshutdown2.o ABSOLUTE
    ../clib/memcpset.s                       0x00000000   Number         0  rt_memcpy_v6.o ABSOLUTE
    ../clib/memcpset.s                       0x00000000   Number         0  rt_memclr_w.o ABSOLUTE
    ../clib/memcpset.s                       0x00000000   Number         0  rt_memcpy_w.o ABSOLUTE
    ../clib/signal.c                         0x00000000   Number         0  defsig_rtmem_outer.o ABSOLUTE
    ../clib/signal.c                         0x00000000   Number         0  defsig_rtmem_formal.o ABSOLUTE
    ../clib/signal.c                         0x00000000   Number         0  defsig_exit.o ABSOLUTE
    ../clib/signal.c                         0x00000000   Number         0  defsig_rtmem_inner.o ABSOLUTE
    ../clib/signal.c                         0x00000000   Number         0  __raise.o ABSOLUTE
    ../clib/signal.c                         0x00000000   Number         0  defsig_general.o ABSOLUTE
    ../clib/signal.c                         0x00000000   Number         0  defsig_abrt_inner.o ABSOLUTE
    ../clib/signal.c                         0x00000000   Number         0  defsig_fpe_inner.o ABSOLUTE
    ../clib/signal.c                         0x00000000   Number         0  defsig_rtred_inner.o ABSOLUTE
    ../clib/signal.c                         0x00000000   Number         0  defsig_stak_inner.o ABSOLUTE
    ../clib/signal.c                         0x00000000   Number         0  defsig_pvfn_inner.o ABSOLUTE
    ../clib/signal.c                         0x00000000   Number         0  defsig_cppl_inner.o ABSOLUTE
    ../clib/signal.c                         0x00000000   Number         0  defsig_segv_inner.o ABSOLUTE
    ../clib/signal.c                         0x00000000   Number         0  defsig_other.o ABSOLUTE
    ../clib/signal.s                         0x00000000   Number         0  defsig.o ABSOLUTE
    ../clib/stdlib.c                         0x00000000   Number         0  exit.o ABSOLUTE
    ../fplib/ddiv.s                          0x00000000   Number         0  ddiv.o ABSOLUTE
    ../fplib/dfixu.s                         0x00000000   Number         0  dfixu.o ABSOLUTE
    ../fplib/dnaninf.s                       0x00000000   Number         0  dnaninf.o ABSOLUTE
    ../fplib/dretinf.s                       0x00000000   Number         0  dretinf.o ABSOLUTE
    ../fplib/f2d.s                           0x00000000   Number         0  f2d.o ABSOLUTE
    ../fplib/fmul.s                          0x00000000   Number         0  fmul.o ABSOLUTE
    ../fplib/fnaninf.s                       0x00000000   Number         0  fnaninf.o ABSOLUTE
    ../fplib/fpinit.s                        0x00000000   Number         0  fpinit.o ABSOLUTE
    ../fplib/fpinit_empty.s                  0x00000000   Number         0  fpinit_empty.o ABSOLUTE
    ../fplib/fretinf.s                       0x00000000   Number         0  fretinf.o ABSOLUTE
    ../fplib/usenofp.s                       0x00000000   Number         0  usenofp.o ABSOLUTE
    AFIO_program.c                           0x00000000   Number         0  afio_program.o ABSOLUTE
    DMA_STM32F10x.c                          0x00000000   Number         0  dma_stm32f10x.o ABSOLUTE
    EXTI_program.c                           0x00000000   Number         0  exti_program.o ABSOLUTE
    EventRecorder.c                          0x00000000   Number         0  eventrecorder.o ABSOLUTE
    GPIO_STM32F10x.c                         0x00000000   Number         0  gpio_stm32f10x.o ABSOLUTE
    GPIO_program.c                           0x00000000   Number         0  gpio_program.o ABSOLUTE
    MiniProject                              0x00000000   Number         0  miniproject_2.o ABSOLUTE
    NVIC_Program.c                           0x00000000   Number         0  nvic_program.o ABSOLUTE
    RCC_program.c                            0x00000000   Number         0  rcc_program.o ABSOLUTE
    RTE/Device/STM32F103C8/startup_stm32f10x_md.s 0x00000000   Number         0  startup_stm32f10x_md.o ABSOLUTE
    SCB_program.c                            0x00000000   Number         0  scb_program.o ABSOLUTE
    STK_program.c                            0x00000000   Number         0  stk_program.o ABSOLUTE
    dc.s                                     0x00000000   Number         0  dc.o ABSOLUTE
    main.c                                   0x00000000   Number         0  main.o ABSOLUTE
    system_stm32f10x.c                       0x00000000   Number         0  system_stm32f10x.o ABSOLUTE
    RESET                                    0x08000000   Section      236  startup_stm32f10x_md.o(RESET)
    !!!main                                  0x080000ec   Section        8  __main.o(!!!main)
    !!!scatter                               0x080000f4   Section       52  __scatter.o(!!!scatter)
    !!handler_copy                           0x08000128   Section       26  __scatter_copy.o(!!handler_copy)
    !!handler_zi                             0x08000144   Section       28  __scatter_zi.o(!!handler_zi)
    .ARM.Collect$$libinit$$00000000          0x08000160   Section        2  libinit.o(.ARM.Collect$$libinit$$00000000)
    .ARM.Collect$$libinit$$00000002          0x08000162   Section        0  libinit2.o(.ARM.Collect$$libinit$$00000002)
    .ARM.Collect$$libinit$$00000004          0x08000162   Section        0  libinit2.o(.ARM.Collect$$libinit$$00000004)
    .ARM.Collect$$libinit$$00000006          0x08000162   Section        0  libinit2.o(.ARM.Collect$$libinit$$00000006)
    .ARM.Collect$$libinit$$0000000C          0x08000162   Section        0  libinit2.o(.ARM.Collect$$libinit$$0000000C)
    .ARM.Collect$$libinit$$0000000E          0x08000162   Section        0  libinit2.o(.ARM.Collect$$libinit$$0000000E)
    .ARM.Collect$$libinit$$00000010          0x08000162   Section        0  libinit2.o(.ARM.Collect$$libinit$$00000010)
    .ARM.Collect$$libinit$$00000013          0x08000162   Section        0  libinit2.o(.ARM.Collect$$libinit$$00000013)
    .ARM.Collect$$libinit$$00000015          0x08000162   Section        0  libinit2.o(.ARM.Collect$$libinit$$00000015)
    .ARM.Collect$$libinit$$00000017          0x08000162   Section        0  libinit2.o(.ARM.Collect$$libinit$$00000017)
    .ARM.Collect$$libinit$$00000019          0x08000162   Section        0  libinit2.o(.ARM.Collect$$libinit$$00000019)
    .ARM.Collect$$libinit$$0000001B          0x08000162   Section        0  libinit2.o(.ARM.Collect$$libinit$$0000001B)
    .ARM.Collect$$libinit$$0000001D          0x08000162   Section        0  libinit2.o(.ARM.Collect$$libinit$$0000001D)
    .ARM.Collect$$libinit$$0000001F          0x08000162   Section        0  libinit2.o(.ARM.Collect$$libinit$$0000001F)
    .ARM.Collect$$libinit$$00000021          0x08000162   Section        0  libinit2.o(.ARM.Collect$$libinit$$00000021)
    .ARM.Collect$$libinit$$00000023          0x08000162   Section        0  libinit2.o(.ARM.Collect$$libinit$$00000023)
    .ARM.Collect$$libinit$$00000025          0x08000162   Section        0  libinit2.o(.ARM.Collect$$libinit$$00000025)
    .ARM.Collect$$libinit$$00000027          0x08000162   Section        0  libinit2.o(.ARM.Collect$$libinit$$00000027)
    .ARM.Collect$$libinit$$0000002E          0x08000162   Section        0  libinit2.o(.ARM.Collect$$libinit$$0000002E)
    .ARM.Collect$$libinit$$00000030          0x08000162   Section        0  libinit2.o(.ARM.Collect$$libinit$$00000030)
    .ARM.Collect$$libinit$$00000032          0x08000162   Section        0  libinit2.o(.ARM.Collect$$libinit$$00000032)
    .ARM.Collect$$libinit$$00000034          0x08000162   Section        0  libinit2.o(.ARM.Collect$$libinit$$00000034)
    .ARM.Collect$$libinit$$00000035          0x08000162   Section        2  libinit2.o(.ARM.Collect$$libinit$$00000035)
    .ARM.Collect$$libshutdown$$00000000      0x08000164   Section        2  libshutdown.o(.ARM.Collect$$libshutdown$$00000000)
    .ARM.Collect$$libshutdown$$00000002      0x08000166   Section        0  libshutdown2.o(.ARM.Collect$$libshutdown$$00000002)
    .ARM.Collect$$libshutdown$$00000004      0x08000166   Section        0  libshutdown2.o(.ARM.Collect$$libshutdown$$00000004)
    .ARM.Collect$$libshutdown$$00000007      0x08000166   Section        0  libshutdown2.o(.ARM.Collect$$libshutdown$$00000007)
    .ARM.Collect$$libshutdown$$0000000A      0x08000166   Section        0  libshutdown2.o(.ARM.Collect$$libshutdown$$0000000A)
    .ARM.Collect$$libshutdown$$0000000C      0x08000166   Section        0  libshutdown2.o(.ARM.Collect$$libshutdown$$0000000C)
    .ARM.Collect$$libshutdown$$0000000F      0x08000166   Section        0  libshutdown2.o(.ARM.Collect$$libshutdown$$0000000F)
    .ARM.Collect$$libshutdown$$00000010      0x08000166   Section        2  libshutdown2.o(.ARM.Collect$$libshutdown$$00000010)
    .ARM.Collect$$rtentry$$00000000          0x08000168   Section        0  __rtentry.o(.ARM.Collect$$rtentry$$00000000)
    .ARM.Collect$$rtentry$$00000002          0x08000168   Section        0  __rtentry2.o(.ARM.Collect$$rtentry$$00000002)
    .ARM.Collect$$rtentry$$00000004          0x08000168   Section        6  __rtentry4.o(.ARM.Collect$$rtentry$$00000004)
    .ARM.Collect$$rtentry$$00000009          0x0800016e   Section        0  __rtentry2.o(.ARM.Collect$$rtentry$$00000009)
    .ARM.Collect$$rtentry$$0000000A          0x0800016e   Section        4  __rtentry2.o(.ARM.Collect$$rtentry$$0000000A)
    .ARM.Collect$$rtentry$$0000000C          0x08000172   Section        0  __rtentry2.o(.ARM.Collect$$rtentry$$0000000C)
    .ARM.Collect$$rtentry$$0000000D          0x08000172   Section        8  __rtentry2.o(.ARM.Collect$$rtentry$$0000000D)
    .ARM.Collect$$rtexit$$00000000           0x0800017a   Section        2  rtexit.o(.ARM.Collect$$rtexit$$00000000)
    .ARM.Collect$$rtexit$$00000002           0x0800017c   Section        0  rtexit2.o(.ARM.Collect$$rtexit$$00000002)
    .ARM.Collect$$rtexit$$00000003           0x0800017c   Section        4  rtexit2.o(.ARM.Collect$$rtexit$$00000003)
    .ARM.Collect$$rtexit$$00000004           0x08000180   Section        6  rtexit2.o(.ARM.Collect$$rtexit$$00000004)
    .text                                    0x08000188   Section       64  startup_stm32f10x_md.o(.text)
    .text                                    0x080001c8   Section        0  heapauxi.o(.text)
    .text                                    0x080001ce   Section       74  sys_stackheap_outer.o(.text)
    .text                                    0x08000218   Section        0  exit.o(.text)
    .text                                    0x0800022c   Section        8  libspace.o(.text)
    .text                                    0x08000234   Section        0  sys_exit.o(.text)
    .text                                    0x08000240   Section        2  use_no_semi.o(.text)
    .text                                    0x08000242   Section        0  indicate_semi.o(.text)
    [Anonymous Symbol]                       0x08000244   Section        0  dma_stm32f10x.o(.text.DMA1_Channel1_Event)
    [Anonymous Symbol]                       0x0800024c   Section        0  dma_stm32f10x.o(.text.DMA1_Channel1_IRQHandler)
    [Anonymous Symbol]                       0x08000274   Section        0  dma_stm32f10x.o(.text.DMA1_Channel2_Event)
    [Anonymous Symbol]                       0x0800027c   Section        0  dma_stm32f10x.o(.text.DMA1_Channel2_IRQHandler)
    [Anonymous Symbol]                       0x080002a4   Section        0  dma_stm32f10x.o(.text.DMA1_Channel3_Event)
    [Anonymous Symbol]                       0x080002ac   Section        0  dma_stm32f10x.o(.text.DMA1_Channel3_IRQHandler)
    [Anonymous Symbol]                       0x080002d4   Section        0  dma_stm32f10x.o(.text.DMA1_Channel4_Event)
    [Anonymous Symbol]                       0x080002dc   Section        0  dma_stm32f10x.o(.text.DMA1_Channel4_IRQHandler)
    [Anonymous Symbol]                       0x08000304   Section        0  dma_stm32f10x.o(.text.DMA1_Channel5_Event)
    [Anonymous Symbol]                       0x0800030c   Section        0  dma_stm32f10x.o(.text.DMA1_Channel5_IRQHandler)
    [Anonymous Symbol]                       0x08000334   Section        0  dma_stm32f10x.o(.text.DMA1_Channel6_Event)
    [Anonymous Symbol]                       0x0800033c   Section        0  dma_stm32f10x.o(.text.DMA1_Channel6_IRQHandler)
    [Anonymous Symbol]                       0x08000364   Section        0  dma_stm32f10x.o(.text.DMA1_Channel7_Event)
    [Anonymous Symbol]                       0x0800036c   Section        0  dma_stm32f10x.o(.text.DMA1_Channel7_IRQHandler)
    [Anonymous Symbol]                       0x08000394   Section        0  main.o(.text.EXTI4_IRQHandler)
    [Anonymous Symbol]                       0x08000690   Section        0  exti_program.o(.text.EXTI_CLR_PendingFLag)
    [Anonymous Symbol]                       0x080006c0   Section        0  exti_program.o(.text.EXTI_SetTrigger)
    [Anonymous Symbol]                       0x080007ac   Section        0  exti_program.o(.text.EXTI_vInit)
    [Anonymous Symbol]                       0x08000910   Section        0  afio_program.o(.text.MCAL_AFIO_SetEXTIConfiguration)
    [Anonymous Symbol]                       0x080009a8   Section        0  gpio_program.o(.text.MCAL_GPIO_GetPinValue)
    [Anonymous Symbol]                       0x08000a7c   Section        0  gpio_program.o(.text.MCAL_GPIO_SetPinMode)
    [Anonymous Symbol]                       0x08000c64   Section        0  gpio_program.o(.text.MCAL_GPIO_SetPinValue)
    [Anonymous Symbol]                       0x08000dd0   Section        0  nvic_program.o(.text.MCAL_NVIC_ClearPendingIRQ)
    [Anonymous Symbol]                       0x08000e5c   Section        0  nvic_program.o(.text.MCAL_NVIC_EnableIRQ)
    [Anonymous Symbol]                       0x08000ef0   Section        0  rcc_program.o(.text.MCAL_RCC_EnablePeripheral)
    [Anonymous Symbol]                       0x08000f88   Section        0  rcc_program.o(.text.MCAL_RCC_InitSysClock)
    [Anonymous Symbol]                       0x08000fdc   Section        0  stk_program.o(.text.MCAL_STK_Reset)
    [Anonymous Symbol]                       0x0800100c   Section        0  stk_program.o(.text.MCAL_STK_SetDelay_ms)
    SetSysClock                              0x080010a9   Thumb Code     8  system_stm32f10x.o(.text.SetSysClock)
    [Anonymous Symbol]                       0x080010a8   Section        0  system_stm32f10x.o(.text.SetSysClock)
    SetSysClockTo72                          0x080010b1   Thumb Code   290  system_stm32f10x.o(.text.SetSysClockTo72)
    [Anonymous Symbol]                       0x080010b0   Section        0  system_stm32f10x.o(.text.SetSysClockTo72)
    [Anonymous Symbol]                       0x080011d4   Section        0  stk_program.o(.text.SysTick_Handler)
    [Anonymous Symbol]                       0x080011d8   Section        0  system_stm32f10x.o(.text.SystemInit)
    [Anonymous Symbol]                       0x08001240   Section        0  main.o(.text.main)
    x$fpl$ddiv                               0x080013a4   Section      692  ddiv.o(x$fpl$ddiv)
    ddiv_entry                               0x080013ab   Thumb Code     0  ddiv.o(x$fpl$ddiv)
    x$fpl$dfixu                              0x08001658   Section       90  dfixu.o(x$fpl$dfixu)
    x$fpl$dnaninf                            0x080016b2   Section      156  dnaninf.o(x$fpl$dnaninf)
    x$fpl$dretinf                            0x0800174e   Section       12  dretinf.o(x$fpl$dretinf)
    x$fpl$f2d                                0x0800175c   Section       86  f2d.o(x$fpl$f2d)
    x$fpl$fmul                               0x080017b4   Section      258  fmul.o(x$fpl$fmul)
    x$fpl$fnaninf                            0x080018b6   Section      140  fnaninf.o(x$fpl$fnaninf)
    x$fpl$fretinf                            0x08001942   Section       10  fretinf.o(x$fpl$fretinf)
    __tagsym$$used.0                         0x0800194c   Number         0  eventrecorder.o(.rodata.EventRecorderInfo)
    x$fpl$usenofp                            0x0800194c   Section        0  usenofp.o(x$fpl$usenofp)
    .bss                                     0x20000040   Section       96  libspace.o(.bss)
    EventBuffer                              0x200000c0   Data        1024  eventrecorder.o(.bss.noinit)
    [Anonymous Symbol]                       0x200000c0   Section        0  eventrecorder.o(.bss.noinit)
    EventFilter                              0x200004c0   Data         128  eventrecorder.o(.bss.noinit)
    EventStatus                              0x20000540   Data          36  eventrecorder.o(.bss.noinit)
    Heap_Mem                                 0x20000568   Data         512  startup_stm32f10x_md.o(HEAP)
    HEAP                                     0x20000568   Section      512  startup_stm32f10x_md.o(HEAP)
    Stack_Mem                                0x20000768   Data        1024  startup_stm32f10x_md.o(STACK)
    STACK                                    0x20000768   Section     1024  startup_stm32f10x_md.o(STACK)
    __initial_sp                             0x20000b68   Data           0  startup_stm32f10x_md.o(STACK)

    Global Symbols

    Symbol Name                              Value     Ov Type        Size  Object(Section)

    BuildAttributes$$THM_ISAv4$P$D$K$B$S$PE$A:L22UL41UL21$X:L11$S22US41US21$IEEE1$IW$~IW$USESV6$~STKCKD$USESV7$~SHL$OSPACE$ROPI$EBA8$UX$STANDARDLIB$REQ8$PRES8$EABIv2 0x00000000   Number         0  anon$$obj.o ABSOLUTE
    __fp_init_empty                          0x00000000   Number         0  fpinit_empty.o ABSOLUTE
    __ARM_exceptions_init                     - Undefined Weak Reference
    __alloca_initialize                       - Undefined Weak Reference
    __arm_preinit_                            - Undefined Weak Reference
    __arm_relocate_pie_                       - Undefined Weak Reference
    __cpp_initialize__aeabi_                  - Undefined Weak Reference
    __cxa_finalize                            - Undefined Weak Reference
    __rt_locale                               - Undefined Weak Reference
    __sigvec_lookup                           - Undefined Weak Reference
    _atexit_init                              - Undefined Weak Reference
    _call_atexit_fns                          - Undefined Weak Reference
    _clock_init                               - Undefined Weak Reference
    _fp_trap_init                             - Undefined Weak Reference
    _fp_trap_shutdown                         - Undefined Weak Reference
    _get_lc_collate                           - Undefined Weak Reference
    _get_lc_ctype                             - Undefined Weak Reference
    _get_lc_monetary                          - Undefined Weak Reference
    _get_lc_numeric                           - Undefined Weak Reference
    _get_lc_time                              - Undefined Weak Reference
    _getenv_init                              - Undefined Weak Reference
    _handle_redirection                       - Undefined Weak Reference
    _init_alloc                               - Undefined Weak Reference
    _init_user_alloc                          - Undefined Weak Reference
    _initio                                   - Undefined Weak Reference
    _rand_init                                - Undefined Weak Reference
    _signal_finish                            - Undefined Weak Reference
    _signal_init                              - Undefined Weak Reference
    _terminate_alloc                          - Undefined Weak Reference
    _terminate_user_alloc                     - Undefined Weak Reference
    _terminateio                              - Undefined Weak Reference
    __Vectors_Size                           0x000000ec   Number         0  startup_stm32f10x_md.o ABSOLUTE
    __Vectors                                0x08000000   Data           4  startup_stm32f10x_md.o(RESET)
    __Vectors_End                            0x080000ec   Data           0  startup_stm32f10x_md.o(RESET)
    __main                                   0x080000ed   Thumb Code     8  __main.o(!!!main)
    __scatterload                            0x080000f5   Thumb Code     0  __scatter.o(!!!scatter)
    __scatterload_rt2                        0x080000f5   Thumb Code    44  __scatter.o(!!!scatter)
    __scatterload_rt2_thumb_only             0x080000f5   Thumb Code     0  __scatter.o(!!!scatter)
    __scatterload_null                       0x08000103   Thumb Code     0  __scatter.o(!!!scatter)
    __scatterload_copy                       0x08000129   Thumb Code    26  __scatter_copy.o(!!handler_copy)
    __scatterload_zeroinit                   0x08000145   Thumb Code    28  __scatter_zi.o(!!handler_zi)
    __rt_lib_init                            0x08000161   Thumb Code     0  libinit.o(.ARM.Collect$$libinit$$00000000)
    __rt_lib_init_alloca_1                   0x08000163   Thumb Code     0  libinit2.o(.ARM.Collect$$libinit$$00000030)
    __rt_lib_init_argv_1                     0x08000163   Thumb Code     0  libinit2.o(.ARM.Collect$$libinit$$0000002E)
    __rt_lib_init_atexit_1                   0x08000163   Thumb Code     0  libinit2.o(.ARM.Collect$$libinit$$0000001D)
    __rt_lib_init_clock_1                    0x08000163   Thumb Code     0  libinit2.o(.ARM.Collect$$libinit$$00000023)
    __rt_lib_init_cpp_1                      0x08000163   Thumb Code     0  libinit2.o(.ARM.Collect$$libinit$$00000034)
    __rt_lib_init_exceptions_1               0x08000163   Thumb Code     0  libinit2.o(.ARM.Collect$$libinit$$00000032)
    __rt_lib_init_fp_1                       0x08000163   Thumb Code     0  libinit2.o(.ARM.Collect$$libinit$$00000002)
    __rt_lib_init_fp_trap_1                  0x08000163   Thumb Code     0  libinit2.o(.ARM.Collect$$libinit$$00000021)
    __rt_lib_init_getenv_1                   0x08000163   Thumb Code     0  libinit2.o(.ARM.Collect$$libinit$$00000025)
    __rt_lib_init_heap_1                     0x08000163   Thumb Code     0  libinit2.o(.ARM.Collect$$libinit$$0000000C)
    __rt_lib_init_lc_collate_1               0x08000163   Thumb Code     0  libinit2.o(.ARM.Collect$$libinit$$00000013)
    __rt_lib_init_lc_ctype_1                 0x08000163   Thumb Code     0  libinit2.o(.ARM.Collect$$libinit$$00000015)
    __rt_lib_init_lc_monetary_1              0x08000163   Thumb Code     0  libinit2.o(.ARM.Collect$$libinit$$00000017)
    __rt_lib_init_lc_numeric_1               0x08000163   Thumb Code     0  libinit2.o(.ARM.Collect$$libinit$$00000019)
    __rt_lib_init_lc_time_1                  0x08000163   Thumb Code     0  libinit2.o(.ARM.Collect$$libinit$$0000001B)
    __rt_lib_init_preinit_1                  0x08000163   Thumb Code     0  libinit2.o(.ARM.Collect$$libinit$$00000006)
    __rt_lib_init_rand_1                     0x08000163   Thumb Code     0  libinit2.o(.ARM.Collect$$libinit$$00000010)
    __rt_lib_init_relocate_pie_1             0x08000163   Thumb Code     0  libinit2.o(.ARM.Collect$$libinit$$00000004)
    __rt_lib_init_return                     0x08000163   Thumb Code     0  libinit2.o(.ARM.Collect$$libinit$$00000035)
    __rt_lib_init_signal_1                   0x08000163   Thumb Code     0  libinit2.o(.ARM.Collect$$libinit$$0000001F)
    __rt_lib_init_stdio_1                    0x08000163   Thumb Code     0  libinit2.o(.ARM.Collect$$libinit$$00000027)
    __rt_lib_init_user_alloc_1               0x08000163   Thumb Code     0  libinit2.o(.ARM.Collect$$libinit$$0000000E)
    __rt_lib_shutdown                        0x08000165   Thumb Code     0  libshutdown.o(.ARM.Collect$$libshutdown$$00000000)
    __rt_lib_shutdown_cpp_1                  0x08000167   Thumb Code     0  libshutdown2.o(.ARM.Collect$$libshutdown$$00000002)
    __rt_lib_shutdown_fp_trap_1              0x08000167   Thumb Code     0  libshutdown2.o(.ARM.Collect$$libshutdown$$00000007)
    __rt_lib_shutdown_heap_1                 0x08000167   Thumb Code     0  libshutdown2.o(.ARM.Collect$$libshutdown$$0000000F)
    __rt_lib_shutdown_return                 0x08000167   Thumb Code     0  libshutdown2.o(.ARM.Collect$$libshutdown$$00000010)
    __rt_lib_shutdown_signal_1               0x08000167   Thumb Code     0  libshutdown2.o(.ARM.Collect$$libshutdown$$0000000A)
    __rt_lib_shutdown_stdio_1                0x08000167   Thumb Code     0  libshutdown2.o(.ARM.Collect$$libshutdown$$00000004)
    __rt_lib_shutdown_user_alloc_1           0x08000167   Thumb Code     0  libshutdown2.o(.ARM.Collect$$libshutdown$$0000000C)
    __rt_entry                               0x08000169   Thumb Code     0  __rtentry.o(.ARM.Collect$$rtentry$$00000000)
    __rt_entry_presh_1                       0x08000169   Thumb Code     0  __rtentry2.o(.ARM.Collect$$rtentry$$00000002)
    __rt_entry_sh                            0x08000169   Thumb Code     0  __rtentry4.o(.ARM.Collect$$rtentry$$00000004)
    __rt_entry_li                            0x0800016f   Thumb Code     0  __rtentry2.o(.ARM.Collect$$rtentry$$0000000A)
    __rt_entry_postsh_1                      0x0800016f   Thumb Code     0  __rtentry2.o(.ARM.Collect$$rtentry$$00000009)
    __rt_entry_main                          0x08000173   Thumb Code     0  __rtentry2.o(.ARM.Collect$$rtentry$$0000000D)
    __rt_entry_postli_1                      0x08000173   Thumb Code     0  __rtentry2.o(.ARM.Collect$$rtentry$$0000000C)
    __rt_exit                                0x0800017b   Thumb Code     0  rtexit.o(.ARM.Collect$$rtexit$$00000000)
    __rt_exit_ls                             0x0800017d   Thumb Code     0  rtexit2.o(.ARM.Collect$$rtexit$$00000003)
    __rt_exit_prels_1                        0x0800017d   Thumb Code     0  rtexit2.o(.ARM.Collect$$rtexit$$00000002)
    __rt_exit_exit                           0x08000181   Thumb Code     0  rtexit2.o(.ARM.Collect$$rtexit$$00000004)
    Reset_Handler                            0x08000189   Thumb Code     8  startup_stm32f10x_md.o(.text)
    NMI_Handler                              0x08000191   Thumb Code     2  startup_stm32f10x_md.o(.text)
    HardFault_Handler                        0x08000193   Thumb Code     2  startup_stm32f10x_md.o(.text)
    MemManage_Handler                        0x08000195   Thumb Code     2  startup_stm32f10x_md.o(.text)
    BusFault_Handler                         0x08000197   Thumb Code     2  startup_stm32f10x_md.o(.text)
    UsageFault_Handler                       0x08000199   Thumb Code     2  startup_stm32f10x_md.o(.text)
    SVC_Handler                              0x0800019b   Thumb Code     2  startup_stm32f10x_md.o(.text)
    DebugMon_Handler                         0x0800019d   Thumb Code     2  startup_stm32f10x_md.o(.text)
    PendSV_Handler                           0x0800019f   Thumb Code     2  startup_stm32f10x_md.o(.text)
    ADC1_2_IRQHandler                        0x080001a3   Thumb Code     0  startup_stm32f10x_md.o(.text)
    CAN1_RX1_IRQHandler                      0x080001a3   Thumb Code     0  startup_stm32f10x_md.o(.text)
    CAN1_SCE_IRQHandler                      0x080001a3   Thumb Code     0  startup_stm32f10x_md.o(.text)
    EXTI0_IRQHandler                         0x080001a3   Thumb Code     0  startup_stm32f10x_md.o(.text)
    EXTI15_10_IRQHandler                     0x080001a3   Thumb Code     0  startup_stm32f10x_md.o(.text)
    EXTI1_IRQHandler                         0x080001a3   Thumb Code     0  startup_stm32f10x_md.o(.text)
    EXTI2_IRQHandler                         0x080001a3   Thumb Code     0  startup_stm32f10x_md.o(.text)
    EXTI3_IRQHandler                         0x080001a3   Thumb Code     0  startup_stm32f10x_md.o(.text)
    EXTI9_5_IRQHandler                       0x080001a3   Thumb Code     0  startup_stm32f10x_md.o(.text)
    FLASH_IRQHandler                         0x080001a3   Thumb Code     0  startup_stm32f10x_md.o(.text)
    I2C1_ER_IRQHandler                       0x080001a3   Thumb Code     0  startup_stm32f10x_md.o(.text)
    I2C1_EV_IRQHandler                       0x080001a3   Thumb Code     0  startup_stm32f10x_md.o(.text)
    I2C2_ER_IRQHandler                       0x080001a3   Thumb Code     0  startup_stm32f10x_md.o(.text)
    I2C2_EV_IRQHandler                       0x080001a3   Thumb Code     0  startup_stm32f10x_md.o(.text)
    PVD_IRQHandler                           0x080001a3   Thumb Code     0  startup_stm32f10x_md.o(.text)
    RCC_IRQHandler                           0x080001a3   Thumb Code     0  startup_stm32f10x_md.o(.text)
    RTCAlarm_IRQHandler                      0x080001a3   Thumb Code     0  startup_stm32f10x_md.o(.text)
    RTC_IRQHandler                           0x080001a3   Thumb Code     0  startup_stm32f10x_md.o(.text)
    SPI1_IRQHandler                          0x080001a3   Thumb Code     0  startup_stm32f10x_md.o(.text)
    SPI2_IRQHandler                          0x080001a3   Thumb Code     0  startup_stm32f10x_md.o(.text)
    TAMPER_IRQHandler                        0x080001a3   Thumb Code     0  startup_stm32f10x_md.o(.text)
    TIM1_BRK_IRQHandler                      0x080001a3   Thumb Code     0  startup_stm32f10x_md.o(.text)
    TIM1_CC_IRQHandler                       0x080001a3   Thumb Code     0  startup_stm32f10x_md.o(.text)
    TIM1_TRG_COM_IRQHandler                  0x080001a3   Thumb Code     0  startup_stm32f10x_md.o(.text)
    TIM1_UP_IRQHandler                       0x080001a3   Thumb Code     0  startup_stm32f10x_md.o(.text)
    TIM2_IRQHandler                          0x080001a3   Thumb Code     0  startup_stm32f10x_md.o(.text)
    TIM3_IRQHandler                          0x080001a3   Thumb Code     0  startup_stm32f10x_md.o(.text)
    TIM4_IRQHandler                          0x080001a3   Thumb Code     0  startup_stm32f10x_md.o(.text)
    USART1_IRQHandler                        0x080001a3   Thumb Code     0  startup_stm32f10x_md.o(.text)
    USART2_IRQHandler                        0x080001a3   Thumb Code     0  startup_stm32f10x_md.o(.text)
    USART3_IRQHandler                        0x080001a3   Thumb Code     0  startup_stm32f10x_md.o(.text)
    USBWakeUp_IRQHandler                     0x080001a3   Thumb Code     0  startup_stm32f10x_md.o(.text)
    USB_HP_CAN1_TX_IRQHandler                0x080001a3   Thumb Code     0  startup_stm32f10x_md.o(.text)
    USB_LP_CAN1_RX0_IRQHandler               0x080001a3   Thumb Code     0  startup_stm32f10x_md.o(.text)
    WWDG_IRQHandler                          0x080001a3   Thumb Code     0  startup_stm32f10x_md.o(.text)
    __user_initial_stackheap                 0x080001a5   Thumb Code     0  startup_stm32f10x_md.o(.text)
    __use_two_region_memory                  0x080001c9   Thumb Code     2  heapauxi.o(.text)
    __rt_heap_escrow$2region                 0x080001cb   Thumb Code     2  heapauxi.o(.text)
    __rt_heap_expand$2region                 0x080001cd   Thumb Code     2  heapauxi.o(.text)
    __user_setup_stackheap                   0x080001cf   Thumb Code    74  sys_stackheap_outer.o(.text)
    exit                                     0x08000219   Thumb Code    18  exit.o(.text)
    __user_libspace                          0x0800022d   Thumb Code     8  libspace.o(.text)
    __user_perproc_libspace                  0x0800022d   Thumb Code     0  libspace.o(.text)
    __user_perthread_libspace                0x0800022d   Thumb Code     0  libspace.o(.text)
    _sys_exit                                0x08000235   Thumb Code     8  sys_exit.o(.text)
    __I$use$semihosting                      0x08000241   Thumb Code     0  use_no_semi.o(.text)
    __use_no_semihosting_swi                 0x08000241   Thumb Code     2  use_no_semi.o(.text)
    __semihosting_library_function           0x08000243   Thumb Code     0  indicate_semi.o(.text)
    DMA1_Channel1_Event                      0x08000245   Thumb Code     8  dma_stm32f10x.o(.text.DMA1_Channel1_Event)
    DMA1_Channel1_IRQHandler                 0x0800024d   Thumb Code    38  dma_stm32f10x.o(.text.DMA1_Channel1_IRQHandler)
    DMA1_Channel2_Event                      0x08000275   Thumb Code     8  dma_stm32f10x.o(.text.DMA1_Channel2_Event)
    DMA1_Channel2_IRQHandler                 0x0800027d   Thumb Code    40  dma_stm32f10x.o(.text.DMA1_Channel2_IRQHandler)
    DMA1_Channel3_Event                      0x080002a5   Thumb Code     8  dma_stm32f10x.o(.text.DMA1_Channel3_Event)
    DMA1_Channel3_IRQHandler                 0x080002ad   Thumb Code    40  dma_stm32f10x.o(.text.DMA1_Channel3_IRQHandler)
    DMA1_Channel4_Event                      0x080002d5   Thumb Code     8  dma_stm32f10x.o(.text.DMA1_Channel4_Event)
    DMA1_Channel4_IRQHandler                 0x080002dd   Thumb Code    40  dma_stm32f10x.o(.text.DMA1_Channel4_IRQHandler)
    DMA1_Channel5_Event                      0x08000305   Thumb Code     8  dma_stm32f10x.o(.text.DMA1_Channel5_Event)
    DMA1_Channel5_IRQHandler                 0x0800030d   Thumb Code    40  dma_stm32f10x.o(.text.DMA1_Channel5_IRQHandler)
    DMA1_Channel6_Event                      0x08000335   Thumb Code     8  dma_stm32f10x.o(.text.DMA1_Channel6_Event)
    DMA1_Channel6_IRQHandler                 0x0800033d   Thumb Code    40  dma_stm32f10x.o(.text.DMA1_Channel6_IRQHandler)
    DMA1_Channel7_Event                      0x08000365   Thumb Code     8  dma_stm32f10x.o(.text.DMA1_Channel7_Event)
    DMA1_Channel7_IRQHandler                 0x0800036d   Thumb Code    40  dma_stm32f10x.o(.text.DMA1_Channel7_IRQHandler)
    EXTI4_IRQHandler                         0x08000395   Thumb Code   764  main.o(.text.EXTI4_IRQHandler)
    EXTI_CLR_PendingFLag                     0x08000691   Thumb Code    48  exti_program.o(.text.EXTI_CLR_PendingFLag)
    EXTI_SetTrigger                          0x080006c1   Thumb Code   236  exti_program.o(.text.EXTI_SetTrigger)
    EXTI_vInit                               0x080007ad   Thumb Code   354  exti_program.o(.text.EXTI_vInit)
    MCAL_AFIO_SetEXTIConfiguration           0x08000911   Thumb Code   152  afio_program.o(.text.MCAL_AFIO_SetEXTIConfiguration)
    MCAL_GPIO_GetPinValue                    0x080009a9   Thumb Code   212  gpio_program.o(.text.MCAL_GPIO_GetPinValue)
    MCAL_GPIO_SetPinMode                     0x08000a7d   Thumb Code   486  gpio_program.o(.text.MCAL_GPIO_SetPinMode)
    MCAL_GPIO_SetPinValue                    0x08000c65   Thumb Code   364  gpio_program.o(.text.MCAL_GPIO_SetPinValue)
    MCAL_NVIC_ClearPendingIRQ                0x08000dd1   Thumb Code   140  nvic_program.o(.text.MCAL_NVIC_ClearPendingIRQ)
    MCAL_NVIC_EnableIRQ                      0x08000e5d   Thumb Code   148  nvic_program.o(.text.MCAL_NVIC_EnableIRQ)
    MCAL_RCC_EnablePeripheral                0x08000ef1   Thumb Code   150  rcc_program.o(.text.MCAL_RCC_EnablePeripheral)
    MCAL_RCC_InitSysClock                    0x08000f89   Thumb Code    84  rcc_program.o(.text.MCAL_RCC_InitSysClock)
    MCAL_STK_Reset                           0x08000fdd   Thumb Code    48  stk_program.o(.text.MCAL_STK_Reset)
    MCAL_STK_SetDelay_ms                     0x0800100d   Thumb Code   154  stk_program.o(.text.MCAL_STK_SetDelay_ms)
    SysTick_Handler                          0x080011d5   Thumb Code     2  stk_program.o(.text.SysTick_Handler)
    SystemInit                               0x080011d9   Thumb Code   102  system_stm32f10x.o(.text.SystemInit)
    main                                     0x08001241   Thumb Code   356  main.o(.text.main)
    __aeabi_ddiv                             0x080013a5   Thumb Code     0  ddiv.o(x$fpl$ddiv)
    _ddiv                                    0x080013a5   Thumb Code   556  ddiv.o(x$fpl$ddiv)
    __aeabi_d2uiz                            0x08001659   Thumb Code     0  dfixu.o(x$fpl$dfixu)
    _dfixu                                   0x08001659   Thumb Code    90  dfixu.o(x$fpl$dfixu)
    __fpl_dnaninf                            0x080016b3   Thumb Code   156  dnaninf.o(x$fpl$dnaninf)
    __fpl_dretinf                            0x0800174f   Thumb Code    12  dretinf.o(x$fpl$dretinf)
    __aeabi_f2d                              0x0800175d   Thumb Code     0  f2d.o(x$fpl$f2d)
    _f2d                                     0x0800175d   Thumb Code    86  f2d.o(x$fpl$f2d)
    __aeabi_fmul                             0x080017b5   Thumb Code     0  fmul.o(x$fpl$fmul)
    _fmul                                    0x080017b5   Thumb Code   258  fmul.o(x$fpl$fmul)
    __fpl_fnaninf                            0x080018b7   Thumb Code   140  fnaninf.o(x$fpl$fnaninf)
    __fpl_fretinf                            0x08001943   Thumb Code    10  fretinf.o(x$fpl$fretinf)
    EventRecorderInfo                        0x0800194c   Data          24  eventrecorder.o(.rodata.EventRecorderInfo)
    __I$use$fp                               0x0800194c   Number         0  usenofp.o(x$fpl$usenofp)
    Region$$Table$$Base                      0x08001964   Number         0  anon$$obj.o(Region$$Table)
    Region$$Table$$Limit                     0x08001984   Number         0  anon$$obj.o(Region$$Table)
    EXTI_Configurations                      0x20000000   Data          16  exti_program.o(.data.EXTI_Configurations)
    __libspace_start                         0x20000040   Data          96  libspace.o(.bss)
    BlinkingLoop                             0x200000a0   Data           1  main.o(.bss.BlinkingLoop)
    __temporary_stack_top$libspace           0x200000a0   Data           0  libspace.o(.bss)
    ReturnValue                              0x200000a1   Data           1  main.o(.bss.ReturnValue)



==============================================================================

Memory Map of the image

  Image Entry point : 0x080000ed

  Load Region LR_IROM1 (Base: 0x08000000, Size: 0x00001a00, Max: 0x00010000, ABSOLUTE)

    Execution Region ER_IROM1 (Exec base: 0x08000000, Load base: 0x08000000, Size: 0x00001984, Max: 0x00010000, ABSOLUTE)

    Exec Addr    Load Addr    Size         Type   Attr      Idx    E Section Name        Object

    0x08000000   0x08000000   0x000000ec   Data   RO          308    RESET               startup_stm32f10x_md.o
    0x080000ec   0x080000ec   0x00000008   Code   RO          340  * !!!main             c_w.l(__main.o)
    0x080000f4   0x080000f4   0x00000034   Code   RO          528    !!!scatter          c_w.l(__scatter.o)
    0x08000128   0x08000128   0x0000001a   Code   RO          530    !!handler_copy      c_w.l(__scatter_copy.o)
    0x08000142   0x08000142   0x00000002   PAD
    0x08000144   0x08000144   0x0000001c   Code   RO          532    !!handler_zi        c_w.l(__scatter_zi.o)
    0x08000160   0x08000160   0x00000002   Code   RO          390    .ARM.Collect$$libinit$$00000000  c_w.l(libinit.o)
    0x08000162   0x08000162   0x00000000   Code   RO          397    .ARM.Collect$$libinit$$00000002  c_w.l(libinit2.o)
    0x08000162   0x08000162   0x00000000   Code   RO          399    .ARM.Collect$$libinit$$00000004  c_w.l(libinit2.o)
    0x08000162   0x08000162   0x00000000   Code   RO          401    .ARM.Collect$$libinit$$00000006  c_w.l(libinit2.o)
    0x08000162   0x08000162   0x00000000   Code   RO          404    .ARM.Collect$$libinit$$0000000C  c_w.l(libinit2.o)
    0x08000162   0x08000162   0x00000000   Code   RO          406    .ARM.Collect$$libinit$$0000000E  c_w.l(libinit2.o)
    0x08000162   0x08000162   0x00000000   Code   RO          408    .ARM.Collect$$libinit$$00000010  c_w.l(libinit2.o)
    0x08000162   0x08000162   0x00000000   Code   RO          411    .ARM.Collect$$libinit$$00000013  c_w.l(libinit2.o)
    0x08000162   0x08000162   0x00000000   Code   RO          413    .ARM.Collect$$libinit$$00000015  c_w.l(libinit2.o)
    0x08000162   0x08000162   0x00000000   Code   RO          415    .ARM.Collect$$libinit$$00000017  c_w.l(libinit2.o)
    0x08000162   0x08000162   0x00000000   Code   RO          417    .ARM.Collect$$libinit$$00000019  c_w.l(libinit2.o)
    0x08000162   0x08000162   0x00000000   Code   RO          419    .ARM.Collect$$libinit$$0000001B  c_w.l(libinit2.o)
    0x08000162   0x08000162   0x00000000   Code   RO          421    .ARM.Collect$$libinit$$0000001D  c_w.l(libinit2.o)
    0x08000162   0x08000162   0x00000000   Code   RO          423    .ARM.Collect$$libinit$$0000001F  c_w.l(libinit2.o)
    0x08000162   0x08000162   0x00000000   Code   RO          425    .ARM.Collect$$libinit$$00000021  c_w.l(libinit2.o)
    0x08000162   0x08000162   0x00000000   Code   RO          427    .ARM.Collect$$libinit$$00000023  c_w.l(libinit2.o)
    0x08000162   0x08000162   0x00000000   Code   RO          429    .ARM.Collect$$libinit$$00000025  c_w.l(libinit2.o)
    0x08000162   0x08000162   0x00000000   Code   RO          431    .ARM.Collect$$libinit$$00000027  c_w.l(libinit2.o)
    0x08000162   0x08000162   0x00000000   Code   RO          435    .ARM.Collect$$libinit$$0000002E  c_w.l(libinit2.o)
    0x08000162   0x08000162   0x00000000   Code   RO          437    .ARM.Collect$$libinit$$00000030  c_w.l(libinit2.o)
    0x08000162   0x08000162   0x00000000   Code   RO          439    .ARM.Collect$$libinit$$00000032  c_w.l(libinit2.o)
    0x08000162   0x08000162   0x00000000   Code   RO          441    .ARM.Collect$$libinit$$00000034  c_w.l(libinit2.o)
    0x08000162   0x08000162   0x00000002   Code   RO          442    .ARM.Collect$$libinit$$00000035  c_w.l(libinit2.o)
    0x08000164   0x08000164   0x00000002   Code   RO          464    .ARM.Collect$$libshutdown$$00000000  c_w.l(libshutdown.o)
    0x08000166   0x08000166   0x00000000   Code   RO          479    .ARM.Collect$$libshutdown$$00000002  c_w.l(libshutdown2.o)
    0x08000166   0x08000166   0x00000000   Code   RO          481    .ARM.Collect$$libshutdown$$00000004  c_w.l(libshutdown2.o)
    0x08000166   0x08000166   0x00000000   Code   RO          484    .ARM.Collect$$libshutdown$$00000007  c_w.l(libshutdown2.o)
    0x08000166   0x08000166   0x00000000   Code   RO          487    .ARM.Collect$$libshutdown$$0000000A  c_w.l(libshutdown2.o)
    0x08000166   0x08000166   0x00000000   Code   RO          489    .ARM.Collect$$libshutdown$$0000000C  c_w.l(libshutdown2.o)
    0x08000166   0x08000166   0x00000000   Code   RO          492    .ARM.Collect$$libshutdown$$0000000F  c_w.l(libshutdown2.o)
    0x08000166   0x08000166   0x00000002   Code   RO          493    .ARM.Collect$$libshutdown$$00000010  c_w.l(libshutdown2.o)
    0x08000168   0x08000168   0x00000000   Code   RO          354    .ARM.Collect$$rtentry$$00000000  c_w.l(__rtentry.o)
    0x08000168   0x08000168   0x00000000   Code   RO          367    .ARM.Collect$$rtentry$$00000002  c_w.l(__rtentry2.o)
    0x08000168   0x08000168   0x00000006   Code   RO          379    .ARM.Collect$$rtentry$$00000004  c_w.l(__rtentry4.o)
    0x0800016e   0x0800016e   0x00000000   Code   RO          369    .ARM.Collect$$rtentry$$00000009  c_w.l(__rtentry2.o)
    0x0800016e   0x0800016e   0x00000004   Code   RO          370    .ARM.Collect$$rtentry$$0000000A  c_w.l(__rtentry2.o)
    0x08000172   0x08000172   0x00000000   Code   RO          372    .ARM.Collect$$rtentry$$0000000C  c_w.l(__rtentry2.o)
    0x08000172   0x08000172   0x00000008   Code   RO          373    .ARM.Collect$$rtentry$$0000000D  c_w.l(__rtentry2.o)
    0x0800017a   0x0800017a   0x00000002   Code   RO          394    .ARM.Collect$$rtexit$$00000000  c_w.l(rtexit.o)
    0x0800017c   0x0800017c   0x00000000   Code   RO          444    .ARM.Collect$$rtexit$$00000002  c_w.l(rtexit2.o)
    0x0800017c   0x0800017c   0x00000004   Code   RO          445    .ARM.Collect$$rtexit$$00000003  c_w.l(rtexit2.o)
    0x08000180   0x08000180   0x00000006   Code   RO          446    .ARM.Collect$$rtexit$$00000004  c_w.l(rtexit2.o)
    0x08000186   0x08000186   0x00000002   PAD
    0x08000188   0x08000188   0x00000040   Code   RO          309    .text               startup_stm32f10x_md.o
    0x080001c8   0x080001c8   0x00000006   Code   RO          338    .text               c_w.l(heapauxi.o)
    0x080001ce   0x080001ce   0x0000004a   Code   RO          381    .text               c_w.l(sys_stackheap_outer.o)
    0x08000218   0x08000218   0x00000012   Code   RO          383    .text               c_w.l(exit.o)
    0x0800022a   0x0800022a   0x00000002   PAD
    0x0800022c   0x0800022c   0x00000008   Code   RO          391    .text               c_w.l(libspace.o)
    0x08000234   0x08000234   0x0000000c   Code   RO          454    .text               c_w.l(sys_exit.o)
    0x08000240   0x08000240   0x00000002   Code   RO          469    .text               c_w.l(use_no_semi.o)
    0x08000242   0x08000242   0x00000000   Code   RO          471    .text               c_w.l(indicate_semi.o)
    0x08000242   0x08000242   0x00000002   PAD
    0x08000244   0x08000244   0x00000008   Code   RO          256    .text.DMA1_Channel1_Event  dma_stm32f10x.o
    0x0800024c   0x0800024c   0x00000026   Code   RO          270    .text.DMA1_Channel1_IRQHandler  dma_stm32f10x.o
    0x08000272   0x08000272   0x00000002   PAD
    0x08000274   0x08000274   0x00000008   Code   RO          258    .text.DMA1_Channel2_Event  dma_stm32f10x.o
    0x0800027c   0x0800027c   0x00000028   Code   RO          272    .text.DMA1_Channel2_IRQHandler  dma_stm32f10x.o
    0x080002a4   0x080002a4   0x00000008   Code   RO          260    .text.DMA1_Channel3_Event  dma_stm32f10x.o
    0x080002ac   0x080002ac   0x00000028   Code   RO          274    .text.DMA1_Channel3_IRQHandler  dma_stm32f10x.o
    0x080002d4   0x080002d4   0x00000008   Code   RO          262    .text.DMA1_Channel4_Event  dma_stm32f10x.o
    0x080002dc   0x080002dc   0x00000028   Code   RO          276    .text.DMA1_Channel4_IRQHandler  dma_stm32f10x.o
    0x08000304   0x08000304   0x00000008   Code   RO          264    .text.DMA1_Channel5_Event  dma_stm32f10x.o
    0x0800030c   0x0800030c   0x00000028   Code   RO          278    .text.DMA1_Channel5_IRQHandler  dma_stm32f10x.o
    0x08000334   0x08000334   0x00000008   Code   RO          266    .text.DMA1_Channel6_Event  dma_stm32f10x.o
    0x0800033c   0x0800033c   0x00000028   Code   RO          280    .text.DMA1_Channel6_IRQHandler  dma_stm32f10x.o
    0x08000364   0x08000364   0x00000008   Code   RO          268    .text.DMA1_Channel7_Event  dma_stm32f10x.o
    0x0800036c   0x0800036c   0x00000028   Code   RO          282    .text.DMA1_Channel7_IRQHandler  dma_stm32f10x.o
    0x08000394   0x08000394   0x000002fc   Code   RO          134    .text.EXTI4_IRQHandler  main.o
    0x08000690   0x08000690   0x00000030   Code   RO           12    .text.EXTI_CLR_PendingFLag  exti_program.o
    0x080006c0   0x080006c0   0x000000ec   Code   RO           10    .text.EXTI_SetTrigger  exti_program.o
    0x080007ac   0x080007ac   0x00000162   Code   RO            2    .text.EXTI_vInit    exti_program.o
    0x0800090e   0x0800090e   0x00000002   PAD
    0x08000910   0x08000910   0x00000098   Code   RO          155    .text.MCAL_AFIO_SetEXTIConfiguration  afio_program.o
    0x080009a8   0x080009a8   0x000000d4   Code   RO           26    .text.MCAL_GPIO_GetPinValue  gpio_program.o
    0x08000a7c   0x08000a7c   0x000001e6   Code   RO           22    .text.MCAL_GPIO_SetPinMode  gpio_program.o
    0x08000c62   0x08000c62   0x00000002   PAD
    0x08000c64   0x08000c64   0x0000016c   Code   RO           24    .text.MCAL_GPIO_SetPinValue  gpio_program.o
    0x08000dd0   0x08000dd0   0x0000008c   Code   RO           43    .text.MCAL_NVIC_ClearPendingIRQ  nvic_program.o
    0x08000e5c   0x08000e5c   0x00000094   Code   RO           37    .text.MCAL_NVIC_EnableIRQ  nvic_program.o
    0x08000ef0   0x08000ef0   0x00000096   Code   RO           62    .text.MCAL_RCC_EnablePeripheral  rcc_program.o
    0x08000f86   0x08000f86   0x00000002   PAD
    0x08000f88   0x08000f88   0x00000054   Code   RO           60    .text.MCAL_RCC_InitSysClock  rcc_program.o
    0x08000fdc   0x08000fdc   0x00000030   Code   RO          108    .text.MCAL_STK_Reset  stk_program.o
    0x0800100c   0x0800100c   0x0000009a   Code   RO          116    .text.MCAL_STK_SetDelay_ms  stk_program.o
    0x080010a6   0x080010a6   0x00000002   PAD
    0x080010a8   0x080010a8   0x00000008   Code   RO          318    .text.SetSysClock   system_stm32f10x.o
    0x080010b0   0x080010b0   0x00000122   Code   RO          322    .text.SetSysClockTo72  system_stm32f10x.o
    0x080011d2   0x080011d2   0x00000002   PAD
    0x080011d4   0x080011d4   0x00000002   Code   RO          122    .text.SysTick_Handler  stk_program.o
    0x080011d6   0x080011d6   0x00000002   PAD
    0x080011d8   0x080011d8   0x00000066   Code   RO          316    .text.SystemInit    system_stm32f10x.o
    0x0800123e   0x0800123e   0x00000002   PAD
    0x08001240   0x08001240   0x00000164   Code   RO          132    .text.main          main.o
    0x080013a4   0x080013a4   0x000002b4   Code   RO          343    x$fpl$ddiv          fz_ws.l(ddiv.o)
    0x08001658   0x08001658   0x0000005a   Code   RO          346    x$fpl$dfixu         fz_ws.l(dfixu.o)
    0x080016b2   0x080016b2   0x0000009c   Code   RO          357    x$fpl$dnaninf       fz_ws.l(dnaninf.o)
    0x0800174e   0x0800174e   0x0000000c   Code   RO          359    x$fpl$dretinf       fz_ws.l(dretinf.o)
    0x0800175a   0x0800175a   0x00000002   PAD
    0x0800175c   0x0800175c   0x00000056   Code   RO          350    x$fpl$f2d           fz_ws.l(f2d.o)
    0x080017b2   0x080017b2   0x00000002   PAD
    0x080017b4   0x080017b4   0x00000102   Code   RO          352    x$fpl$fmul          fz_ws.l(fmul.o)
    0x080018b6   0x080018b6   0x0000008c   Code   RO          361    x$fpl$fnaninf       fz_ws.l(fnaninf.o)
    0x08001942   0x08001942   0x0000000a   Code   RO          363    x$fpl$fretinf       fz_ws.l(fretinf.o)
    0x0800194c   0x0800194c   0x00000000   Code   RO          365    x$fpl$usenofp       fz_ws.l(usenofp.o)
    0x0800194c   0x0800194c   0x00000018   Data   RO          237    .rodata.EventRecorderInfo  eventrecorder.o
    0x08001964   0x08001964   0x00000020   Data   RO          527    Region$$Table       anon$$obj.o


    Execution Region RW_IRAM1 (Exec base: 0x20000000, Load base: 0x080019c0, Size: 0x00000b68, Max: 0x00005000, ABSOLUTE)

    Exec Addr    Load Addr    Size         Type   Attr      Idx    E Section Name        Object

    0x20000000   0x080019c0   0x00000010   Data   RW           14    .data.EXTI_Configurations  exti_program.o
    0x20000010   0x080019d0   0x00000030   PAD
    0x20000040        -       0x00000060   Zero   RW          392    .bss                c_w.l(libspace.o)
    0x200000a0        -       0x00000001   Zero   RW          137    .bss.BlinkingLoop   main.o
    0x200000a1        -       0x00000001   Zero   RW          136    .bss.ReturnValue    main.o
    0x200000a2   0x080019d0   0x0000001e   PAD
    0x200000c0        -       0x000004a4   Zero   RW          236    .bss.noinit         eventrecorder.o
    0x20000564   0x080019d0   0x00000004   PAD
    0x20000568        -       0x00000200   Zero   RW          307    HEAP                startup_stm32f10x_md.o
    0x20000768        -       0x00000400   Zero   RW          306    STACK               startup_stm32f10x_md.o


==============================================================================

Image component sizes


      Code (inc. data)   RO Data    RW Data    ZI Data      Debug   Object Name

       152          0          0          0          0       1892   afio_program.o
       334          0          0          0          0       5799   dma_stm32f10x.o
         0          0         24          0       1188       8093   eventrecorder.o
       638          0          0         16          0       2292   exti_program.o
      1062          0          0          0          0       1921   gpio_program.o
      1120          0          0          0          2       1520   main.o
       288          0          0          0          0       3053   nvic_program.o
       234          0          0          0          0       1072   rcc_program.o
        64         26        236          0       1536        844   startup_stm32f10x_md.o
       204          0          0          0          0       2572   stk_program.o
       400          0          0          0          0       2871   system_stm32f10x.o

    ----------------------------------------------------------------------
      4512         26        292         16       2808      31929   Object Totals
         0          0         32          0          0          0   (incl. Generated)
        16          0          0          0         82          0   (incl. Padding)

    ----------------------------------------------------------------------

      Code (inc. data)   RO Data    RW Data    ZI Data      Debug   Library Member Name

         8          0          0          0          0         68   __main.o
         0          0          0          0          0          0   __rtentry.o
        12          0          0          0          0          0   __rtentry2.o
         6          0          0          0          0          0   __rtentry4.o
        52          8          0          0          0          0   __scatter.o
        26          0          0          0          0          0   __scatter_copy.o
        28          0          0          0          0          0   __scatter_zi.o
        18          0          0          0          0         80   exit.o
         6          0          0          0          0        152   heapauxi.o
         0          0          0          0          0          0   indicate_semi.o
         2          0          0          0          0          0   libinit.o
         2          0          0          0          0          0   libinit2.o
         2          0          0          0          0          0   libshutdown.o
         2          0          0          0          0          0   libshutdown2.o
         8          4          0          0         96         68   libspace.o
         2          0          0          0          0          0   rtexit.o
        10          0          0          0          0          0   rtexit2.o
        12          4          0          0          0         68   sys_exit.o
        74          0          0          0          0         80   sys_stackheap_outer.o
         2          0          0          0          0         68   use_no_semi.o
       692        140          0          0          0        216   ddiv.o
        90          4          0          0          0         92   dfixu.o
       156          4          0          0          0         92   dnaninf.o
        12          0          0          0          0         68   dretinf.o
        86          4          0          0          0         84   f2d.o
       258          4          0          0          0         84   fmul.o
       140          4          0          0          0         84   fnaninf.o
        10          0          0          0          0         68   fretinf.o
         0          0          0          0          0          0   usenofp.o

    ----------------------------------------------------------------------
      1728        176          0          0         96       1372   Library Totals
        12          0          0          0          0          0   (incl. Padding)

    ----------------------------------------------------------------------

      Code (inc. data)   RO Data    RW Data    ZI Data      Debug   Library Name

       272         16          0          0         96        584   c_w.l
      1444        160          0          0          0        788   fz_ws.l

    ----------------------------------------------------------------------
      1728        176          0          0         96       1372   Library Totals

    ----------------------------------------------------------------------

==============================================================================


      Code (inc. data)   RO Data    RW Data    ZI Data      Debug   

      6240        202        292         16       2904      32617   Grand Totals
      6240        202        292         16       2904      32617   ELF Image Totals
      6240        202        292         16          0          0   ROM Totals

==============================================================================

    Total RO  Size (Code + RO Data)                 6532 (   6.38kB)
    Total RW  Size (RW Data + ZI Data)              2920 (   2.85kB)
    Total ROM Size (Code + RO Data + RW Data)       6548 (   6.39kB)

==============================================================================

