Component: Arm Compiler for Embedded 6.19 Tool: armlink [5e73cb00]

==============================================================================

Section Cross References

    main.o(.text.main) refers to rcc_program.o(.text.Mcal_Rcc_InitSysClock) for Mcal_Rcc_InitSysClock
    main.o(.text.main) refers to stk_program.o(.text.MCAL_STK_Init) for MCAL_STK_Init
    main.o(.text.main) refers to rcc_program.o(.text.Mcal_Rcc_EnablePeripheral) for Mcal_Rcc_EnablePeripheral
    main.o(.text.main) refers to gpio_program.o(.text.MCAL_GPIO_SetPinMode) for MCAL_GPIO_SetPinMode
    main.o(.text.main) refers to nvic_program.o(.text.MCAL_NVIC_EnableIRQ) for MCAL_NVIC_EnableIRQ
    main.o(.text.main) refers to exti_program.o(.text.EXTI_vInit) for EXTI_vInit
    main.o(.text.main) refers to gpio_program.o(.text.MCAL_GPIO_SetPinValue) for MCAL_GPIO_SetPinValue
    main.o(.text.main) refers to stk_program.o(.text.MCAL_STK_SetDelay_ms) for MCAL_STK_SetDelay_ms
    main.o(.text.main) refers to stk_program.o(.text.MCAL_STK_Reset) for MCAL_STK_Reset
    main.o(.ARM.exidx.text.main) refers to main.o(.text.main) for [Anonymous Symbol]
    main.o(.text.EXTI0_IRQHandler) refers to gpio_program.o(.text.MCAL_GPIO_GetPinValue) for MCAL_GPIO_GetPinValue
    main.o(.text.EXTI0_IRQHandler) refers to gpio_program.o(.text.MCAL_GPIO_SetPinValue) for MCAL_GPIO_SetPinValue
    main.o(.text.EXTI0_IRQHandler) refers to exti_program.o(.text.EXTI_CLR_PendingFLag) for EXTI_CLR_PendingFLag
    main.o(.text.EXTI0_IRQHandler) refers to nvic_program.o(.text.MCAL_NVIC_ClearPendingIRQ) for MCAL_NVIC_ClearPendingIRQ
    main.o(.text.EXTI0_IRQHandler) refers to main.o(.bss.j) for j
    main.o(.ARM.exidx.text.EXTI0_IRQHandler) refers to main.o(.text.EXTI0_IRQHandler) for [Anonymous Symbol]
    rcc_program.o(.ARM.exidx.text.Mcal_Rcc_InitSysClock) refers to rcc_program.o(.text.Mcal_Rcc_InitSysClock) for [Anonymous Symbol]
    rcc_program.o(.ARM.exidx.text.Mcal_Rcc_EnablePeripheral) refers to rcc_program.o(.text.Mcal_Rcc_EnablePeripheral) for [Anonymous Symbol]
    rcc_program.o(.ARM.exidx.text.Mcal_Rcc_DisablePeripheral) refers to rcc_program.o(.text.Mcal_Rcc_DisablePeripheral) for [Anonymous Symbol]
    stk_program.o(.ARM.exidx.text.MCAL_STK_Init) refers to stk_program.o(.text.MCAL_STK_Init) for [Anonymous Symbol]
    stk_program.o(.ARM.exidx.text.MCAL_STK_Start) refers to stk_program.o(.text.MCAL_STK_Start) for [Anonymous Symbol]
    stk_program.o(.ARM.exidx.text.MCAL_STK_Stop) refers to stk_program.o(.text.MCAL_STK_Stop) for [Anonymous Symbol]
    stk_program.o(.ARM.exidx.text.MCAL_STK_Reset) refers to stk_program.o(.text.MCAL_STK_Reset) for [Anonymous Symbol]
    stk_program.o(.ARM.exidx.text.MCAL_STK_GetRemainingCounts) refers to stk_program.o(.text.MCAL_STK_GetRemainingCounts) for [Anonymous Symbol]
    stk_program.o(.text.MCAL_STK_GetElapsedCounts) refers to stk_program.o(.bss.MCAL_STK_GetElapsedCounts.Local_PreviousValue) for MCAL_STK_GetElapsedCounts.Local_PreviousValue
    stk_program.o(.ARM.exidx.text.MCAL_STK_GetElapsedCounts) refers to stk_program.o(.text.MCAL_STK_GetElapsedCounts) for [Anonymous Symbol]
    stk_program.o(.ARM.exidx.text.MCAL_STK_SetBusyWait) refers to stk_program.o(.text.MCAL_STK_SetBusyWait) for [Anonymous Symbol]
    stk_program.o(.text.MCAL_STK_SetDelay_ms) refers to fmul.o(x$fpl$fmul) for __aeabi_fmul
    stk_program.o(.text.MCAL_STK_SetDelay_ms) refers to f2d.o(x$fpl$f2d) for __aeabi_f2d
    stk_program.o(.text.MCAL_STK_SetDelay_ms) refers to ddiv.o(x$fpl$ddiv) for __aeabi_ddiv
    stk_program.o(.text.MCAL_STK_SetDelay_ms) refers to dfixu.o(x$fpl$dfixu) for __aeabi_d2uiz
    stk_program.o(.ARM.exidx.text.MCAL_STK_SetDelay_ms) refers to stk_program.o(.text.MCAL_STK_SetDelay_ms) for [Anonymous Symbol]
    stk_program.o(.ARM.exidx.text.MCAL_STK_SetIntervalSingle) refers to stk_program.o(.text.MCAL_STK_SetIntervalSingle) for [Anonymous Symbol]
    stk_program.o(.ARM.exidx.text.MCAL_STK_SetIntervalPeriodic) refers to stk_program.o(.text.MCAL_STK_SetIntervalPeriodic) for [Anonymous Symbol]
    stk_program.o(.ARM.exidx.text.SysTick_Handler) refers to stk_program.o(.text.SysTick_Handler) for [Anonymous Symbol]
    exti_program.o(.text.EXTI_vInit) refers to exti_program.o(.data.EXTI_Configurations) for EXTI_Configurations
    exti_program.o(.text.EXTI_vInit) refers to afio_program.o(.text.MCAL_AFIO_SetEXTIConfiguration) for MCAL_AFIO_SetEXTIConfiguration
    exti_program.o(.ARM.exidx.text.EXTI_vInit) refers to exti_program.o(.text.EXTI_vInit) for [Anonymous Symbol]
    exti_program.o(.text.EXTI_InitForGPIO) refers to afio_program.o(.text.MCAL_AFIO_SetEXTIConfiguration) for MCAL_AFIO_SetEXTIConfiguration
    exti_program.o(.ARM.exidx.text.EXTI_InitForGPIO) refers to exti_program.o(.text.EXTI_InitForGPIO) for [Anonymous Symbol]
    exti_program.o(.ARM.exidx.text.EXTI_EnableLine) refers to exti_program.o(.text.EXTI_EnableLine) for [Anonymous Symbol]
    exti_program.o(.ARM.exidx.text.EXTI_DisableLine) refers to exti_program.o(.text.EXTI_DisableLine) for [Anonymous Symbol]
    exti_program.o(.ARM.exidx.text.EXTI_SetTrigger) refers to exti_program.o(.text.EXTI_SetTrigger) for [Anonymous Symbol]
    exti_program.o(.ARM.exidx.text.EXTI_CLR_PendingFLag) refers to exti_program.o(.text.EXTI_CLR_PendingFLag) for [Anonymous Symbol]
    nvic_program.o(.ARM.exidx.text.MCAL_NVIC_EnableIRQ) refers to nvic_program.o(.text.MCAL_NVIC_EnableIRQ) for [Anonymous Symbol]
    nvic_program.o(.ARM.exidx.text.MCAL_NVIC_DisableIRQ) refers to nvic_program.o(.text.MCAL_NVIC_DisableIRQ) for [Anonymous Symbol]
    nvic_program.o(.ARM.exidx.text.MCAL_NVIC_SetPendingIRQ) refers to nvic_program.o(.text.MCAL_NVIC_SetPendingIRQ) for [Anonymous Symbol]
    nvic_program.o(.ARM.exidx.text.MCAL_NVIC_ClearPendingIRQ) refers to nvic_program.o(.text.MCAL_NVIC_ClearPendingIRQ) for [Anonymous Symbol]
    nvic_program.o(.ARM.exidx.text.MCAL_NVIC_GetPendingIRQ) refers to nvic_program.o(.text.MCAL_NVIC_GetPendingIRQ) for [Anonymous Symbol]
    nvic_program.o(.text.MCAL_NVIC_xSetPriority) refers to scb_program.o(.text.SCB_SetPriorityGrouping) for SCB_SetPriorityGrouping
    nvic_program.o(.ARM.exidx.text.MCAL_NVIC_xSetPriority) refers to nvic_program.o(.text.MCAL_NVIC_xSetPriority) for [Anonymous Symbol]
    nvic_program.o(.text.MCAL_NVIC_vSetPriority) refers to scb_program.o(.text.SCB_SetPriorityGrouping) for SCB_SetPriorityGrouping
    nvic_program.o(.ARM.exidx.text.MCAL_NVIC_vSetPriority) refers to nvic_program.o(.text.MCAL_NVIC_vSetPriority) for [Anonymous Symbol]
    nvic_program.o(.ARM.exidx.text.MCAL_NVIC_xGetPriority) refers to nvic_program.o(.text.MCAL_NVIC_xGetPriority) for [Anonymous Symbol]
    scb_program.o(.ARM.exidx.text.SCB_SetPriorityGrouping) refers to scb_program.o(.text.SCB_SetPriorityGrouping) for [Anonymous Symbol]
    scb_program.o(.ARM.exidx.text.DisableGlobalInterrupts) refers to scb_program.o(.text.DisableGlobalInterrupts) for [Anonymous Symbol]
    scb_program.o(.ARM.exidx.text.EnableGlobalInterrupts) refers to scb_program.o(.text.EnableGlobalInterrupts) for [Anonymous Symbol]
    scb_program.o(.ARM.exidx.text.SCB_EnableMemFault) refers to scb_program.o(.text.SCB_EnableMemFault) for [Anonymous Symbol]
    scb_program.o(.ARM.exidx.text.SCB_EnableBusFault) refers to scb_program.o(.text.SCB_EnableBusFault) for [Anonymous Symbol]
    scb_program.o(.ARM.exidx.text.SCB_EnableUsageFault) refers to scb_program.o(.text.SCB_EnableUsageFault) for [Anonymous Symbol]
    scb_program.o(.ARM.exidx.text.SCB_ClearMemFault) refers to scb_program.o(.text.SCB_ClearMemFault) for [Anonymous Symbol]
    scb_program.o(.ARM.exidx.text.SCB_ClearBusFault) refers to scb_program.o(.text.SCB_ClearBusFault) for [Anonymous Symbol]
    scb_program.o(.ARM.exidx.text.SCB_ClearUsageFault) refers to scb_program.o(.text.SCB_ClearUsageFault) for [Anonymous Symbol]
    afio_program.o(.ARM.exidx.text.MCAL_AFIO_SetRemap) refers to afio_program.o(.text.MCAL_AFIO_SetRemap) for [Anonymous Symbol]
    afio_program.o(.ARM.exidx.text.MCAL_AFIO_SetDebugPort) refers to afio_program.o(.text.MCAL_AFIO_SetDebugPort) for [Anonymous Symbol]
    afio_program.o(.ARM.exidx.text.AFIO_MAPR_ADC2ETRGREGRemap) refers to afio_program.o(.text.AFIO_MAPR_ADC2ETRGREGRemap) for [Anonymous Symbol]
    afio_program.o(.ARM.exidx.text.AFIO_MAPR_ADC2ETRGINJRemap) refers to afio_program.o(.text.AFIO_MAPR_ADC2ETRGINJRemap) for [Anonymous Symbol]
    afio_program.o(.ARM.exidx.text.MCAL_AFIO_SetEXTIConfiguration) refers to afio_program.o(.text.MCAL_AFIO_SetEXTIConfiguration) for [Anonymous Symbol]
    gpio_program.o(.ARM.exidx.text.MCAL_GPIO_SetPinMode) refers to gpio_program.o(.text.MCAL_GPIO_SetPinMode) for [Anonymous Symbol]
    gpio_program.o(.ARM.exidx.text.MCAL_GPIO_SetPinValue) refers to gpio_program.o(.text.MCAL_GPIO_SetPinValue) for [Anonymous Symbol]
    gpio_program.o(.ARM.exidx.text.MCAL_GPIO_GetPinValue) refers to gpio_program.o(.text.MCAL_GPIO_GetPinValue) for [Anonymous Symbol]
    gpio_program.o(.text.MCAL_GPIO_TogglePin) refers to gpio_program.o(.text.MCAL_GPIO_GetPinValue) for MCAL_GPIO_GetPinValue
    gpio_program.o(.text.MCAL_GPIO_TogglePin) refers to gpio_program.o(.text.MCAL_GPIO_SetPinValue) for MCAL_GPIO_SetPinValue
    gpio_program.o(.ARM.exidx.text.MCAL_GPIO_TogglePin) refers to gpio_program.o(.text.MCAL_GPIO_TogglePin) for [Anonymous Symbol]
    startup_stm32f10x_md.o(STACK) refers (Special) to heapauxi.o(.text) for __use_two_region_memory
    startup_stm32f10x_md.o(HEAP) refers (Special) to heapauxi.o(.text) for __use_two_region_memory
    startup_stm32f10x_md.o(RESET) refers (Special) to heapauxi.o(.text) for __use_two_region_memory
    startup_stm32f10x_md.o(RESET) refers to startup_stm32f10x_md.o(STACK) for __initial_sp
    startup_stm32f10x_md.o(RESET) refers to startup_stm32f10x_md.o(.text) for Reset_Handler
    startup_stm32f10x_md.o(RESET) refers to stk_program.o(.text.SysTick_Handler) for SysTick_Handler
    startup_stm32f10x_md.o(RESET) refers to main.o(.text.EXTI0_IRQHandler) for EXTI0_IRQHandler
    startup_stm32f10x_md.o(.text) refers (Special) to heapauxi.o(.text) for __use_two_region_memory
    startup_stm32f10x_md.o(.text) refers to system_stm32f10x.o(.text.SystemInit) for SystemInit
    startup_stm32f10x_md.o(.text) refers to __main.o(!!!main) for __main
    startup_stm32f10x_md.o(.text) refers to startup_stm32f10x_md.o(HEAP) for Heap_Mem
    startup_stm32f10x_md.o(.text) refers to startup_stm32f10x_md.o(STACK) for Stack_Mem
    system_stm32f10x.o(.text.SystemInit) refers to system_stm32f10x.o(.text.SetSysClock) for SetSysClock
    system_stm32f10x.o(.ARM.exidx.text.SystemInit) refers to system_stm32f10x.o(.text.SystemInit) for [Anonymous Symbol]
    system_stm32f10x.o(.text.SetSysClock) refers to system_stm32f10x.o(.text.SetSysClockTo72) for SetSysClockTo72
    system_stm32f10x.o(.ARM.exidx.text.SetSysClock) refers to system_stm32f10x.o(.text.SetSysClock) for [Anonymous Symbol]
    system_stm32f10x.o(.text.SystemCoreClockUpdate) refers to system_stm32f10x.o(.data.SystemCoreClock) for SystemCoreClock
    system_stm32f10x.o(.text.SystemCoreClockUpdate) refers to system_stm32f10x.o(.rodata.AHBPrescTable) for AHBPrescTable
    system_stm32f10x.o(.ARM.exidx.text.SystemCoreClockUpdate) refers to system_stm32f10x.o(.text.SystemCoreClockUpdate) for [Anonymous Symbol]
    system_stm32f10x.o(.ARM.exidx.text.SetSysClockTo72) refers to system_stm32f10x.o(.text.SetSysClockTo72) for [Anonymous Symbol]
    __main.o(!!!main) refers to __rtentry.o(.ARM.Collect$$rtentry$$00000000) for __rt_entry
    ddiv.o(x$fpl$drdiv) refers (Special) to usenofp.o(x$fpl$usenofp) for __I$use$fp
    ddiv.o(x$fpl$drdiv) refers to ddiv.o(x$fpl$ddiv) for ddiv_entry
    ddiv.o(x$fpl$ddiv) refers (Special) to usenofp.o(x$fpl$usenofp) for __I$use$fp
    ddiv.o(x$fpl$ddiv) refers to dretinf.o(x$fpl$dretinf) for __fpl_dretinf
    ddiv.o(x$fpl$ddiv) refers to dnaninf.o(x$fpl$dnaninf) for __fpl_dnaninf
    dfixu.o(x$fpl$dfixu) refers (Special) to usenofp.o(x$fpl$usenofp) for __I$use$fp
    dfixu.o(x$fpl$dfixu) refers to dnaninf.o(x$fpl$dnaninf) for __fpl_dnaninf
    dfixu.o(x$fpl$dfixur) refers (Special) to usenofp.o(x$fpl$usenofp) for __I$use$fp
    dfixu.o(x$fpl$dfixur) refers to dnaninf.o(x$fpl$dnaninf) for __fpl_dnaninf
    f2d.o(x$fpl$f2d) refers (Special) to usenofp.o(x$fpl$usenofp) for __I$use$fp
    f2d.o(x$fpl$f2d) refers to fnaninf.o(x$fpl$fnaninf) for __fpl_fnaninf
    f2d.o(x$fpl$f2d) refers to dretinf.o(x$fpl$dretinf) for __fpl_dretinf
    fmul.o(x$fpl$fmul) refers (Special) to usenofp.o(x$fpl$usenofp) for __I$use$fp
    fmul.o(x$fpl$fmul) refers to fretinf.o(x$fpl$fretinf) for __fpl_fretinf
    fmul.o(x$fpl$fmul) refers to fnaninf.o(x$fpl$fnaninf) for __fpl_fnaninf
    __rtentry.o(.ARM.Collect$$rtentry$$00000000) refers (Special) to __rtentry2.o(.ARM.Collect$$rtentry$$0000000A) for __rt_entry_li
    __rtentry.o(.ARM.Collect$$rtentry$$00000000) refers (Special) to __rtentry2.o(.ARM.Collect$$rtentry$$0000000D) for __rt_entry_main
    __rtentry.o(.ARM.Collect$$rtentry$$00000000) refers (Special) to __rtentry2.o(.ARM.Collect$$rtentry$$0000000C) for __rt_entry_postli_1
    __rtentry.o(.ARM.Collect$$rtentry$$00000000) refers (Special) to __rtentry2.o(.ARM.Collect$$rtentry$$00000009) for __rt_entry_postsh_1
    __rtentry.o(.ARM.Collect$$rtentry$$00000000) refers (Special) to __rtentry2.o(.ARM.Collect$$rtentry$$00000002) for __rt_entry_presh_1
    __rtentry.o(.ARM.Collect$$rtentry$$00000000) refers (Special) to __rtentry4.o(.ARM.Collect$$rtentry$$00000004) for __rt_entry_sh
    dnaninf.o(x$fpl$dnaninf) refers (Special) to usenofp.o(x$fpl$usenofp) for __I$use$fp
    dretinf.o(x$fpl$dretinf) refers (Special) to usenofp.o(x$fpl$usenofp) for __I$use$fp
    fnaninf.o(x$fpl$fnaninf) refers (Special) to usenofp.o(x$fpl$usenofp) for __I$use$fp
    fretinf.o(x$fpl$fretinf) refers (Special) to usenofp.o(x$fpl$usenofp) for __I$use$fp
    __rtentry2.o(.ARM.Collect$$rtentry$$00000008) refers to boardinit2.o(.text) for _platform_post_stackheap_init
    __rtentry2.o(.ARM.Collect$$rtentry$$0000000A) refers to libinit.o(.ARM.Collect$$libinit$$00000000) for __rt_lib_init
    __rtentry2.o(.ARM.Collect$$rtentry$$0000000B) refers to boardinit3.o(.text) for _platform_post_lib_init
    __rtentry2.o(.ARM.Collect$$rtentry$$0000000D) refers to main.o(.text.main) for main
    __rtentry2.o(.ARM.Collect$$rtentry$$0000000D) refers to exit.o(.text) for exit
    __rtentry2.o(.ARM.exidx) refers to __rtentry2.o(.ARM.Collect$$rtentry$$00000001) for .ARM.Collect$$rtentry$$00000001
    __rtentry2.o(.ARM.exidx) refers to __rtentry2.o(.ARM.Collect$$rtentry$$00000008) for .ARM.Collect$$rtentry$$00000008
    __rtentry2.o(.ARM.exidx) refers to __rtentry2.o(.ARM.Collect$$rtentry$$0000000A) for .ARM.Collect$$rtentry$$0000000A
    __rtentry2.o(.ARM.exidx) refers to __rtentry2.o(.ARM.Collect$$rtentry$$0000000B) for .ARM.Collect$$rtentry$$0000000B
    __rtentry2.o(.ARM.exidx) refers to __rtentry2.o(.ARM.Collect$$rtentry$$0000000D) for .ARM.Collect$$rtentry$$0000000D
    __rtentry4.o(.ARM.Collect$$rtentry$$00000004) refers to sys_stackheap_outer.o(.text) for __user_setup_stackheap
    __rtentry4.o(.ARM.exidx) refers to __rtentry4.o(.ARM.Collect$$rtentry$$00000004) for .ARM.Collect$$rtentry$$00000004
    sys_stackheap_outer.o(.text) refers to libspace.o(.text) for __user_perproc_libspace
    sys_stackheap_outer.o(.text) refers to startup_stm32f10x_md.o(.text) for __user_initial_stackheap
    exit.o(.text) refers to rtexit.o(.ARM.Collect$$rtexit$$00000000) for __rt_exit
    libinit.o(.ARM.Collect$$libinit$$00000000) refers (Special) to libinit2.o(.ARM.Collect$$libinit$$00000030) for __rt_lib_init_alloca_1
    libinit.o(.ARM.Collect$$libinit$$00000000) refers (Special) to libinit2.o(.ARM.Collect$$libinit$$0000002E) for __rt_lib_init_argv_1
    libinit.o(.ARM.Collect$$libinit$$00000000) refers (Special) to libinit2.o(.ARM.Collect$$libinit$$0000001D) for __rt_lib_init_atexit_1
    libinit.o(.ARM.Collect$$libinit$$00000000) refers (Special) to libinit2.o(.ARM.Collect$$libinit$$00000023) for __rt_lib_init_clock_1
    libinit.o(.ARM.Collect$$libinit$$00000000) refers (Special) to libinit2.o(.ARM.Collect$$libinit$$00000034) for __rt_lib_init_cpp_1
    libinit.o(.ARM.Collect$$libinit$$00000000) refers (Special) to libinit2.o(.ARM.Collect$$libinit$$00000032) for __rt_lib_init_exceptions_1
    libinit.o(.ARM.Collect$$libinit$$00000000) refers (Special) to libinit2.o(.ARM.Collect$$libinit$$00000002) for __rt_lib_init_fp_1
    libinit.o(.ARM.Collect$$libinit$$00000000) refers (Special) to libinit2.o(.ARM.Collect$$libinit$$00000021) for __rt_lib_init_fp_trap_1
    libinit.o(.ARM.Collect$$libinit$$00000000) refers (Special) to libinit2.o(.ARM.Collect$$libinit$$00000025) for __rt_lib_init_getenv_1
    libinit.o(.ARM.Collect$$libinit$$00000000) refers (Special) to libinit2.o(.ARM.Collect$$libinit$$0000000C) for __rt_lib_init_heap_1
    libinit.o(.ARM.Collect$$libinit$$00000000) refers (Special) to libinit2.o(.ARM.Collect$$libinit$$00000013) for __rt_lib_init_lc_collate_1
    libinit.o(.ARM.Collect$$libinit$$00000000) refers (Special) to libinit2.o(.ARM.Collect$$libinit$$00000015) for __rt_lib_init_lc_ctype_1
    libinit.o(.ARM.Collect$$libinit$$00000000) refers (Special) to libinit2.o(.ARM.Collect$$libinit$$00000017) for __rt_lib_init_lc_monetary_1
    libinit.o(.ARM.Collect$$libinit$$00000000) refers (Special) to libinit2.o(.ARM.Collect$$libinit$$00000019) for __rt_lib_init_lc_numeric_1
    libinit.o(.ARM.Collect$$libinit$$00000000) refers (Special) to libinit2.o(.ARM.Collect$$libinit$$0000001B) for __rt_lib_init_lc_time_1
    libinit.o(.ARM.Collect$$libinit$$00000000) refers (Special) to libinit2.o(.ARM.Collect$$libinit$$00000006) for __rt_lib_init_preinit_1
    libinit.o(.ARM.Collect$$libinit$$00000000) refers (Special) to libinit2.o(.ARM.Collect$$libinit$$00000010) for __rt_lib_init_rand_1
    libinit.o(.ARM.Collect$$libinit$$00000000) refers (Special) to libinit2.o(.ARM.Collect$$libinit$$00000004) for __rt_lib_init_relocate_pie_1
    libinit.o(.ARM.Collect$$libinit$$00000000) refers (Special) to libinit2.o(.ARM.Collect$$libinit$$00000035) for __rt_lib_init_return
    libinit.o(.ARM.Collect$$libinit$$00000000) refers (Special) to libinit2.o(.ARM.Collect$$libinit$$0000001F) for __rt_lib_init_signal_1
    libinit.o(.ARM.Collect$$libinit$$00000000) refers (Special) to libinit2.o(.ARM.Collect$$libinit$$00000027) for __rt_lib_init_stdio_1
    libinit.o(.ARM.Collect$$libinit$$00000000) refers (Special) to libinit2.o(.ARM.Collect$$libinit$$0000000E) for __rt_lib_init_user_alloc_1
    libspace.o(.text) refers to libspace.o(.bss) for __libspace_start
    rtexit.o(.ARM.Collect$$rtexit$$00000000) refers (Special) to rtexit2.o(.ARM.Collect$$rtexit$$00000004) for __rt_exit_exit
    rtexit.o(.ARM.Collect$$rtexit$$00000000) refers (Special) to rtexit2.o(.ARM.Collect$$rtexit$$00000003) for __rt_exit_ls
    rtexit.o(.ARM.Collect$$rtexit$$00000000) refers (Special) to rtexit2.o(.ARM.Collect$$rtexit$$00000002) for __rt_exit_prels_1
    rtexit.o(.ARM.exidx) refers (Special) to rtexit2.o(.ARM.Collect$$rtexit$$00000004) for __rt_exit_exit
    rtexit.o(.ARM.exidx) refers (Special) to rtexit2.o(.ARM.Collect$$rtexit$$00000003) for __rt_exit_ls
    rtexit.o(.ARM.exidx) refers (Special) to rtexit2.o(.ARM.Collect$$rtexit$$00000002) for __rt_exit_prels_1
    rtexit.o(.ARM.exidx) refers to rtexit.o(.ARM.Collect$$rtexit$$00000000) for .ARM.Collect$$rtexit$$00000000
    libinit2.o(.ARM.Collect$$libinit$$00000012) refers to libinit2.o(.ARM.Collect$$libinit$$00000011) for .ARM.Collect$$libinit$$00000011
    libinit2.o(.ARM.Collect$$libinit$$00000014) refers to libinit2.o(.ARM.Collect$$libinit$$00000011) for .ARM.Collect$$libinit$$00000011
    libinit2.o(.ARM.Collect$$libinit$$00000016) refers to libinit2.o(.ARM.Collect$$libinit$$00000011) for .ARM.Collect$$libinit$$00000011
    libinit2.o(.ARM.Collect$$libinit$$00000018) refers to libinit2.o(.ARM.Collect$$libinit$$00000011) for .ARM.Collect$$libinit$$00000011
    libinit2.o(.ARM.Collect$$libinit$$0000001A) refers to libinit2.o(.ARM.Collect$$libinit$$00000011) for .ARM.Collect$$libinit$$00000011
    libinit2.o(.ARM.Collect$$libinit$$00000028) refers to argv_veneer.o(.emb_text) for __ARM_argv_veneer
    libinit2.o(.ARM.Collect$$libinit$$00000029) refers to argv_veneer.o(.emb_text) for __ARM_argv_veneer
    rtexit2.o(.ARM.Collect$$rtexit$$00000003) refers to libshutdown.o(.ARM.Collect$$libshutdown$$00000000) for __rt_lib_shutdown
    rtexit2.o(.ARM.Collect$$rtexit$$00000004) refers to sys_exit.o(.text) for _sys_exit
    rtexit2.o(.ARM.exidx) refers to rtexit2.o(.ARM.Collect$$rtexit$$00000001) for .ARM.Collect$$rtexit$$00000001
    rtexit2.o(.ARM.exidx) refers to rtexit2.o(.ARM.Collect$$rtexit$$00000003) for .ARM.Collect$$rtexit$$00000003
    rtexit2.o(.ARM.exidx) refers to rtexit2.o(.ARM.Collect$$rtexit$$00000004) for .ARM.Collect$$rtexit$$00000004
    argv_veneer.o(.emb_text) refers to no_argv.o(.text) for __ARM_get_argv
    sys_exit.o(.text) refers (Special) to use_no_semi.o(.text) for __I$use$semihosting
    sys_exit.o(.text) refers (Special) to indicate_semi.o(.text) for __semihosting_library_function
    sys_exit_hlt.o(.text) refers (Special) to use_no_semi.o(.text) for __I$use$semihosting
    sys_exit_hlt.o(.text) refers (Special) to indicate_semi.o(.text) for __semihosting_library_function
    _get_argv_nomalloc.o(.text) refers (Special) to hrguard.o(.text) for __heap_region$guard
    _get_argv_nomalloc.o(.text) refers to defsig_rtmem_outer.o(.text) for __rt_SIGRTMEM
    _get_argv_nomalloc.o(.text) refers to sys_command.o(.text) for _sys_command_string
    libshutdown.o(.ARM.Collect$$libshutdown$$00000000) refers (Special) to libshutdown2.o(.ARM.Collect$$libshutdown$$00000002) for __rt_lib_shutdown_cpp_1
    libshutdown.o(.ARM.Collect$$libshutdown$$00000000) refers (Special) to libshutdown2.o(.ARM.Collect$$libshutdown$$00000007) for __rt_lib_shutdown_fp_trap_1
    libshutdown.o(.ARM.Collect$$libshutdown$$00000000) refers (Special) to libshutdown2.o(.ARM.Collect$$libshutdown$$0000000F) for __rt_lib_shutdown_heap_1
    libshutdown.o(.ARM.Collect$$libshutdown$$00000000) refers (Special) to libshutdown2.o(.ARM.Collect$$libshutdown$$00000010) for __rt_lib_shutdown_return
    libshutdown.o(.ARM.Collect$$libshutdown$$00000000) refers (Special) to libshutdown2.o(.ARM.Collect$$libshutdown$$0000000A) for __rt_lib_shutdown_signal_1
    libshutdown.o(.ARM.Collect$$libshutdown$$00000000) refers (Special) to libshutdown2.o(.ARM.Collect$$libshutdown$$00000004) for __rt_lib_shutdown_stdio_1
    libshutdown.o(.ARM.Collect$$libshutdown$$00000000) refers (Special) to libshutdown2.o(.ARM.Collect$$libshutdown$$0000000C) for __rt_lib_shutdown_user_alloc_1
    sys_command.o(.text) refers (Special) to use_no_semi.o(.text) for __I$use$semihosting
    sys_command.o(.text) refers (Special) to indicate_semi.o(.text) for __semihosting_library_function
    sys_command_hlt.o(.text) refers (Special) to use_no_semi.o(.text) for __I$use$semihosting
    sys_command_hlt.o(.text) refers (Special) to indicate_semi.o(.text) for __semihosting_library_function
    defsig_rtmem_outer.o(.text) refers to defsig_rtmem_inner.o(.text) for __rt_SIGRTMEM_inner
    defsig_rtmem_outer.o(.text) refers to defsig_exit.o(.text) for __sig_exit
    defsig_rtmem_formal.o(.text) refers to rt_raise.o(.text) for __rt_raise
    rt_raise.o(.text) refers to __raise.o(.text) for __raise
    rt_raise.o(.text) refers to sys_exit.o(.text) for _sys_exit
    defsig_exit.o(.text) refers to sys_exit.o(.text) for _sys_exit
    defsig_rtmem_inner.o(.text) refers to defsig_general.o(.text) for __default_signal_display
    __raise.o(.text) refers to defsig.o(CL$$defsig) for __default_signal_handler
    defsig_general.o(.text) refers to sys_wrch.o(.text) for _ttywrch
    sys_wrch.o(.text) refers (Special) to use_no_semi.o(.text) for __I$use$semihosting
    sys_wrch.o(.text) refers (Special) to indicate_semi.o(.text) for __semihosting_library_function
    sys_wrch_hlt.o(.text) refers (Special) to use_no_semi.o(.text) for __I$use$semihosting
    sys_wrch_hlt.o(.text) refers (Special) to indicate_semi.o(.text) for __semihosting_library_function
    defsig.o(CL$$defsig) refers to defsig_rtmem_inner.o(.text) for __rt_SIGRTMEM_inner
    defsig_abrt_inner.o(.text) refers to defsig_general.o(.text) for __default_signal_display
    defsig_fpe_inner.o(.text) refers to defsig_general.o(.text) for __default_signal_display
    defsig_rtred_inner.o(.text) refers to defsig_general.o(.text) for __default_signal_display
    defsig_stak_inner.o(.text) refers to defsig_general.o(.text) for __default_signal_display
    defsig_pvfn_inner.o(.text) refers to defsig_general.o(.text) for __default_signal_display
    defsig_cppl_inner.o(.text) refers to defsig_general.o(.text) for __default_signal_display
    defsig_segv_inner.o(.text) refers to defsig_general.o(.text) for __default_signal_display
    defsig_other.o(.text) refers to defsig_general.o(.text) for __default_signal_display


==============================================================================

Removing Unused input sections from the image.

    Removing main.o(.text), (0 bytes).
    Removing main.o(.ARM.exidx.text.main), (8 bytes).
    Removing main.o(.ARM.exidx.text.EXTI0_IRQHandler), (8 bytes).
    Removing main.o(.bss.ReturnValue), (1 bytes).
    Removing main.o(.ARM.use_no_argv), (4 bytes).
    Removing rcc_program.o(.text), (0 bytes).
    Removing rcc_program.o(.ARM.exidx.text.Mcal_Rcc_InitSysClock), (8 bytes).
    Removing rcc_program.o(.ARM.exidx.text.Mcal_Rcc_EnablePeripheral), (8 bytes).
    Removing rcc_program.o(.text.Mcal_Rcc_DisablePeripheral), (150 bytes).
    Removing rcc_program.o(.ARM.exidx.text.Mcal_Rcc_DisablePeripheral), (8 bytes).
    Removing stk_program.o(.text), (0 bytes).
    Removing stk_program.o(.ARM.exidx.text.MCAL_STK_Init), (8 bytes).
    Removing stk_program.o(.text.MCAL_STK_Start), (18 bytes).
    Removing stk_program.o(.ARM.exidx.text.MCAL_STK_Start), (8 bytes).
    Removing stk_program.o(.text.MCAL_STK_Stop), (18 bytes).
    Removing stk_program.o(.ARM.exidx.text.MCAL_STK_Stop), (8 bytes).
    Removing stk_program.o(.ARM.exidx.text.MCAL_STK_Reset), (8 bytes).
    Removing stk_program.o(.text.MCAL_STK_GetRemainingCounts), (12 bytes).
    Removing stk_program.o(.ARM.exidx.text.MCAL_STK_GetRemainingCounts), (8 bytes).
    Removing stk_program.o(.text.MCAL_STK_GetElapsedCounts), (98 bytes).
    Removing stk_program.o(.ARM.exidx.text.MCAL_STK_GetElapsedCounts), (8 bytes).
    Removing stk_program.o(.text.MCAL_STK_SetBusyWait), (116 bytes).
    Removing stk_program.o(.ARM.exidx.text.MCAL_STK_SetBusyWait), (8 bytes).
    Removing stk_program.o(.ARM.exidx.text.MCAL_STK_SetDelay_ms), (8 bytes).
    Removing stk_program.o(.text.MCAL_STK_SetIntervalSingle), (14 bytes).
    Removing stk_program.o(.ARM.exidx.text.MCAL_STK_SetIntervalSingle), (8 bytes).
    Removing stk_program.o(.text.MCAL_STK_SetIntervalPeriodic), (14 bytes).
    Removing stk_program.o(.ARM.exidx.text.MCAL_STK_SetIntervalPeriodic), (8 bytes).
    Removing stk_program.o(.ARM.exidx.text.SysTick_Handler), (8 bytes).
    Removing stk_program.o(.bss.MCAL_STK_GetElapsedCounts.Local_PreviousValue), (4 bytes).
    Removing exti_program.o(.text), (0 bytes).
    Removing exti_program.o(.ARM.exidx.text.EXTI_vInit), (8 bytes).
    Removing exti_program.o(.text.EXTI_InitForGPIO), (160 bytes).
    Removing exti_program.o(.ARM.exidx.text.EXTI_InitForGPIO), (8 bytes).
    Removing exti_program.o(.text.EXTI_EnableLine), (68 bytes).
    Removing exti_program.o(.ARM.exidx.text.EXTI_EnableLine), (8 bytes).
    Removing exti_program.o(.text.EXTI_DisableLine), (68 bytes).
    Removing exti_program.o(.ARM.exidx.text.EXTI_DisableLine), (8 bytes).
    Removing exti_program.o(.text.EXTI_SetTrigger), (236 bytes).
    Removing exti_program.o(.ARM.exidx.text.EXTI_SetTrigger), (8 bytes).
    Removing exti_program.o(.ARM.exidx.text.EXTI_CLR_PendingFLag), (8 bytes).
    Removing nvic_program.o(.text), (0 bytes).
    Removing nvic_program.o(.ARM.exidx.text.MCAL_NVIC_EnableIRQ), (8 bytes).
    Removing nvic_program.o(.text.MCAL_NVIC_DisableIRQ), (148 bytes).
    Removing nvic_program.o(.ARM.exidx.text.MCAL_NVIC_DisableIRQ), (8 bytes).
    Removing nvic_program.o(.text.MCAL_NVIC_SetPendingIRQ), (148 bytes).
    Removing nvic_program.o(.ARM.exidx.text.MCAL_NVIC_SetPendingIRQ), (8 bytes).
    Removing nvic_program.o(.ARM.exidx.text.MCAL_NVIC_ClearPendingIRQ), (8 bytes).
    Removing nvic_program.o(.text.MCAL_NVIC_GetPendingIRQ), (216 bytes).
    Removing nvic_program.o(.ARM.exidx.text.MCAL_NVIC_GetPendingIRQ), (8 bytes).
    Removing nvic_program.o(.text.MCAL_NVIC_xSetPriority), (160 bytes).
    Removing nvic_program.o(.ARM.exidx.text.MCAL_NVIC_xSetPriority), (8 bytes).
    Removing nvic_program.o(.text.MCAL_NVIC_vSetPriority), (212 bytes).
    Removing nvic_program.o(.ARM.exidx.text.MCAL_NVIC_vSetPriority), (8 bytes).
    Removing nvic_program.o(.text.MCAL_NVIC_xGetPriority), (130 bytes).
    Removing nvic_program.o(.ARM.exidx.text.MCAL_NVIC_xGetPriority), (8 bytes).
    Removing scb_program.o(.text), (0 bytes).
    Removing scb_program.o(.text.SCB_SetPriorityGrouping), (20 bytes).
    Removing scb_program.o(.ARM.exidx.text.SCB_SetPriorityGrouping), (8 bytes).
    Removing scb_program.o(.text.DisableGlobalInterrupts), (4 bytes).
    Removing scb_program.o(.ARM.exidx.text.DisableGlobalInterrupts), (8 bytes).
    Removing scb_program.o(.text.EnableGlobalInterrupts), (4 bytes).
    Removing scb_program.o(.ARM.exidx.text.EnableGlobalInterrupts), (8 bytes).
    Removing scb_program.o(.text.SCB_EnableMemFault), (18 bytes).
    Removing scb_program.o(.ARM.exidx.text.SCB_EnableMemFault), (8 bytes).
    Removing scb_program.o(.text.SCB_EnableBusFault), (18 bytes).
    Removing scb_program.o(.ARM.exidx.text.SCB_EnableBusFault), (8 bytes).
    Removing scb_program.o(.text.SCB_EnableUsageFault), (18 bytes).
    Removing scb_program.o(.ARM.exidx.text.SCB_EnableUsageFault), (8 bytes).
    Removing scb_program.o(.text.SCB_ClearMemFault), (18 bytes).
    Removing scb_program.o(.ARM.exidx.text.SCB_ClearMemFault), (8 bytes).
    Removing scb_program.o(.text.SCB_ClearBusFault), (18 bytes).
    Removing scb_program.o(.ARM.exidx.text.SCB_ClearBusFault), (8 bytes).
    Removing scb_program.o(.text.SCB_ClearUsageFault), (18 bytes).
    Removing scb_program.o(.ARM.exidx.text.SCB_ClearUsageFault), (8 bytes).
    Removing afio_program.o(.text), (0 bytes).
    Removing afio_program.o(.text.MCAL_AFIO_SetRemap), (120 bytes).
    Removing afio_program.o(.ARM.exidx.text.MCAL_AFIO_SetRemap), (8 bytes).
    Removing afio_program.o(.text.MCAL_AFIO_SetDebugPort), (60 bytes).
    Removing afio_program.o(.ARM.exidx.text.MCAL_AFIO_SetDebugPort), (8 bytes).
    Removing afio_program.o(.text.AFIO_MAPR_ADC2ETRGREGRemap), (60 bytes).
    Removing afio_program.o(.ARM.exidx.text.AFIO_MAPR_ADC2ETRGREGRemap), (8 bytes).
    Removing afio_program.o(.text.AFIO_MAPR_ADC2ETRGINJRemap), (60 bytes).
    Removing afio_program.o(.ARM.exidx.text.AFIO_MAPR_ADC2ETRGINJRemap), (8 bytes).
    Removing afio_program.o(.ARM.exidx.text.MCAL_AFIO_SetEXTIConfiguration), (8 bytes).
    Removing gpio_program.o(.text), (0 bytes).
    Removing gpio_program.o(.ARM.exidx.text.MCAL_GPIO_SetPinMode), (8 bytes).
    Removing gpio_program.o(.ARM.exidx.text.MCAL_GPIO_SetPinValue), (8 bytes).
    Removing gpio_program.o(.ARM.exidx.text.MCAL_GPIO_GetPinValue), (8 bytes).
    Removing gpio_program.o(.text.MCAL_GPIO_TogglePin), (96 bytes).
    Removing gpio_program.o(.ARM.exidx.text.MCAL_GPIO_TogglePin), (8 bytes).
    Removing system_stm32f10x.o(.text), (0 bytes).
    Removing system_stm32f10x.o(.ARM.exidx.text.SystemInit), (8 bytes).
    Removing system_stm32f10x.o(.ARM.exidx.text.SetSysClock), (8 bytes).
    Removing system_stm32f10x.o(.text.SystemCoreClockUpdate), (290 bytes).
    Removing system_stm32f10x.o(.ARM.exidx.text.SystemCoreClockUpdate), (8 bytes).
    Removing system_stm32f10x.o(.ARM.exidx.text.SetSysClockTo72), (8 bytes).
    Removing system_stm32f10x.o(.data.SystemCoreClock), (4 bytes).
    Removing system_stm32f10x.o(.rodata.AHBPrescTable), (16 bytes).

99 unused section(s) (total 3253 bytes) removed from the image.

==============================================================================

Image Symbol Table

    Local Symbols

    Symbol Name                              Value     Ov Type        Size  Object(Section)

    ../clib/angel/boardlib.s                 0x00000000   Number         0  boardinit1.o ABSOLUTE
    ../clib/angel/boardlib.s                 0x00000000   Number         0  boardinit2.o ABSOLUTE
    ../clib/angel/boardlib.s                 0x00000000   Number         0  boardinit3.o ABSOLUTE
    ../clib/angel/boardlib.s                 0x00000000   Number         0  boardshut.o ABSOLUTE
    ../clib/angel/handlers.s                 0x00000000   Number         0  __scatter_copy.o ABSOLUTE
    ../clib/angel/handlers.s                 0x00000000   Number         0  __scatter_zi.o ABSOLUTE
    ../clib/angel/kernel.s                   0x00000000   Number         0  __rtentry.o ABSOLUTE
    ../clib/angel/kernel.s                   0x00000000   Number         0  __rtentry2.o ABSOLUTE
    ../clib/angel/kernel.s                   0x00000000   Number         0  __rtentry4.o ABSOLUTE
    ../clib/angel/kernel.s                   0x00000000   Number         0  rtexit.o ABSOLUTE
    ../clib/angel/kernel.s                   0x00000000   Number         0  rtexit2.o ABSOLUTE
    ../clib/angel/rt.s                       0x00000000   Number         0  rt_raise.o ABSOLUTE
    ../clib/angel/scatter.s                  0x00000000   Number         0  __scatter.o ABSOLUTE
    ../clib/angel/startup.s                  0x00000000   Number         0  __main.o ABSOLUTE
    ../clib/angel/sys.s                      0x00000000   Number         0  sys_stackheap_outer.o ABSOLUTE
    ../clib/angel/sys.s                      0x00000000   Number         0  libspace.o ABSOLUTE
    ../clib/angel/sys.s                      0x00000000   Number         0  use_no_semi.o ABSOLUTE
    ../clib/angel/sys.s                      0x00000000   Number         0  indicate_semi.o ABSOLUTE
    ../clib/angel/sysapp.c                   0x00000000   Number         0  sys_exit.o ABSOLUTE
    ../clib/angel/sysapp.c                   0x00000000   Number         0  sys_exit_hlt.o ABSOLUTE
    ../clib/angel/sysapp.c                   0x00000000   Number         0  sys_command.o ABSOLUTE
    ../clib/angel/sysapp.c                   0x00000000   Number         0  sys_command_hlt.o ABSOLUTE
    ../clib/angel/sysapp.c                   0x00000000   Number         0  sys_wrch.o ABSOLUTE
    ../clib/angel/sysapp.c                   0x00000000   Number         0  sys_wrch_hlt.o ABSOLUTE
    ../clib/armsys.c                         0x00000000   Number         0  argv_veneer.o ABSOLUTE
    ../clib/armsys.c                         0x00000000   Number         0  argv_veneer.o ABSOLUTE
    ../clib/armsys.c                         0x00000000   Number         0  _get_argv_nomalloc.o ABSOLUTE
    ../clib/armsys.c                         0x00000000   Number         0  no_argv.o ABSOLUTE
    ../clib/heapalloc.c                      0x00000000   Number         0  hrguard.o ABSOLUTE
    ../clib/heapaux.c                        0x00000000   Number         0  heapauxi.o ABSOLUTE
    ../clib/libinit.s                        0x00000000   Number         0  libinit.o ABSOLUTE
    ../clib/libinit.s                        0x00000000   Number         0  libinit2.o ABSOLUTE
    ../clib/libinit.s                        0x00000000   Number         0  libshutdown.o ABSOLUTE
    ../clib/libinit.s                        0x00000000   Number         0  libshutdown2.o ABSOLUTE
    ../clib/signal.c                         0x00000000   Number         0  defsig_rtmem_outer.o ABSOLUTE
    ../clib/signal.c                         0x00000000   Number         0  defsig_rtmem_formal.o ABSOLUTE
    ../clib/signal.c                         0x00000000   Number         0  defsig_exit.o ABSOLUTE
    ../clib/signal.c                         0x00000000   Number         0  defsig_rtmem_inner.o ABSOLUTE
    ../clib/signal.c                         0x00000000   Number         0  __raise.o ABSOLUTE
    ../clib/signal.c                         0x00000000   Number         0  defsig_general.o ABSOLUTE
    ../clib/signal.c                         0x00000000   Number         0  defsig_abrt_inner.o ABSOLUTE
    ../clib/signal.c                         0x00000000   Number         0  defsig_fpe_inner.o ABSOLUTE
    ../clib/signal.c                         0x00000000   Number         0  defsig_rtred_inner.o ABSOLUTE
    ../clib/signal.c                         0x00000000   Number         0  defsig_stak_inner.o ABSOLUTE
    ../clib/signal.c                         0x00000000   Number         0  defsig_pvfn_inner.o ABSOLUTE
    ../clib/signal.c                         0x00000000   Number         0  defsig_cppl_inner.o ABSOLUTE
    ../clib/signal.c                         0x00000000   Number         0  defsig_segv_inner.o ABSOLUTE
    ../clib/signal.c                         0x00000000   Number         0  defsig_other.o ABSOLUTE
    ../clib/signal.s                         0x00000000   Number         0  defsig.o ABSOLUTE
    ../clib/stdlib.c                         0x00000000   Number         0  exit.o ABSOLUTE
    ../fplib/ddiv.s                          0x00000000   Number         0  ddiv.o ABSOLUTE
    ../fplib/dfixu.s                         0x00000000   Number         0  dfixu.o ABSOLUTE
    ../fplib/dnaninf.s                       0x00000000   Number         0  dnaninf.o ABSOLUTE
    ../fplib/dretinf.s                       0x00000000   Number         0  dretinf.o ABSOLUTE
    ../fplib/f2d.s                           0x00000000   Number         0  f2d.o ABSOLUTE
    ../fplib/fmul.s                          0x00000000   Number         0  fmul.o ABSOLUTE
    ../fplib/fnaninf.s                       0x00000000   Number         0  fnaninf.o ABSOLUTE
    ../fplib/fpinit.s                        0x00000000   Number         0  fpinit.o ABSOLUTE
    ../fplib/fpinit_empty.s                  0x00000000   Number         0  fpinit_empty.o ABSOLUTE
    ../fplib/fretinf.s                       0x00000000   Number         0  fretinf.o ABSOLUTE
    ../fplib/usenofp.s                       0x00000000   Number         0  usenofp.o ABSOLUTE
    AFIO_program.c                           0x00000000   Number         0  afio_program.o ABSOLUTE
    EXTI_program.c                           0x00000000   Number         0  exti_program.o ABSOLUTE
    GPIO_program.c                           0x00000000   Number         0  gpio_program.o ABSOLUTE
    NVIC_Program.c                           0x00000000   Number         0  nvic_program.o ABSOLUTE
    RCC_program.c                            0x00000000   Number         0  rcc_program.o ABSOLUTE
    RTE/Device/STM32F103C8/startup_stm32f10x_md.s 0x00000000   Number         0  startup_stm32f10x_md.o ABSOLUTE
    SCB_program.c                            0x00000000   Number         0  scb_program.o ABSOLUTE
    STK_program.c                            0x00000000   Number         0  stk_program.o ABSOLUTE
    dc.s                                     0x00000000   Number         0  dc.o ABSOLUTE
    main.c                                   0x00000000   Number         0  main.o ABSOLUTE
    system_stm32f10x.c                       0x00000000   Number         0  system_stm32f10x.o ABSOLUTE
    RESET                                    0x08000000   Section      236  startup_stm32f10x_md.o(RESET)
    !!!main                                  0x080000ec   Section        8  __main.o(!!!main)
    !!!scatter                               0x080000f4   Section       52  __scatter.o(!!!scatter)
    !!handler_copy                           0x08000128   Section       26  __scatter_copy.o(!!handler_copy)
    !!handler_zi                             0x08000144   Section       28  __scatter_zi.o(!!handler_zi)
    .ARM.Collect$$libinit$$00000000          0x08000160   Section        2  libinit.o(.ARM.Collect$$libinit$$00000000)
    .ARM.Collect$$libinit$$00000002          0x08000162   Section        0  libinit2.o(.ARM.Collect$$libinit$$00000002)
    .ARM.Collect$$libinit$$00000004          0x08000162   Section        0  libinit2.o(.ARM.Collect$$libinit$$00000004)
    .ARM.Collect$$libinit$$00000006          0x08000162   Section        0  libinit2.o(.ARM.Collect$$libinit$$00000006)
    .ARM.Collect$$libinit$$0000000C          0x08000162   Section        0  libinit2.o(.ARM.Collect$$libinit$$0000000C)
    .ARM.Collect$$libinit$$0000000E          0x08000162   Section        0  libinit2.o(.ARM.Collect$$libinit$$0000000E)
    .ARM.Collect$$libinit$$00000010          0x08000162   Section        0  libinit2.o(.ARM.Collect$$libinit$$00000010)
    .ARM.Collect$$libinit$$00000013          0x08000162   Section        0  libinit2.o(.ARM.Collect$$libinit$$00000013)
    .ARM.Collect$$libinit$$00000015          0x08000162   Section        0  libinit2.o(.ARM.Collect$$libinit$$00000015)
    .ARM.Collect$$libinit$$00000017          0x08000162   Section        0  libinit2.o(.ARM.Collect$$libinit$$00000017)
    .ARM.Collect$$libinit$$00000019          0x08000162   Section        0  libinit2.o(.ARM.Collect$$libinit$$00000019)
    .ARM.Collect$$libinit$$0000001B          0x08000162   Section        0  libinit2.o(.ARM.Collect$$libinit$$0000001B)
    .ARM.Collect$$libinit$$0000001D          0x08000162   Section        0  libinit2.o(.ARM.Collect$$libinit$$0000001D)
    .ARM.Collect$$libinit$$0000001F          0x08000162   Section        0  libinit2.o(.ARM.Collect$$libinit$$0000001F)
    .ARM.Collect$$libinit$$00000021          0x08000162   Section        0  libinit2.o(.ARM.Collect$$libinit$$00000021)
    .ARM.Collect$$libinit$$00000023          0x08000162   Section        0  libinit2.o(.ARM.Collect$$libinit$$00000023)
    .ARM.Collect$$libinit$$00000025          0x08000162   Section        0  libinit2.o(.ARM.Collect$$libinit$$00000025)
    .ARM.Collect$$libinit$$00000027          0x08000162   Section        0  libinit2.o(.ARM.Collect$$libinit$$00000027)
    .ARM.Collect$$libinit$$0000002E          0x08000162   Section        0  libinit2.o(.ARM.Collect$$libinit$$0000002E)
    .ARM.Collect$$libinit$$00000030          0x08000162   Section        0  libinit2.o(.ARM.Collect$$libinit$$00000030)
    .ARM.Collect$$libinit$$00000032          0x08000162   Section        0  libinit2.o(.ARM.Collect$$libinit$$00000032)
    .ARM.Collect$$libinit$$00000034          0x08000162   Section        0  libinit2.o(.ARM.Collect$$libinit$$00000034)
    .ARM.Collect$$libinit$$00000035          0x08000162   Section        2  libinit2.o(.ARM.Collect$$libinit$$00000035)
    .ARM.Collect$$libshutdown$$00000000      0x08000164   Section        2  libshutdown.o(.ARM.Collect$$libshutdown$$00000000)
    .ARM.Collect$$libshutdown$$00000002      0x08000166   Section        0  libshutdown2.o(.ARM.Collect$$libshutdown$$00000002)
    .ARM.Collect$$libshutdown$$00000004      0x08000166   Section        0  libshutdown2.o(.ARM.Collect$$libshutdown$$00000004)
    .ARM.Collect$$libshutdown$$00000007      0x08000166   Section        0  libshutdown2.o(.ARM.Collect$$libshutdown$$00000007)
    .ARM.Collect$$libshutdown$$0000000A      0x08000166   Section        0  libshutdown2.o(.ARM.Collect$$libshutdown$$0000000A)
    .ARM.Collect$$libshutdown$$0000000C      0x08000166   Section        0  libshutdown2.o(.ARM.Collect$$libshutdown$$0000000C)
    .ARM.Collect$$libshutdown$$0000000F      0x08000166   Section        0  libshutdown2.o(.ARM.Collect$$libshutdown$$0000000F)
    .ARM.Collect$$libshutdown$$00000010      0x08000166   Section        2  libshutdown2.o(.ARM.Collect$$libshutdown$$00000010)
    .ARM.Collect$$rtentry$$00000000          0x08000168   Section        0  __rtentry.o(.ARM.Collect$$rtentry$$00000000)
    .ARM.Collect$$rtentry$$00000002          0x08000168   Section        0  __rtentry2.o(.ARM.Collect$$rtentry$$00000002)
    .ARM.Collect$$rtentry$$00000004          0x08000168   Section        6  __rtentry4.o(.ARM.Collect$$rtentry$$00000004)
    .ARM.Collect$$rtentry$$00000009          0x0800016e   Section        0  __rtentry2.o(.ARM.Collect$$rtentry$$00000009)
    .ARM.Collect$$rtentry$$0000000A          0x0800016e   Section        4  __rtentry2.o(.ARM.Collect$$rtentry$$0000000A)
    .ARM.Collect$$rtentry$$0000000C          0x08000172   Section        0  __rtentry2.o(.ARM.Collect$$rtentry$$0000000C)
    .ARM.Collect$$rtentry$$0000000D          0x08000172   Section        8  __rtentry2.o(.ARM.Collect$$rtentry$$0000000D)
    .ARM.Collect$$rtexit$$00000000           0x0800017a   Section        2  rtexit.o(.ARM.Collect$$rtexit$$00000000)
    .ARM.Collect$$rtexit$$00000002           0x0800017c   Section        0  rtexit2.o(.ARM.Collect$$rtexit$$00000002)
    .ARM.Collect$$rtexit$$00000003           0x0800017c   Section        4  rtexit2.o(.ARM.Collect$$rtexit$$00000003)
    .ARM.Collect$$rtexit$$00000004           0x08000180   Section        6  rtexit2.o(.ARM.Collect$$rtexit$$00000004)
    .text                                    0x08000188   Section       64  startup_stm32f10x_md.o(.text)
    .text                                    0x080001c8   Section        0  heapauxi.o(.text)
    .text                                    0x080001ce   Section       74  sys_stackheap_outer.o(.text)
    .text                                    0x08000218   Section        0  exit.o(.text)
    .text                                    0x0800022c   Section        8  libspace.o(.text)
    .text                                    0x08000234   Section        0  sys_exit.o(.text)
    .text                                    0x08000240   Section        2  use_no_semi.o(.text)
    .text                                    0x08000242   Section        0  indicate_semi.o(.text)
    [Anonymous Symbol]                       0x08000244   Section        0  main.o(.text.EXTI0_IRQHandler)
    [Anonymous Symbol]                       0x0800058c   Section        0  exti_program.o(.text.EXTI_CLR_PendingFLag)
    [Anonymous Symbol]                       0x080005bc   Section        0  exti_program.o(.text.EXTI_vInit)
    [Anonymous Symbol]                       0x08000728   Section        0  afio_program.o(.text.MCAL_AFIO_SetEXTIConfiguration)
    [Anonymous Symbol]                       0x080007c0   Section        0  gpio_program.o(.text.MCAL_GPIO_GetPinValue)
    [Anonymous Symbol]                       0x08000894   Section        0  gpio_program.o(.text.MCAL_GPIO_SetPinMode)
    [Anonymous Symbol]                       0x08000a7c   Section        0  gpio_program.o(.text.MCAL_GPIO_SetPinValue)
    [Anonymous Symbol]                       0x08000be8   Section        0  nvic_program.o(.text.MCAL_NVIC_ClearPendingIRQ)
    [Anonymous Symbol]                       0x08000c74   Section        0  nvic_program.o(.text.MCAL_NVIC_EnableIRQ)
    [Anonymous Symbol]                       0x08000d08   Section        0  stk_program.o(.text.MCAL_STK_Init)
    [Anonymous Symbol]                       0x08000d3c   Section        0  stk_program.o(.text.MCAL_STK_Reset)
    [Anonymous Symbol]                       0x08000d6c   Section        0  stk_program.o(.text.MCAL_STK_SetDelay_ms)
    [Anonymous Symbol]                       0x08000e08   Section        0  rcc_program.o(.text.Mcal_Rcc_EnablePeripheral)
    [Anonymous Symbol]                       0x08000ea0   Section        0  rcc_program.o(.text.Mcal_Rcc_InitSysClock)
    SetSysClock                              0x08000ef5   Thumb Code     8  system_stm32f10x.o(.text.SetSysClock)
    [Anonymous Symbol]                       0x08000ef4   Section        0  system_stm32f10x.o(.text.SetSysClock)
    SetSysClockTo72                          0x08000efd   Thumb Code   290  system_stm32f10x.o(.text.SetSysClockTo72)
    [Anonymous Symbol]                       0x08000efc   Section        0  system_stm32f10x.o(.text.SetSysClockTo72)
    [Anonymous Symbol]                       0x08001020   Section        0  stk_program.o(.text.SysTick_Handler)
    [Anonymous Symbol]                       0x08001024   Section        0  system_stm32f10x.o(.text.SystemInit)
    [Anonymous Symbol]                       0x0800108c   Section        0  main.o(.text.main)
    x$fpl$ddiv                               0x080011b8   Section      692  ddiv.o(x$fpl$ddiv)
    ddiv_entry                               0x080011bf   Thumb Code     0  ddiv.o(x$fpl$ddiv)
    x$fpl$dfixu                              0x0800146c   Section       90  dfixu.o(x$fpl$dfixu)
    x$fpl$dnaninf                            0x080014c6   Section      156  dnaninf.o(x$fpl$dnaninf)
    x$fpl$dretinf                            0x08001562   Section       12  dretinf.o(x$fpl$dretinf)
    x$fpl$f2d                                0x08001570   Section       86  f2d.o(x$fpl$f2d)
    x$fpl$fmul                               0x080015c8   Section      258  fmul.o(x$fpl$fmul)
    x$fpl$fnaninf                            0x080016ca   Section      140  fnaninf.o(x$fpl$fnaninf)
    x$fpl$fretinf                            0x08001756   Section       10  fretinf.o(x$fpl$fretinf)
    x$fpl$usenofp                            0x08001760   Section        0  usenofp.o(x$fpl$usenofp)
    .bss                                     0x20000010   Section       96  libspace.o(.bss)
    Heap_Mem                                 0x20000078   Data         512  startup_stm32f10x_md.o(HEAP)
    HEAP                                     0x20000078   Section      512  startup_stm32f10x_md.o(HEAP)
    Stack_Mem                                0x20000278   Data        1024  startup_stm32f10x_md.o(STACK)
    STACK                                    0x20000278   Section     1024  startup_stm32f10x_md.o(STACK)
    __initial_sp                             0x20000678   Data           0  startup_stm32f10x_md.o(STACK)

    Global Symbols

    Symbol Name                              Value     Ov Type        Size  Object(Section)

    BuildAttributes$$THM_ISAv4$P$D$K$B$S$PE$A:L22UL41UL21$X:L11$S22US41US21$IEEE1$IW$~IW$USESV6$~STKCKD$USESV7$~SHL$OSPACE$ROPI$EBA8$UX$STANDARDLIB$REQ8$PRES8$EABIv2 0x00000000   Number         0  anon$$obj.o ABSOLUTE
    __fp_init_empty                          0x00000000   Number         0  fpinit_empty.o ABSOLUTE
    __ARM_exceptions_init                     - Undefined Weak Reference
    __alloca_initialize                       - Undefined Weak Reference
    __arm_preinit_                            - Undefined Weak Reference
    __arm_relocate_pie_                       - Undefined Weak Reference
    __cpp_initialize__aeabi_                  - Undefined Weak Reference
    __cxa_finalize                            - Undefined Weak Reference
    __rt_locale                               - Undefined Weak Reference
    __sigvec_lookup                           - Undefined Weak Reference
    _atexit_init                              - Undefined Weak Reference
    _call_atexit_fns                          - Undefined Weak Reference
    _clock_init                               - Undefined Weak Reference
    _fp_trap_init                             - Undefined Weak Reference
    _fp_trap_shutdown                         - Undefined Weak Reference
    _get_lc_collate                           - Undefined Weak Reference
    _get_lc_ctype                             - Undefined Weak Reference
    _get_lc_monetary                          - Undefined Weak Reference
    _get_lc_numeric                           - Undefined Weak Reference
    _get_lc_time                              - Undefined Weak Reference
    _getenv_init                              - Undefined Weak Reference
    _handle_redirection                       - Undefined Weak Reference
    _init_alloc                               - Undefined Weak Reference
    _init_user_alloc                          - Undefined Weak Reference
    _initio                                   - Undefined Weak Reference
    _rand_init                                - Undefined Weak Reference
    _signal_finish                            - Undefined Weak Reference
    _signal_init                              - Undefined Weak Reference
    _terminate_alloc                          - Undefined Weak Reference
    _terminate_user_alloc                     - Undefined Weak Reference
    _terminateio                              - Undefined Weak Reference
    __Vectors_Size                           0x000000ec   Number         0  startup_stm32f10x_md.o ABSOLUTE
    __Vectors                                0x08000000   Data           4  startup_stm32f10x_md.o(RESET)
    __Vectors_End                            0x080000ec   Data           0  startup_stm32f10x_md.o(RESET)
    __main                                   0x080000ed   Thumb Code     8  __main.o(!!!main)
    __scatterload                            0x080000f5   Thumb Code     0  __scatter.o(!!!scatter)
    __scatterload_rt2                        0x080000f5   Thumb Code    44  __scatter.o(!!!scatter)
    __scatterload_rt2_thumb_only             0x080000f5   Thumb Code     0  __scatter.o(!!!scatter)
    __scatterload_null                       0x08000103   Thumb Code     0  __scatter.o(!!!scatter)
    __scatterload_copy                       0x08000129   Thumb Code    26  __scatter_copy.o(!!handler_copy)
    __scatterload_zeroinit                   0x08000145   Thumb Code    28  __scatter_zi.o(!!handler_zi)
    __rt_lib_init                            0x08000161   Thumb Code     0  libinit.o(.ARM.Collect$$libinit$$00000000)
    __rt_lib_init_alloca_1                   0x08000163   Thumb Code     0  libinit2.o(.ARM.Collect$$libinit$$00000030)
    __rt_lib_init_argv_1                     0x08000163   Thumb Code     0  libinit2.o(.ARM.Collect$$libinit$$0000002E)
    __rt_lib_init_atexit_1                   0x08000163   Thumb Code     0  libinit2.o(.ARM.Collect$$libinit$$0000001D)
    __rt_lib_init_clock_1                    0x08000163   Thumb Code     0  libinit2.o(.ARM.Collect$$libinit$$00000023)
    __rt_lib_init_cpp_1                      0x08000163   Thumb Code     0  libinit2.o(.ARM.Collect$$libinit$$00000034)
    __rt_lib_init_exceptions_1               0x08000163   Thumb Code     0  libinit2.o(.ARM.Collect$$libinit$$00000032)
    __rt_lib_init_fp_1                       0x08000163   Thumb Code     0  libinit2.o(.ARM.Collect$$libinit$$00000002)
    __rt_lib_init_fp_trap_1                  0x08000163   Thumb Code     0  libinit2.o(.ARM.Collect$$libinit$$00000021)
    __rt_lib_init_getenv_1                   0x08000163   Thumb Code     0  libinit2.o(.ARM.Collect$$libinit$$00000025)
    __rt_lib_init_heap_1                     0x08000163   Thumb Code     0  libinit2.o(.ARM.Collect$$libinit$$0000000C)
    __rt_lib_init_lc_collate_1               0x08000163   Thumb Code     0  libinit2.o(.ARM.Collect$$libinit$$00000013)
    __rt_lib_init_lc_ctype_1                 0x08000163   Thumb Code     0  libinit2.o(.ARM.Collect$$libinit$$00000015)
    __rt_lib_init_lc_monetary_1              0x08000163   Thumb Code     0  libinit2.o(.ARM.Collect$$libinit$$00000017)
    __rt_lib_init_lc_numeric_1               0x08000163   Thumb Code     0  libinit2.o(.ARM.Collect$$libinit$$00000019)
    __rt_lib_init_lc_time_1                  0x08000163   Thumb Code     0  libinit2.o(.ARM.Collect$$libinit$$0000001B)
    __rt_lib_init_preinit_1                  0x08000163   Thumb Code     0  libinit2.o(.ARM.Collect$$libinit$$00000006)
    __rt_lib_init_rand_1                     0x08000163   Thumb Code     0  libinit2.o(.ARM.Collect$$libinit$$00000010)
    __rt_lib_init_relocate_pie_1             0x08000163   Thumb Code     0  libinit2.o(.ARM.Collect$$libinit$$00000004)
    __rt_lib_init_return                     0x08000163   Thumb Code     0  libinit2.o(.ARM.Collect$$libinit$$00000035)
    __rt_lib_init_signal_1                   0x08000163   Thumb Code     0  libinit2.o(.ARM.Collect$$libinit$$0000001F)
    __rt_lib_init_stdio_1                    0x08000163   Thumb Code     0  libinit2.o(.ARM.Collect$$libinit$$00000027)
    __rt_lib_init_user_alloc_1               0x08000163   Thumb Code     0  libinit2.o(.ARM.Collect$$libinit$$0000000E)
    __rt_lib_shutdown                        0x08000165   Thumb Code     0  libshutdown.o(.ARM.Collect$$libshutdown$$00000000)
    __rt_lib_shutdown_cpp_1                  0x08000167   Thumb Code     0  libshutdown2.o(.ARM.Collect$$libshutdown$$00000002)
    __rt_lib_shutdown_fp_trap_1              0x08000167   Thumb Code     0  libshutdown2.o(.ARM.Collect$$libshutdown$$00000007)
    __rt_lib_shutdown_heap_1                 0x08000167   Thumb Code     0  libshutdown2.o(.ARM.Collect$$libshutdown$$0000000F)
    __rt_lib_shutdown_return                 0x08000167   Thumb Code     0  libshutdown2.o(.ARM.Collect$$libshutdown$$00000010)
    __rt_lib_shutdown_signal_1               0x08000167   Thumb Code     0  libshutdown2.o(.ARM.Collect$$libshutdown$$0000000A)
    __rt_lib_shutdown_stdio_1                0x08000167   Thumb Code     0  libshutdown2.o(.ARM.Collect$$libshutdown$$00000004)
    __rt_lib_shutdown_user_alloc_1           0x08000167   Thumb Code     0  libshutdown2.o(.ARM.Collect$$libshutdown$$0000000C)
    __rt_entry                               0x08000169   Thumb Code     0  __rtentry.o(.ARM.Collect$$rtentry$$00000000)
    __rt_entry_presh_1                       0x08000169   Thumb Code     0  __rtentry2.o(.ARM.Collect$$rtentry$$00000002)
    __rt_entry_sh                            0x08000169   Thumb Code     0  __rtentry4.o(.ARM.Collect$$rtentry$$00000004)
    __rt_entry_li                            0x0800016f   Thumb Code     0  __rtentry2.o(.ARM.Collect$$rtentry$$0000000A)
    __rt_entry_postsh_1                      0x0800016f   Thumb Code     0  __rtentry2.o(.ARM.Collect$$rtentry$$00000009)
    __rt_entry_main                          0x08000173   Thumb Code     0  __rtentry2.o(.ARM.Collect$$rtentry$$0000000D)
    __rt_entry_postli_1                      0x08000173   Thumb Code     0  __rtentry2.o(.ARM.Collect$$rtentry$$0000000C)
    __rt_exit                                0x0800017b   Thumb Code     0  rtexit.o(.ARM.Collect$$rtexit$$00000000)
    __rt_exit_ls                             0x0800017d   Thumb Code     0  rtexit2.o(.ARM.Collect$$rtexit$$00000003)
    __rt_exit_prels_1                        0x0800017d   Thumb Code     0  rtexit2.o(.ARM.Collect$$rtexit$$00000002)
    __rt_exit_exit                           0x08000181   Thumb Code     0  rtexit2.o(.ARM.Collect$$rtexit$$00000004)
    Reset_Handler                            0x08000189   Thumb Code     8  startup_stm32f10x_md.o(.text)
    NMI_Handler                              0x08000191   Thumb Code     2  startup_stm32f10x_md.o(.text)
    HardFault_Handler                        0x08000193   Thumb Code     2  startup_stm32f10x_md.o(.text)
    MemManage_Handler                        0x08000195   Thumb Code     2  startup_stm32f10x_md.o(.text)
    BusFault_Handler                         0x08000197   Thumb Code     2  startup_stm32f10x_md.o(.text)
    UsageFault_Handler                       0x08000199   Thumb Code     2  startup_stm32f10x_md.o(.text)
    SVC_Handler                              0x0800019b   Thumb Code     2  startup_stm32f10x_md.o(.text)
    DebugMon_Handler                         0x0800019d   Thumb Code     2  startup_stm32f10x_md.o(.text)
    PendSV_Handler                           0x0800019f   Thumb Code     2  startup_stm32f10x_md.o(.text)
    ADC1_2_IRQHandler                        0x080001a3   Thumb Code     0  startup_stm32f10x_md.o(.text)
    CAN1_RX1_IRQHandler                      0x080001a3   Thumb Code     0  startup_stm32f10x_md.o(.text)
    CAN1_SCE_IRQHandler                      0x080001a3   Thumb Code     0  startup_stm32f10x_md.o(.text)
    DMA1_Channel1_IRQHandler                 0x080001a3   Thumb Code     0  startup_stm32f10x_md.o(.text)
    DMA1_Channel2_IRQHandler                 0x080001a3   Thumb Code     0  startup_stm32f10x_md.o(.text)
    DMA1_Channel3_IRQHandler                 0x080001a3   Thumb Code     0  startup_stm32f10x_md.o(.text)
    DMA1_Channel4_IRQHandler                 0x080001a3   Thumb Code     0  startup_stm32f10x_md.o(.text)
    DMA1_Channel5_IRQHandler                 0x080001a3   Thumb Code     0  startup_stm32f10x_md.o(.text)
    DMA1_Channel6_IRQHandler                 0x080001a3   Thumb Code     0  startup_stm32f10x_md.o(.text)
    DMA1_Channel7_IRQHandler                 0x080001a3   Thumb Code     0  startup_stm32f10x_md.o(.text)
    EXTI15_10_IRQHandler                     0x080001a3   Thumb Code     0  startup_stm32f10x_md.o(.text)
    EXTI1_IRQHandler                         0x080001a3   Thumb Code     0  startup_stm32f10x_md.o(.text)
    EXTI2_IRQHandler                         0x080001a3   Thumb Code     0  startup_stm32f10x_md.o(.text)
    EXTI3_IRQHandler                         0x080001a3   Thumb Code     0  startup_stm32f10x_md.o(.text)
    EXTI4_IRQHandler                         0x080001a3   Thumb Code     0  startup_stm32f10x_md.o(.text)
    EXTI9_5_IRQHandler                       0x080001a3   Thumb Code     0  startup_stm32f10x_md.o(.text)
    FLASH_IRQHandler                         0x080001a3   Thumb Code     0  startup_stm32f10x_md.o(.text)
    I2C1_ER_IRQHandler                       0x080001a3   Thumb Code     0  startup_stm32f10x_md.o(.text)
    I2C1_EV_IRQHandler                       0x080001a3   Thumb Code     0  startup_stm32f10x_md.o(.text)
    I2C2_ER_IRQHandler                       0x080001a3   Thumb Code     0  startup_stm32f10x_md.o(.text)
    I2C2_EV_IRQHandler                       0x080001a3   Thumb Code     0  startup_stm32f10x_md.o(.text)
    PVD_IRQHandler                           0x080001a3   Thumb Code     0  startup_stm32f10x_md.o(.text)
    RCC_IRQHandler                           0x080001a3   Thumb Code     0  startup_stm32f10x_md.o(.text)
    RTCAlarm_IRQHandler                      0x080001a3   Thumb Code     0  startup_stm32f10x_md.o(.text)
    RTC_IRQHandler                           0x080001a3   Thumb Code     0  startup_stm32f10x_md.o(.text)
    SPI1_IRQHandler                          0x080001a3   Thumb Code     0  startup_stm32f10x_md.o(.text)
    SPI2_IRQHandler                          0x080001a3   Thumb Code     0  startup_stm32f10x_md.o(.text)
    TAMPER_IRQHandler                        0x080001a3   Thumb Code     0  startup_stm32f10x_md.o(.text)
    TIM1_BRK_IRQHandler                      0x080001a3   Thumb Code     0  startup_stm32f10x_md.o(.text)
    TIM1_CC_IRQHandler                       0x080001a3   Thumb Code     0  startup_stm32f10x_md.o(.text)
    TIM1_TRG_COM_IRQHandler                  0x080001a3   Thumb Code     0  startup_stm32f10x_md.o(.text)
    TIM1_UP_IRQHandler                       0x080001a3   Thumb Code     0  startup_stm32f10x_md.o(.text)
    TIM2_IRQHandler                          0x080001a3   Thumb Code     0  startup_stm32f10x_md.o(.text)
    TIM3_IRQHandler                          0x080001a3   Thumb Code     0  startup_stm32f10x_md.o(.text)
    TIM4_IRQHandler                          0x080001a3   Thumb Code     0  startup_stm32f10x_md.o(.text)
    USART1_IRQHandler                        0x080001a3   Thumb Code     0  startup_stm32f10x_md.o(.text)
    USART2_IRQHandler                        0x080001a3   Thumb Code     0  startup_stm32f10x_md.o(.text)
    USART3_IRQHandler                        0x080001a3   Thumb Code     0  startup_stm32f10x_md.o(.text)
    USBWakeUp_IRQHandler                     0x080001a3   Thumb Code     0  startup_stm32f10x_md.o(.text)
    USB_HP_CAN1_TX_IRQHandler                0x080001a3   Thumb Code     0  startup_stm32f10x_md.o(.text)
    USB_LP_CAN1_RX0_IRQHandler               0x080001a3   Thumb Code     0  startup_stm32f10x_md.o(.text)
    WWDG_IRQHandler                          0x080001a3   Thumb Code     0  startup_stm32f10x_md.o(.text)
    __user_initial_stackheap                 0x080001a5   Thumb Code     0  startup_stm32f10x_md.o(.text)
    __use_two_region_memory                  0x080001c9   Thumb Code     2  heapauxi.o(.text)
    __rt_heap_escrow$2region                 0x080001cb   Thumb Code     2  heapauxi.o(.text)
    __rt_heap_expand$2region                 0x080001cd   Thumb Code     2  heapauxi.o(.text)
    __user_setup_stackheap                   0x080001cf   Thumb Code    74  sys_stackheap_outer.o(.text)
    exit                                     0x08000219   Thumb Code    18  exit.o(.text)
    __user_libspace                          0x0800022d   Thumb Code     8  libspace.o(.text)
    __user_perproc_libspace                  0x0800022d   Thumb Code     0  libspace.o(.text)
    __user_perthread_libspace                0x0800022d   Thumb Code     0  libspace.o(.text)
    _sys_exit                                0x08000235   Thumb Code     8  sys_exit.o(.text)
    __I$use$semihosting                      0x08000241   Thumb Code     0  use_no_semi.o(.text)
    __use_no_semihosting_swi                 0x08000241   Thumb Code     2  use_no_semi.o(.text)
    __semihosting_library_function           0x08000243   Thumb Code     0  indicate_semi.o(.text)
    EXTI0_IRQHandler                         0x08000245   Thumb Code   838  main.o(.text.EXTI0_IRQHandler)
    EXTI_CLR_PendingFLag                     0x0800058d   Thumb Code    48  exti_program.o(.text.EXTI_CLR_PendingFLag)
    EXTI_vInit                               0x080005bd   Thumb Code   362  exti_program.o(.text.EXTI_vInit)
    MCAL_AFIO_SetEXTIConfiguration           0x08000729   Thumb Code   152  afio_program.o(.text.MCAL_AFIO_SetEXTIConfiguration)
    MCAL_GPIO_GetPinValue                    0x080007c1   Thumb Code   212  gpio_program.o(.text.MCAL_GPIO_GetPinValue)
    MCAL_GPIO_SetPinMode                     0x08000895   Thumb Code   486  gpio_program.o(.text.MCAL_GPIO_SetPinMode)
    MCAL_GPIO_SetPinValue                    0x08000a7d   Thumb Code   364  gpio_program.o(.text.MCAL_GPIO_SetPinValue)
    MCAL_NVIC_ClearPendingIRQ                0x08000be9   Thumb Code   140  nvic_program.o(.text.MCAL_NVIC_ClearPendingIRQ)
    MCAL_NVIC_EnableIRQ                      0x08000c75   Thumb Code   148  nvic_program.o(.text.MCAL_NVIC_EnableIRQ)
    MCAL_STK_Init                            0x08000d09   Thumb Code    52  stk_program.o(.text.MCAL_STK_Init)
    MCAL_STK_Reset                           0x08000d3d   Thumb Code    48  stk_program.o(.text.MCAL_STK_Reset)
    MCAL_STK_SetDelay_ms                     0x08000d6d   Thumb Code   154  stk_program.o(.text.MCAL_STK_SetDelay_ms)
    Mcal_Rcc_EnablePeripheral                0x08000e09   Thumb Code   150  rcc_program.o(.text.Mcal_Rcc_EnablePeripheral)
    Mcal_Rcc_InitSysClock                    0x08000ea1   Thumb Code    84  rcc_program.o(.text.Mcal_Rcc_InitSysClock)
    SysTick_Handler                          0x08001021   Thumb Code     2  stk_program.o(.text.SysTick_Handler)
    SystemInit                               0x08001025   Thumb Code   102  system_stm32f10x.o(.text.SystemInit)
    main                                     0x0800108d   Thumb Code   298  main.o(.text.main)
    __aeabi_ddiv                             0x080011b9   Thumb Code     0  ddiv.o(x$fpl$ddiv)
    _ddiv                                    0x080011b9   Thumb Code   556  ddiv.o(x$fpl$ddiv)
    __aeabi_d2uiz                            0x0800146d   Thumb Code     0  dfixu.o(x$fpl$dfixu)
    _dfixu                                   0x0800146d   Thumb Code    90  dfixu.o(x$fpl$dfixu)
    __fpl_dnaninf                            0x080014c7   Thumb Code   156  dnaninf.o(x$fpl$dnaninf)
    __fpl_dretinf                            0x08001563   Thumb Code    12  dretinf.o(x$fpl$dretinf)
    __aeabi_f2d                              0x08001571   Thumb Code     0  f2d.o(x$fpl$f2d)
    _f2d                                     0x08001571   Thumb Code    86  f2d.o(x$fpl$f2d)
    __aeabi_fmul                             0x080015c9   Thumb Code     0  fmul.o(x$fpl$fmul)
    _fmul                                    0x080015c9   Thumb Code   258  fmul.o(x$fpl$fmul)
    __fpl_fnaninf                            0x080016cb   Thumb Code   140  fnaninf.o(x$fpl$fnaninf)
    __fpl_fretinf                            0x08001757   Thumb Code    10  fretinf.o(x$fpl$fretinf)
    Region$$Table$$Base                      0x08001760   Number         0  anon$$obj.o(Region$$Table)
    __I$use$fp                               0x08001760   Number         0  usenofp.o(x$fpl$usenofp)
    Region$$Table$$Limit                     0x08001780   Number         0  anon$$obj.o(Region$$Table)
    EXTI_Configurations                      0x20000000   Data          16  exti_program.o(.data.EXTI_Configurations)
    __libspace_start                         0x20000010   Data          96  libspace.o(.bss)
    __temporary_stack_top$libspace           0x20000070   Data           0  libspace.o(.bss)
    j                                        0x20000070   Data           1  main.o(.bss.j)



==============================================================================

Memory Map of the image

  Image Entry point : 0x08000189

  Load Region LR_1 (Base: 0x08000000, Size: 0x00001790, Max: 0xffffffff, ABSOLUTE)

    Execution Region ER_RO (Exec base: 0x08000000, Load base: 0x08000000, Size: 0x00001780, Max: 0xffffffff, ABSOLUTE)

    Exec Addr    Load Addr    Size         Type   Attr      Idx    E Section Name        Object

    0x08000000   0x08000000   0x000000ec   Data   RO          160    RESET               startup_stm32f10x_md.o
    0x080000ec   0x080000ec   0x00000008   Code   RO          188  * !!!main             c_w.l(__main.o)
    0x080000f4   0x080000f4   0x00000034   Code   RO          374    !!!scatter          c_w.l(__scatter.o)
    0x08000128   0x08000128   0x0000001a   Code   RO          376    !!handler_copy      c_w.l(__scatter_copy.o)
    0x08000142   0x08000142   0x00000002   PAD
    0x08000144   0x08000144   0x0000001c   Code   RO          378    !!handler_zi        c_w.l(__scatter_zi.o)
    0x08000160   0x08000160   0x00000002   Code   RO          236    .ARM.Collect$$libinit$$00000000  c_w.l(libinit.o)
    0x08000162   0x08000162   0x00000000   Code   RO          243    .ARM.Collect$$libinit$$00000002  c_w.l(libinit2.o)
    0x08000162   0x08000162   0x00000000   Code   RO          245    .ARM.Collect$$libinit$$00000004  c_w.l(libinit2.o)
    0x08000162   0x08000162   0x00000000   Code   RO          247    .ARM.Collect$$libinit$$00000006  c_w.l(libinit2.o)
    0x08000162   0x08000162   0x00000000   Code   RO          250    .ARM.Collect$$libinit$$0000000C  c_w.l(libinit2.o)
    0x08000162   0x08000162   0x00000000   Code   RO          252    .ARM.Collect$$libinit$$0000000E  c_w.l(libinit2.o)
    0x08000162   0x08000162   0x00000000   Code   RO          254    .ARM.Collect$$libinit$$00000010  c_w.l(libinit2.o)
    0x08000162   0x08000162   0x00000000   Code   RO          257    .ARM.Collect$$libinit$$00000013  c_w.l(libinit2.o)
    0x08000162   0x08000162   0x00000000   Code   RO          259    .ARM.Collect$$libinit$$00000015  c_w.l(libinit2.o)
    0x08000162   0x08000162   0x00000000   Code   RO          261    .ARM.Collect$$libinit$$00000017  c_w.l(libinit2.o)
    0x08000162   0x08000162   0x00000000   Code   RO          263    .ARM.Collect$$libinit$$00000019  c_w.l(libinit2.o)
    0x08000162   0x08000162   0x00000000   Code   RO          265    .ARM.Collect$$libinit$$0000001B  c_w.l(libinit2.o)
    0x08000162   0x08000162   0x00000000   Code   RO          267    .ARM.Collect$$libinit$$0000001D  c_w.l(libinit2.o)
    0x08000162   0x08000162   0x00000000   Code   RO          269    .ARM.Collect$$libinit$$0000001F  c_w.l(libinit2.o)
    0x08000162   0x08000162   0x00000000   Code   RO          271    .ARM.Collect$$libinit$$00000021  c_w.l(libinit2.o)
    0x08000162   0x08000162   0x00000000   Code   RO          273    .ARM.Collect$$libinit$$00000023  c_w.l(libinit2.o)
    0x08000162   0x08000162   0x00000000   Code   RO          275    .ARM.Collect$$libinit$$00000025  c_w.l(libinit2.o)
    0x08000162   0x08000162   0x00000000   Code   RO          277    .ARM.Collect$$libinit$$00000027  c_w.l(libinit2.o)
    0x08000162   0x08000162   0x00000000   Code   RO          281    .ARM.Collect$$libinit$$0000002E  c_w.l(libinit2.o)
    0x08000162   0x08000162   0x00000000   Code   RO          283    .ARM.Collect$$libinit$$00000030  c_w.l(libinit2.o)
    0x08000162   0x08000162   0x00000000   Code   RO          285    .ARM.Collect$$libinit$$00000032  c_w.l(libinit2.o)
    0x08000162   0x08000162   0x00000000   Code   RO          287    .ARM.Collect$$libinit$$00000034  c_w.l(libinit2.o)
    0x08000162   0x08000162   0x00000002   Code   RO          288    .ARM.Collect$$libinit$$00000035  c_w.l(libinit2.o)
    0x08000164   0x08000164   0x00000002   Code   RO          310    .ARM.Collect$$libshutdown$$00000000  c_w.l(libshutdown.o)
    0x08000166   0x08000166   0x00000000   Code   RO          325    .ARM.Collect$$libshutdown$$00000002  c_w.l(libshutdown2.o)
    0x08000166   0x08000166   0x00000000   Code   RO          327    .ARM.Collect$$libshutdown$$00000004  c_w.l(libshutdown2.o)
    0x08000166   0x08000166   0x00000000   Code   RO          330    .ARM.Collect$$libshutdown$$00000007  c_w.l(libshutdown2.o)
    0x08000166   0x08000166   0x00000000   Code   RO          333    .ARM.Collect$$libshutdown$$0000000A  c_w.l(libshutdown2.o)
    0x08000166   0x08000166   0x00000000   Code   RO          335    .ARM.Collect$$libshutdown$$0000000C  c_w.l(libshutdown2.o)
    0x08000166   0x08000166   0x00000000   Code   RO          338    .ARM.Collect$$libshutdown$$0000000F  c_w.l(libshutdown2.o)
    0x08000166   0x08000166   0x00000002   Code   RO          339    .ARM.Collect$$libshutdown$$00000010  c_w.l(libshutdown2.o)
    0x08000168   0x08000168   0x00000000   Code   RO          202    .ARM.Collect$$rtentry$$00000000  c_w.l(__rtentry.o)
    0x08000168   0x08000168   0x00000000   Code   RO          213    .ARM.Collect$$rtentry$$00000002  c_w.l(__rtentry2.o)
    0x08000168   0x08000168   0x00000006   Code   RO          225    .ARM.Collect$$rtentry$$00000004  c_w.l(__rtentry4.o)
    0x0800016e   0x0800016e   0x00000000   Code   RO          215    .ARM.Collect$$rtentry$$00000009  c_w.l(__rtentry2.o)
    0x0800016e   0x0800016e   0x00000004   Code   RO          216    .ARM.Collect$$rtentry$$0000000A  c_w.l(__rtentry2.o)
    0x08000172   0x08000172   0x00000000   Code   RO          218    .ARM.Collect$$rtentry$$0000000C  c_w.l(__rtentry2.o)
    0x08000172   0x08000172   0x00000008   Code   RO          219    .ARM.Collect$$rtentry$$0000000D  c_w.l(__rtentry2.o)
    0x0800017a   0x0800017a   0x00000002   Code   RO          240    .ARM.Collect$$rtexit$$00000000  c_w.l(rtexit.o)
    0x0800017c   0x0800017c   0x00000000   Code   RO          290    .ARM.Collect$$rtexit$$00000002  c_w.l(rtexit2.o)
    0x0800017c   0x0800017c   0x00000004   Code   RO          291    .ARM.Collect$$rtexit$$00000003  c_w.l(rtexit2.o)
    0x08000180   0x08000180   0x00000006   Code   RO          292    .ARM.Collect$$rtexit$$00000004  c_w.l(rtexit2.o)
    0x08000186   0x08000186   0x00000002   PAD
    0x08000188   0x08000188   0x00000040   Code   RO          161  * .text               startup_stm32f10x_md.o
    0x080001c8   0x080001c8   0x00000006   Code   RO          186    .text               c_w.l(heapauxi.o)
    0x080001ce   0x080001ce   0x0000004a   Code   RO          227    .text               c_w.l(sys_stackheap_outer.o)
    0x08000218   0x08000218   0x00000012   Code   RO          229    .text               c_w.l(exit.o)
    0x0800022a   0x0800022a   0x00000002   PAD
    0x0800022c   0x0800022c   0x00000008   Code   RO          237    .text               c_w.l(libspace.o)
    0x08000234   0x08000234   0x0000000c   Code   RO          300    .text               c_w.l(sys_exit.o)
    0x08000240   0x08000240   0x00000002   Code   RO          315    .text               c_w.l(use_no_semi.o)
    0x08000242   0x08000242   0x00000000   Code   RO          317    .text               c_w.l(indicate_semi.o)
    0x08000242   0x08000242   0x00000002   PAD
    0x08000244   0x08000244   0x00000346   Code   RO            4    .text.EXTI0_IRQHandler  main.o
    0x0800058a   0x0800058a   0x00000002   PAD
    0x0800058c   0x0800058c   0x00000030   Code   RO           69    .text.EXTI_CLR_PendingFLag  exti_program.o
    0x080005bc   0x080005bc   0x0000016a   Code   RO           59    .text.EXTI_vInit    exti_program.o
    0x08000726   0x08000726   0x00000002   PAD
    0x08000728   0x08000728   0x00000098   Code   RO          135    .text.MCAL_AFIO_SetEXTIConfiguration  afio_program.o
    0x080007c0   0x080007c0   0x000000d4   Code   RO          148    .text.MCAL_GPIO_GetPinValue  gpio_program.o
    0x08000894   0x08000894   0x000001e6   Code   RO          144    .text.MCAL_GPIO_SetPinMode  gpio_program.o
    0x08000a7a   0x08000a7a   0x00000002   PAD
    0x08000a7c   0x08000a7c   0x0000016c   Code   RO          146    .text.MCAL_GPIO_SetPinValue  gpio_program.o
    0x08000be8   0x08000be8   0x0000008c   Code   RO           85    .text.MCAL_NVIC_ClearPendingIRQ  nvic_program.o
    0x08000c74   0x08000c74   0x00000094   Code   RO           79    .text.MCAL_NVIC_EnableIRQ  nvic_program.o
    0x08000d08   0x08000d08   0x00000034   Code   RO           29    .text.MCAL_STK_Init  stk_program.o
    0x08000d3c   0x08000d3c   0x00000030   Code   RO           35    .text.MCAL_STK_Reset  stk_program.o
    0x08000d6c   0x08000d6c   0x0000009a   Code   RO           43    .text.MCAL_STK_SetDelay_ms  stk_program.o
    0x08000e06   0x08000e06   0x00000002   PAD
    0x08000e08   0x08000e08   0x00000096   Code   RO           18    .text.Mcal_Rcc_EnablePeripheral  rcc_program.o
    0x08000e9e   0x08000e9e   0x00000002   PAD
    0x08000ea0   0x08000ea0   0x00000054   Code   RO           16    .text.Mcal_Rcc_InitSysClock  rcc_program.o
    0x08000ef4   0x08000ef4   0x00000008   Code   RO          170    .text.SetSysClock   system_stm32f10x.o
    0x08000efc   0x08000efc   0x00000122   Code   RO          174    .text.SetSysClockTo72  system_stm32f10x.o
    0x0800101e   0x0800101e   0x00000002   PAD
    0x08001020   0x08001020   0x00000002   Code   RO           49    .text.SysTick_Handler  stk_program.o
    0x08001022   0x08001022   0x00000002   PAD
    0x08001024   0x08001024   0x00000066   Code   RO          168    .text.SystemInit    system_stm32f10x.o
    0x0800108a   0x0800108a   0x00000002   PAD
    0x0800108c   0x0800108c   0x0000012a   Code   RO            2    .text.main          main.o
    0x080011b6   0x080011b6   0x00000002   PAD
    0x080011b8   0x080011b8   0x000002b4   Code   RO          191    x$fpl$ddiv          fz_ws.l(ddiv.o)
    0x0800146c   0x0800146c   0x0000005a   Code   RO          194    x$fpl$dfixu         fz_ws.l(dfixu.o)
    0x080014c6   0x080014c6   0x0000009c   Code   RO          203    x$fpl$dnaninf       fz_ws.l(dnaninf.o)
    0x08001562   0x08001562   0x0000000c   Code   RO          205    x$fpl$dretinf       fz_ws.l(dretinf.o)
    0x0800156e   0x0800156e   0x00000002   PAD
    0x08001570   0x08001570   0x00000056   Code   RO          198    x$fpl$f2d           fz_ws.l(f2d.o)
    0x080015c6   0x080015c6   0x00000002   PAD
    0x080015c8   0x080015c8   0x00000102   Code   RO          200    x$fpl$fmul          fz_ws.l(fmul.o)
    0x080016ca   0x080016ca   0x0000008c   Code   RO          207    x$fpl$fnaninf       fz_ws.l(fnaninf.o)
    0x08001756   0x08001756   0x0000000a   Code   RO          209    x$fpl$fretinf       fz_ws.l(fretinf.o)
    0x08001760   0x08001760   0x00000000   Code   RO          211    x$fpl$usenofp       fz_ws.l(usenofp.o)
    0x08001760   0x08001760   0x00000020   Data   RO          373    Region$$Table       anon$$obj.o


    Execution Region ER_RW (Exec base: 0x20000000, Load base: 0x08001780, Size: 0x00000010, Max: 0xffffffff, ABSOLUTE)

    Exec Addr    Load Addr    Size         Type   Attr      Idx    E Section Name        Object

    0x20000000   0x08001780   0x00000010   Data   RW           71    .data.EXTI_Configurations  exti_program.o


    Execution Region ER_ZI (Exec base: 0x20000010, Load base: 0x08001790, Size: 0x00000668, Max: 0xffffffff, ABSOLUTE)

    Exec Addr    Load Addr    Size         Type   Attr      Idx    E Section Name        Object

    0x20000010        -       0x00000060   Zero   RW          238    .bss                c_w.l(libspace.o)
    0x20000070        -       0x00000001   Zero   RW            6    .bss.j              main.o
    0x20000071   0x08001790   0x00000007   PAD
    0x20000078        -       0x00000200   Zero   RW          159    HEAP                startup_stm32f10x_md.o
    0x20000278        -       0x00000400   Zero   RW          158    STACK               startup_stm32f10x_md.o


==============================================================================

Image component sizes


      Code (inc. data)   RO Data    RW Data    ZI Data      Debug   Object Name

       152          0          0          0          0       1912   afio_program.o
       410          0          0         16          0       2264   exti_program.o
      1062          0          0          0          0       1945   gpio_program.o
      1136          0          0          0          1       1605   main.o
       288          0          0          0          0       3083   nvic_program.o
       234          0          0          0          0       1102   rcc_program.o
        64         26        236          0       1536        872   startup_stm32f10x_md.o
       256          0          0          0          0       2360   stk_program.o
       400          0          0          0          0       2901   system_stm32f10x.o

    ----------------------------------------------------------------------
      4020         26        268         16       1544      18044   Object Totals
         0          0         32          0          0          0   (incl. Generated)
        18          0          0          0          7          0   (incl. Padding)

    ----------------------------------------------------------------------

      Code (inc. data)   RO Data    RW Data    ZI Data      Debug   Library Member Name

         8          0          0          0          0         68   __main.o
         0          0          0          0          0          0   __rtentry.o
        12          0          0          0          0          0   __rtentry2.o
         6          0          0          0          0          0   __rtentry4.o
        52          8          0          0          0          0   __scatter.o
        26          0          0          0          0          0   __scatter_copy.o
        28          0          0          0          0          0   __scatter_zi.o
        18          0          0          0          0         80   exit.o
         6          0          0          0          0        152   heapauxi.o
         0          0          0          0          0          0   indicate_semi.o
         2          0          0          0          0          0   libinit.o
         2          0          0          0          0          0   libinit2.o
         2          0          0          0          0          0   libshutdown.o
         2          0          0          0          0          0   libshutdown2.o
         8          4          0          0         96         68   libspace.o
         2          0          0          0          0          0   rtexit.o
        10          0          0          0          0          0   rtexit2.o
        12          4          0          0          0         68   sys_exit.o
        74          0          0          0          0         80   sys_stackheap_outer.o
         2          0          0          0          0         68   use_no_semi.o
       692        140          0          0          0        216   ddiv.o
        90          4          0          0          0         92   dfixu.o
       156          4          0          0          0         92   dnaninf.o
        12          0          0          0          0         68   dretinf.o
        86          4          0          0          0         84   f2d.o
       258          4          0          0          0         84   fmul.o
       140          4          0          0          0         84   fnaninf.o
        10          0          0          0          0         68   fretinf.o
         0          0          0          0          0          0   usenofp.o

    ----------------------------------------------------------------------
      1728        176          0          0         96       1372   Library Totals
        12          0          0          0          0          0   (incl. Padding)

    ----------------------------------------------------------------------

      Code (inc. data)   RO Data    RW Data    ZI Data      Debug   Library Name

       272         16          0          0         96        584   c_w.l
      1444        160          0          0          0        788   fz_ws.l

    ----------------------------------------------------------------------
      1728        176          0          0         96       1372   Library Totals

    ----------------------------------------------------------------------

==============================================================================


      Code (inc. data)   RO Data    RW Data    ZI Data      Debug   

      5748        202        268         16       1640      18752   Grand Totals
      5748        202        268         16       1640      18752   ELF Image Totals
      5748        202        268         16          0          0   ROM Totals

==============================================================================

    Total RO  Size (Code + RO Data)                 6016 (   5.88kB)
    Total RW  Size (RW Data + ZI Data)              1656 (   1.62kB)
    Total ROM Size (Code + RO Data + RW Data)       6032 (   5.89kB)

==============================================================================

